C:/Users/13410/Desktop/study/Summer Project Year 1/STEVAL_SPIN3201_example/Src/regular_conversion_manager.c:205:9:RCM_RegisterRegConv	16	static
C:/Users/13410/Desktop/study/Summer Project Year 1/STEVAL_SPIN3201_example/Src/regular_conversion_manager.c:168:9:RCM_RegisterRegConv_WithCB	16	static
C:/Users/13410/Desktop/study/Summer Project Year 1/STEVAL_SPIN3201_example/Src/regular_conversion_manager.c:295:10:RCM_ExecRegularConv	20	static
C:/Users/13410/Desktop/study/Summer Project Year 1/STEVAL_SPIN3201_example/Src/regular_conversion_manager.c:426:6:RCM_RequestUserConv	0	static
C:/Users/13410/Desktop/study/Summer Project Year 1/STEVAL_SPIN3201_example/Src/regular_conversion_manager.c:451:10:RCM_GetUserConv	0	static
C:/Users/13410/Desktop/study/Summer Project Year 1/STEVAL_SPIN3201_example/Src/regular_conversion_manager.c:473:6:RCM_ExecUserConv	16	static
C:/Users/13410/Desktop/study/Summer Project Year 1/STEVAL_SPIN3201_example/Src/regular_conversion_manager.c:513:21:RCM_GetUserConvState	0	static
C:/Users/13410/Desktop/study/Summer Project Year 1/STEVAL_SPIN3201_example/Src/regular_conversion_manager.c:535:6:RCM_PauseRegularConv	8	static
C:/Users/13410/Desktop/study/Summer Project Year 1/STEVAL_SPIN3201_example/Src/regular_conversion_manager.c:581:6:RCM_ExecNextConv	16	static
C:/Users/13410/Desktop/study/Summer Project Year 1/STEVAL_SPIN3201_example/Src/regular_conversion_manager.c:628:6:RCM_ReadOngoingConv	20	static
