C:/Users/13410/Desktop/study/Summer Project Year 1/STEVAL_SPIN3201_example/MCSDK_v6.1.2-Full/MotorControl/MCSDK/MCLib/Any/Src/pqd_motor_power_measurement.c:65:13:PQD_CalcElMotorPower	8	static
C:/Users/13410/Desktop/study/Summer Project Year 1/STEVAL_SPIN3201_example/MCSDK_v6.1.2-Full/MotorControl/MCSDK/MCLib/Any/Src/pqd_motor_power_measurement.c:97:13:PQD_Clear	0	static
C:/Users/13410/Desktop/study/Summer Project Year 1/STEVAL_SPIN3201_example/MCSDK_v6.1.2-Full/MotorControl/MCSDK/MCLib/Any/Src/pqd_motor_power_measurement.c:122:14:PQD_GetAvrgElMotorPowerW	16	static
