C:/Users/13410/Desktop/study/Summer Project Year 1/STEVAL_SPIN3201_example/MCSDK_v6.1.2-Full/MotorControl/MCSDK/MCLib/Any/Src/sto_pll_speed_pos_fdbk.c:114:13:STO_PLL_Return	0	static
C:/Users/13410/Desktop/study/Summer Project Year 1/STEVAL_SPIN3201_example/MCSDK_v6.1.2-Full/MotorControl/MCSDK/MCLib/Any/Src/sto_pll_speed_pos_fdbk.c:147:16:STO_PLL_CalcElAngle	96	static
C:/Users/13410/Desktop/study/Summer Project Year 1/STEVAL_SPIN3201_example/MCSDK_v6.1.2-Full/MotorControl/MCSDK/MCLib/Any/Src/sto_pll_speed_pos_fdbk.c:394:13:STO_PLL_CalcAvrgMecSpeedUnit	32	static
C:/Users/13410/Desktop/study/Summer Project Year 1/STEVAL_SPIN3201_example/MCSDK_v6.1.2-Full/MotorControl/MCSDK/MCLib/Any/Src/sto_pll_speed_pos_fdbk.c:553:13:STO_PLL_CalcAvrgElSpeedDpp	16	static
C:/Users/13410/Desktop/study/Summer Project Year 1/STEVAL_SPIN3201_example/MCSDK_v6.1.2-Full/MotorControl/MCSDK/MCLib/Any/Src/sto_pll_speed_pos_fdbk.c:619:13:STO_PLL_Clear	8	static
C:/Users/13410/Desktop/study/Summer Project Year 1/STEVAL_SPIN3201_example/MCSDK_v6.1.2-Full/MotorControl/MCSDK/MCLib/Any/Src/sto_pll_speed_pos_fdbk.c:63:13:STO_PLL_Init	16	static
C:/Users/13410/Desktop/study/Summer Project Year 1/STEVAL_SPIN3201_example/MCSDK_v6.1.2-Full/MotorControl/MCSDK/MCLib/Any/Src/sto_pll_speed_pos_fdbk.c:744:13:STO_PLL_IsObserverConverged	16	static
C:/Users/13410/Desktop/study/Summer Project Year 1/STEVAL_SPIN3201_example/MCSDK_v6.1.2-Full/MotorControl/MCSDK/MCLib/Any/Src/sto_pll_speed_pos_fdbk.c:849:20:STO_PLL_GetEstimatedBemf	8	static
C:/Users/13410/Desktop/study/Summer Project Year 1/STEVAL_SPIN3201_example/MCSDK_v6.1.2-Full/MotorControl/MCSDK/MCLib/Any/Src/sto_pll_speed_pos_fdbk.c:875:20:STO_PLL_GetEstimatedCurrent	8	static
C:/Users/13410/Desktop/study/Summer Project Year 1/STEVAL_SPIN3201_example/MCSDK_v6.1.2-Full/MotorControl/MCSDK/MCLib/Any/Src/sto_pll_speed_pos_fdbk.c:910:13:STO_PLL_GetObserverGains	8	static
C:/Users/13410/Desktop/study/Summer Project Year 1/STEVAL_SPIN3201_example/MCSDK_v6.1.2-Full/MotorControl/MCSDK/MCLib/Any/Src/sto_pll_speed_pos_fdbk.c:931:13:STO_PLL_SetObserverGains	0	static
C:/Users/13410/Desktop/study/Summer Project Year 1/STEVAL_SPIN3201_example/MCSDK_v6.1.2-Full/MotorControl/MCSDK/MCLib/Any/Src/sto_pll_speed_pos_fdbk.c:952:13:STO_GetPLLGains	16	static
C:/Users/13410/Desktop/study/Summer Project Year 1/STEVAL_SPIN3201_example/MCSDK_v6.1.2-Full/MotorControl/MCSDK/MCLib/Any/Src/sto_pll_speed_pos_fdbk.c:974:13:STO_SetPLLGains	16	static
C:/Users/13410/Desktop/study/Summer Project Year 1/STEVAL_SPIN3201_example/MCSDK_v6.1.2-Full/MotorControl/MCSDK/MCLib/Any/Src/sto_pll_speed_pos_fdbk.c:1002:13:STO_PLL_SetMecAngle	0	static
C:/Users/13410/Desktop/study/Summer Project Year 1/STEVAL_SPIN3201_example/MCSDK_v6.1.2-Full/MotorControl/MCSDK/MCLib/Any/Src/sto_pll_speed_pos_fdbk.c:1021:13:STO_OTF_ResetPLL	8	static
C:/Users/13410/Desktop/study/Summer Project Year 1/STEVAL_SPIN3201_example/MCSDK_v6.1.2-Full/MotorControl/MCSDK/MCLib/Any/Src/sto_pll_speed_pos_fdbk.c:1050:13:STO_ResetPLL	8	static
C:/Users/13410/Desktop/study/Summer Project Year 1/STEVAL_SPIN3201_example/MCSDK_v6.1.2-Full/MotorControl/MCSDK/MCLib/Any/Src/sto_pll_speed_pos_fdbk.c:1073:13:STO_SetPLL	24	static
C:/Users/13410/Desktop/study/Summer Project Year 1/STEVAL_SPIN3201_example/MCSDK_v6.1.2-Full/MotorControl/MCSDK/MCLib/Any/Src/sto_pll_speed_pos_fdbk.c:1096:16:STO_PLL_GetEstimatedBemfLevel	0	static
C:/Users/13410/Desktop/study/Summer Project Year 1/STEVAL_SPIN3201_example/MCSDK_v6.1.2-Full/MotorControl/MCSDK/MCLib/Any/Src/sto_pll_speed_pos_fdbk.c:1110:16:STO_PLL_GetObservedBemfLevel	0	static
C:/Users/13410/Desktop/study/Summer Project Year 1/STEVAL_SPIN3201_example/MCSDK_v6.1.2-Full/MotorControl/MCSDK/MCLib/Any/Src/sto_pll_speed_pos_fdbk.c:1125:13:STO_PLL_BemfConsistencyCheckSwitch	0	static
C:/Users/13410/Desktop/study/Summer Project Year 1/STEVAL_SPIN3201_example/MCSDK_v6.1.2-Full/MotorControl/MCSDK/MCLib/Any/Src/sto_pll_speed_pos_fdbk.c:1147:13:STO_PLL_IsBemfConsistent	0	static
C:/Users/13410/Desktop/study/Summer Project Year 1/STEVAL_SPIN3201_example/MCSDK_v6.1.2-Full/MotorControl/MCSDK/MCLib/Any/Src/sto_pll_speed_pos_fdbk.c:1162:13:STO_PLL_IsVarianceTight	0	static
C:/Users/13410/Desktop/study/Summer Project Year 1/STEVAL_SPIN3201_example/MCSDK_v6.1.2-Full/MotorControl/MCSDK/MCLib/Any/Src/sto_pll_speed_pos_fdbk.c:1186:13:STO_PLL_ForceConvergency1	0	static
C:/Users/13410/Desktop/study/Summer Project Year 1/STEVAL_SPIN3201_example/MCSDK_v6.1.2-Full/MotorControl/MCSDK/MCLib/Any/Src/sto_pll_speed_pos_fdbk.c:1208:13:STO_PLL_ForceConvergency2	0	static
C:/Users/13410/Desktop/study/Summer Project Year 1/STEVAL_SPIN3201_example/MCSDK_v6.1.2-Full/MotorControl/MCSDK/MCLib/Any/Src/sto_pll_speed_pos_fdbk.c:1232:13:STO_SetMinStartUpValidSpeedUnit	0	static
C:/Users/13410/Desktop/study/Summer Project Year 1/STEVAL_SPIN3201_example/MCSDK_v6.1.2-Full/MotorControl/MCSDK/MCLib/Any/Src/sto_pll_speed_pos_fdbk.c:1251:13:STO_SetDirection	0	static
