Archive member included to satisfy reference by file (symbol)

c:/st/stm32cubeide_1.12.1/stm32cubeide/plugins/com.st.stm32cube.ide.mcu.externaltools.gnu-tools-for-stm32.10.3-2021.10.win32_1.0.200.202301161003/tools/bin/../lib/gcc/arm-none-eabi/10.3.1/../../../../arm-none-eabi/lib/thumb/v6-m/nofp\libc_nano.a(lib_a-errno.o)
                              ./Application/User/syscalls.o (__errno)
c:/st/stm32cubeide_1.12.1/stm32cubeide/plugins/com.st.stm32cube.ide.mcu.externaltools.gnu-tools-for-stm32.10.3-2021.10.win32_1.0.200.202301161003/tools/bin/../lib/gcc/arm-none-eabi/10.3.1/../../../../arm-none-eabi/lib/thumb/v6-m/nofp\libc_nano.a(lib_a-exit.o)
                              c:/st/stm32cubeide_1.12.1/stm32cubeide/plugins/com.st.stm32cube.ide.mcu.externaltools.gnu-tools-for-stm32.10.3-2021.10.win32_1.0.200.202301161003/tools/bin/../lib/gcc/arm-none-eabi/10.3.1/../../../../arm-none-eabi/lib/thumb/v6-m/nofp/crt0.o (exit)
c:/st/stm32cubeide_1.12.1/stm32cubeide/plugins/com.st.stm32cube.ide.mcu.externaltools.gnu-tools-for-stm32.10.3-2021.10.win32_1.0.200.202301161003/tools/bin/../lib/gcc/arm-none-eabi/10.3.1/../../../../arm-none-eabi/lib/thumb/v6-m/nofp\libc_nano.a(lib_a-impure.o)
                              c:/st/stm32cubeide_1.12.1/stm32cubeide/plugins/com.st.stm32cube.ide.mcu.externaltools.gnu-tools-for-stm32.10.3-2021.10.win32_1.0.200.202301161003/tools/bin/../lib/gcc/arm-none-eabi/10.3.1/../../../../arm-none-eabi/lib/thumb/v6-m/nofp\libc_nano.a(lib_a-exit.o) (_global_impure_ptr)
c:/st/stm32cubeide_1.12.1/stm32cubeide/plugins/com.st.stm32cube.ide.mcu.externaltools.gnu-tools-for-stm32.10.3-2021.10.win32_1.0.200.202301161003/tools/bin/../lib/gcc/arm-none-eabi/10.3.1/../../../../arm-none-eabi/lib/thumb/v6-m/nofp\libc_nano.a(lib_a-init.o)
                              c:/st/stm32cubeide_1.12.1/stm32cubeide/plugins/com.st.stm32cube.ide.mcu.externaltools.gnu-tools-for-stm32.10.3-2021.10.win32_1.0.200.202301161003/tools/bin/../lib/gcc/arm-none-eabi/10.3.1/../../../../arm-none-eabi/lib/thumb/v6-m/nofp/crt0.o (__libc_init_array)
c:/st/stm32cubeide_1.12.1/stm32cubeide/plugins/com.st.stm32cube.ide.mcu.externaltools.gnu-tools-for-stm32.10.3-2021.10.win32_1.0.200.202301161003/tools/bin/../lib/gcc/arm-none-eabi/10.3.1/../../../../arm-none-eabi/lib/thumb/v6-m/nofp\libc_nano.a(lib_a-memcpy-stub.o)
                              ./Application/User/mc_interface.o (memcpy)
c:/st/stm32cubeide_1.12.1/stm32cubeide/plugins/com.st.stm32cube.ide.mcu.externaltools.gnu-tools-for-stm32.10.3-2021.10.win32_1.0.200.202301161003/tools/bin/../lib/gcc/arm-none-eabi/10.3.1/../../../../arm-none-eabi/lib/thumb/v6-m/nofp\libc_nano.a(lib_a-memset.o)
                              c:/st/stm32cubeide_1.12.1/stm32cubeide/plugins/com.st.stm32cube.ide.mcu.externaltools.gnu-tools-for-stm32.10.3-2021.10.win32_1.0.200.202301161003/tools/bin/../lib/gcc/arm-none-eabi/10.3.1/../../../../arm-none-eabi/lib/thumb/v6-m/nofp/crt0.o (memset)
c:/st/stm32cubeide_1.12.1/stm32cubeide/plugins/com.st.stm32cube.ide.mcu.externaltools.gnu-tools-for-stm32.10.3-2021.10.win32_1.0.200.202301161003/tools/bin/../lib/gcc/arm-none-eabi/10.3.1/thumb/v6-m/nofp\libgcc.a(_udivsi3.o)
                              ./Application/User/motorcontrol.o (__aeabi_uidiv)
c:/st/stm32cubeide_1.12.1/stm32cubeide/plugins/com.st.stm32cube.ide.mcu.externaltools.gnu-tools-for-stm32.10.3-2021.10.win32_1.0.200.202301161003/tools/bin/../lib/gcc/arm-none-eabi/10.3.1/thumb/v6-m/nofp\libgcc.a(_divsi3.o)
                              ./Application/User/mc_math.o (__aeabi_idiv)
c:/st/stm32cubeide_1.12.1/stm32cubeide/plugins/com.st.stm32cube.ide.mcu.externaltools.gnu-tools-for-stm32.10.3-2021.10.win32_1.0.200.202301161003/tools/bin/../lib/gcc/arm-none-eabi/10.3.1/thumb/v6-m/nofp\libgcc.a(_dvmd_tls.o)
                              c:/st/stm32cubeide_1.12.1/stm32cubeide/plugins/com.st.stm32cube.ide.mcu.externaltools.gnu-tools-for-stm32.10.3-2021.10.win32_1.0.200.202301161003/tools/bin/../lib/gcc/arm-none-eabi/10.3.1/thumb/v6-m/nofp\libgcc.a(_udivsi3.o) (__aeabi_idiv0)
c:/st/stm32cubeide_1.12.1/stm32cubeide/plugins/com.st.stm32cube.ide.mcu.externaltools.gnu-tools-for-stm32.10.3-2021.10.win32_1.0.200.202301161003/tools/bin/../lib/gcc/arm-none-eabi/10.3.1/thumb/v6-m/nofp\libgcc.a(_muldi3.o)
                              ./Middlewares/MotorControl/sto_pll_speed_pos_fdbk.o (__aeabi_lmul)
c:/st/stm32cubeide_1.12.1/stm32cubeide/plugins/com.st.stm32cube.ide.mcu.externaltools.gnu-tools-for-stm32.10.3-2021.10.win32_1.0.200.202301161003/tools/bin/../lib/gcc/arm-none-eabi/10.3.1/thumb/v6-m/nofp\libgcc.a(mulsf3.o)
                              ./Application/User/mc_interface.o (__aeabi_fmul)
c:/st/stm32cubeide_1.12.1/stm32cubeide/plugins/com.st.stm32cube.ide.mcu.externaltools.gnu-tools-for-stm32.10.3-2021.10.win32_1.0.200.202301161003/tools/bin/../lib/gcc/arm-none-eabi/10.3.1/thumb/v6-m/nofp\libgcc.a(fixsfsi.o)
                              ./Application/User/mc_interface.o (__aeabi_f2iz)
[...]
Memory Configuration

Name             Origin             Length             Attributes
RAM              0x0000000020000000 0x0000000000001000 xrw
FLASH            0x0000000008000000 0x0000000000008000 xr
*default*        0x0000000000000000 0xffffffffffffffff

Linker script and memory map

LOAD c:/st/stm32cubeide_1.12.1/stm32cubeide/plugins/com.st.stm32cube.ide.mcu.externaltools.gnu-tools-for-stm32.10.3-2021.10.win32_1.0.200.202301161003/tools/bin/../lib/gcc/arm-none-eabi/10.3.1/thumb/v6-m/nofp/crti.o
LOAD c:/st/stm32cubeide_1.12.1/stm32cubeide/plugins/com.st.stm32cube.ide.mcu.externaltools.gnu-tools-for-stm32.10.3-2021.10.win32_1.0.200.202301161003/tools/bin/../lib/gcc/arm-none-eabi/10.3.1/thumb/v6-m/nofp/crtbegin.o
LOAD c:/st/stm32cubeide_1.12.1/stm32cubeide/plugins/com.st.stm32cube.ide.mcu.externaltools.gnu-tools-for-stm32.10.3-2021.10.win32_1.0.200.202301161003/tools/bin/../lib/gcc/arm-none-eabi/10.3.1/../../../../arm-none-eabi/lib/thumb/v6-m/nofp/crt0.o
LOAD ./Application/Startup/startup_stm32f031c6tx.o
LOAD ./Application/User/aspep.o
LOAD ./Application/User/main.o
LOAD ./Application/User/mc_api.o
LOAD ./Application/User/mc_app_hooks.o
LOAD ./Application/User/mc_config.o
LOAD ./Application/User/mc_configuration_registers.o
LOAD ./Application/User/mc_interface.o
LOAD ./Application/User/mc_math.o
LOAD ./Application/User/mc_parameters.o
LOAD ./Application/User/mc_tasks.o
LOAD ./Application/User/mcp_config.o
LOAD ./Application/User/motorcontrol.o
LOAD ./Application/User/pwm_curr_fdbk.o
LOAD ./Application/User/register_interface.o
LOAD ./Application/User/regular_conversion_manager.o
LOAD ./Application/User/stm32f0xx_hal_msp.o
LOAD ./Application/User/stm32f0xx_it.o
LOAD ./Application/User/stm32f0xx_mc_it.o
LOAD ./Application/User/syscalls.o
LOAD ./Application/User/sysmem.o
LOAD ./Application/User/usart_aspep_driver.o
LOAD ./Drivers/CMSIS/system_stm32f0xx.o
LOAD ./Drivers/STM32F0xx_HAL_Driver/stm32f0xx_hal.o
LOAD ./Drivers/STM32F0xx_HAL_Driver/stm32f0xx_hal_cortex.o
LOAD ./Drivers/STM32F0xx_HAL_Driver/stm32f0xx_hal_dma.o
LOAD ./Drivers/STM32F0xx_HAL_Driver/stm32f0xx_hal_exti.o
LOAD ./Drivers/STM32F0xx_HAL_Driver/stm32f0xx_hal_flash.o
LOAD ./Drivers/STM32F0xx_HAL_Driver/stm32f0xx_hal_flash_ex.o
LOAD ./Drivers/STM32F0xx_HAL_Driver/stm32f0xx_hal_gpio.o
LOAD ./Drivers/STM32F0xx_HAL_Driver/stm32f0xx_hal_i2c.o
LOAD ./Drivers/STM32F0xx_HAL_Driver/stm32f0xx_hal_i2c_ex.o
LOAD ./Drivers/STM32F0xx_HAL_Driver/stm32f0xx_hal_pwr.o
LOAD ./Drivers/STM32F0xx_HAL_Driver/stm32f0xx_hal_pwr_ex.o
LOAD ./Drivers/STM32F0xx_HAL_Driver/stm32f0xx_hal_rcc.o
LOAD ./Drivers/STM32F0xx_HAL_Driver/stm32f0xx_hal_rcc_ex.o
LOAD ./Drivers/STM32F0xx_HAL_Driver/stm32f0xx_hal_tim.o
LOAD ./Drivers/STM32F0xx_HAL_Driver/stm32f0xx_hal_tim_ex.o
LOAD ./Drivers/STM32F0xx_HAL_Driver/stm32f0xx_ll_adc.o
LOAD ./Drivers/STM32F0xx_HAL_Driver/stm32f0xx_ll_dma.o
LOAD ./Drivers/STM32F0xx_HAL_Driver/stm32f0xx_ll_exti.o
LOAD ./Drivers/STM32F0xx_HAL_Driver/stm32f0xx_ll_gpio.o
LOAD ./Drivers/STM32F0xx_HAL_Driver/stm32f0xx_ll_rcc.o
LOAD ./Drivers/STM32F0xx_HAL_Driver/stm32f0xx_ll_tim.o
LOAD ./Drivers/STM32F0xx_HAL_Driver/stm32f0xx_ll_usart.o
LOAD ./Drivers/STM32F0xx_HAL_Driver/stm32f0xx_ll_utils.o
LOAD ./Middlewares/MotorControl/bus_voltage_sensor.o
LOAD ./Middlewares/MotorControl/circle_limitation.o
LOAD ./Middlewares/MotorControl/digital_output.o
LOAD ./Middlewares/MotorControl/mcp.o
LOAD ./Middlewares/MotorControl/ntc_temperature_sensor.o
LOAD ./Middlewares/MotorControl/open_loop.o
LOAD ./Middlewares/MotorControl/pid_regulator.o
LOAD ./Middlewares/MotorControl/pqd_motor_power_measurement.o
LOAD ./Middlewares/MotorControl/pwm_common.o
LOAD ./Middlewares/MotorControl/r3_f0xx_pwm_curr_fdbk.o
LOAD ./Middlewares/MotorControl/r_divider_bus_voltage_sensor.o
LOAD ./Middlewares/MotorControl/ramp_ext_mngr.o
LOAD ./Middlewares/MotorControl/revup_ctrl.o
LOAD ./Middlewares/MotorControl/speed_pos_fdbk.o
LOAD ./Middlewares/MotorControl/speed_torq_ctrl.o
LOAD ./Middlewares/MotorControl/sto_pll_speed_pos_fdbk.o
LOAD ./Middlewares/MotorControl/virtual_speed_sensor.o
START GROUP
LOAD c:/st/stm32cubeide_1.12.1/stm32cubeide/plugins/com.st.stm32cube.ide.mcu.externaltools.gnu-tools-for-stm32.10.3-2021.10.win32_1.0.200.202301161003/tools/bin/../lib/gcc/arm-none-eabi/10.3.1/../../../../arm-none-eabi/lib/thumb/v6-m/nofp\libc_nano.a
LOAD c:/st/stm32cubeide_1.12.1/stm32cubeide/plugins/com.st.stm32cube.ide.mcu.externaltools.gnu-tools-for-stm32.10.3-2021.10.win32_1.0.200.202301161003/tools/bin/../lib/gcc/arm-none-eabi/10.3.1/../../../../arm-none-eabi/lib/thumb/v6-m/nofp\libm.a
END GROUP
START GROUP
LOAD c:/st/stm32cubeide_1.12.1/stm32cubeide/plugins/com.st.stm32cube.ide.mcu.externaltools.gnu-tools-for-stm32.10.3-2021.10.win32_1.0.200.202301161003/tools/bin/../lib/gcc/arm-none-eabi/10.3.1/thumb/v6-m/nofp\libgcc.a
LOAD c:/st/stm32cubeide_1.12.1/stm32cubeide/plugins/com.st.stm32cube.ide.mcu.externaltools.gnu-tools-for-stm32.10.3-2021.10.win32_1.0.200.202301161003/tools/bin/../lib/gcc/arm-none-eabi/10.3.1/../../../../arm-none-eabi/lib/thumb/v6-m/nofp\libc_nano.a
END GROUP
START GROUP
LOAD c:/st/stm32cubeide_1.12.1/stm32cubeide/plugins/com.st.stm32cube.ide.mcu.externaltools.gnu-tools-for-stm32.10.3-2021.10.win32_1.0.200.202301161003/tools/bin/../lib/gcc/arm-none-eabi/10.3.1/thumb/v6-m/nofp\libgcc.a
LOAD c:/st/stm32cubeide_1.12.1/stm32cubeide/plugins/com.st.stm32cube.ide.mcu.externaltools.gnu-tools-for-stm32.10.3-2021.10.win32_1.0.200.202301161003/tools/bin/../lib/gcc/arm-none-eabi/10.3.1/../../../../arm-none-eabi/lib/thumb/v6-m/nofp\libc_nano.a
LOAD c:/st/stm32cubeide_1.12.1/stm32cubeide/plugins/com.st.stm32cube.ide.mcu.externaltools.gnu-tools-for-stm32.10.3-2021.10.win32_1.0.200.202301161003/tools/bin/../lib/gcc/arm-none-eabi/10.3.1/../../../../arm-none-eabi/lib/thumb/v6-m/nofp\libnosys.a
END GROUP
START GROUP
LOAD c:/st/stm32cubeide_1.12.1/stm32cubeide/plugins/com.st.stm32cube.ide.mcu.externaltools.gnu-tools-for-stm32.10.3-2021.10.win32_1.0.200.202301161003/tools/bin/../lib/gcc/arm-none-eabi/10.3.1/thumb/v6-m/nofp\libgcc.a
LOAD c:/st/stm32cubeide_1.12.1/stm32cubeide/plugins/com.st.stm32cube.ide.mcu.externaltools.gnu-tools-for-stm32.10.3-2021.10.win32_1.0.200.202301161003/tools/bin/../lib/gcc/arm-none-eabi/10.3.1/../../../../arm-none-eabi/lib/thumb/v6-m/nofp\libc_nano.a
LOAD c:/st/stm32cubeide_1.12.1/stm32cubeide/plugins/com.st.stm32cube.ide.mcu.externaltools.gnu-tools-for-stm32.10.3-2021.10.win32_1.0.200.202301161003/tools/bin/../lib/gcc/arm-none-eabi/10.3.1/../../../../arm-none-eabi/lib/thumb/v6-m/nofp\libnosys.a
END GROUP
LOAD c:/st/stm32cubeide_1.12.1/stm32cubeide/plugins/com.st.stm32cube.ide.mcu.externaltools.gnu-tools-for-stm32.10.3-2021.10.win32_1.0.200.202301161003/tools/bin/../lib/gcc/arm-none-eabi/10.3.1/thumb/v6-m/nofp/crtend.o
LOAD c:/st/stm32cubeide_1.12.1/stm32cubeide/plugins/com.st.stm32cube.ide.mcu.externaltools.gnu-tools-for-stm32.10.3-2021.10.win32_1.0.200.202301161003/tools/bin/../lib/gcc/arm-none-eabi/10.3.1/thumb/v6-m/nofp/crtn.o
                0x0000000020001000                _estack = (ORIGIN (RAM) + LENGTH (RAM))
                0x0000000000000080                _Min_Heap_Size = 0x80
                0x0000000000000400                _Min_Stack_Size = 0x400

.isr_vector     0x0000000008000000       0xc0
                0x0000000008000000                . = ALIGN (0x4)
 *(.isr_vector)
 .isr_vector    0x0000000008000000       0xc0 ./Application/Startup/startup_stm32f031c6tx.o
                0x0000000008000000                g_pfnVectors
                0x00000000080000c0                . = ALIGN (0x4)

.text           0x00000000080000c0     0x5f20
                0x00000000080000c0                . = ALIGN (0x4)
 *(.text)
 .text          0x00000000080000c0       0x48 c:/st/stm32cubeide_1.12.1/stm32cubeide/plugins/com.st.stm32cube.ide.mcu.externaltools.gnu-tools-for-stm32.10.3-2021.10.win32_1.0.200.202301161003/tools/bin/../lib/gcc/arm-none-eabi/10.3.1/thumb/v6-m/nofp/crtbegin.o
 .text          0x0000000008000108      0x114 c:/st/stm32cubeide_1.12.1/stm32cubeide/plugins/com.st.stm32cube.ide.mcu.externaltools.gnu-tools-for-stm32.10.3-2021.10.win32_1.0.200.202301161003/tools/bin/../lib/gcc/arm-none-eabi/10.3.1/thumb/v6-m/nofp\libgcc.a(_udivsi3.o)
                0x0000000008000108                __aeabi_uidiv
                0x0000000008000108                __udivsi3
                0x0000000008000214                __aeabi_uidivmod
 .text          0x000000000800021c      0x1d4 c:/st/stm32cubeide_1.12.1/stm32cubeide/plugins/com.st.stm32cube.ide.mcu.externaltools.gnu-tools-for-stm32.10.3-2021.10.win32_1.0.200.202301161003/tools/bin/../lib/gcc/arm-none-eabi/10.3.1/thumb/v6-m/nofp\libgcc.a(_divsi3.o)
                0x000000000800021c                __divsi3
                0x000000000800021c                __aeabi_idiv
                0x00000000080003e8                __aeabi_idivmod
 .text          0x00000000080003f0        0x4 c:/st/stm32cubeide_1.12.1/stm32cubeide/plugins/com.st.stm32cube.ide.mcu.externaltools.gnu-tools-for-stm32.10.3-2021.10.win32_1.0.200.202301161003/tools/bin/../lib/gcc/arm-none-eabi/10.3.1/thumb/v6-m/nofp\libgcc.a(_dvmd_tls.o)
                0x00000000080003f0                __aeabi_idiv0
                0x00000000080003f0                __aeabi_ldiv0
 .text          0x00000000080003f4       0x5c c:/st/stm32cubeide_1.12.1/stm32cubeide/plugins/com.st.stm32cube.ide.mcu.externaltools.gnu-tools-for-stm32.10.3-2021.10.win32_1.0.200.202301161003/tools/bin/../lib/gcc/arm-none-eabi/10.3.1/thumb/v6-m/nofp\libgcc.a(_muldi3.o)
                0x00000000080003f4                __muldi3
                0x00000000080003f4                __aeabi_lmul
 .text          0x0000000008000450      0x24c c:/st/stm32cubeide_1.12.1/stm32cubeide/plugins/com.st.stm32cube.ide.mcu.externaltools.gnu-tools-for-stm32.10.3-2021.10.win32_1.0.200.202301161003/tools/bin/../lib/gcc/arm-none-eabi/10.3.1/thumb/v6-m/nofp\libgcc.a(mulsf3.o)
                0x0000000008000450                __aeabi_fmul
 .text          0x000000000800069c       0x9c c:/st/stm32cubeide_1.12.1/stm32cubeide/plugins/com.st.stm32cube.ide.mcu.externaltools.gnu-tools-for-stm32.10.3-2021.10.win32_1.0.200.202301161003/tools/bin/../lib/gcc/arm-none-eabi/10.3.1/thumb/v6-m/nofp\libgcc.a(floatsisf.o)
                0x000000000800069c                __aeabi_i2f
 .text          0x0000000008000738       0x3c c:/st/stm32cubeide_1.12.1/stm32cubeide/plugins/com.st.stm32cube.ide.mcu.externaltools.gnu-tools-for-stm32.10.3-2021.10.win32_1.0.200.202301161003/tools/bin/../lib/gcc/arm-none-eabi/10.3.1/thumb/v6-m/nofp\libgcc.a(_clzsi2.o)
                0x0000000008000738                __clzsi2
 *(.text*)
 .text.Reset_Handler
                0x0000000008000774       0x50 ./Application/Startup/startup_stm32f031c6tx.o
                0x0000000008000774                Reset_Handler
 .text.Default_Handler
                0x00000000080007c4        0x2 ./Application/Startup/startup_stm32f031c6tx.o
                0x00000000080007c4                TIM1_CC_IRQHandler
                0x00000000080007c4                PVD_IRQHandler
                0x00000000080007c4                PendSV_Handler
                0x00000000080007c4                NMI_Handler
                0x00000000080007c4                I2C1_IRQHandler
                0x00000000080007c4                SPI1_IRQHandler
                0x00000000080007c4                EXTI2_3_IRQHandler
                0x00000000080007c4                ADC1_IRQHandler
                0x00000000080007c4                TIM17_IRQHandler
                0x00000000080007c4                RTC_IRQHandler
                0x00000000080007c4                TIM16_IRQHandler
                0x00000000080007c4                TIM3_IRQHandler
                0x00000000080007c4                EXTI4_15_IRQHandler
                0x00000000080007c4                RCC_IRQHandler
                0x00000000080007c4                Default_Handler
                0x00000000080007c4                TIM14_IRQHandler
                0x00000000080007c4                SVC_Handler
                0x00000000080007c4                WWDG_IRQHandler
                0x00000000080007c4                TIM2_IRQHandler
                0x00000000080007c4                FLASH_IRQHandler
 *fill*         0x00000000080007c6        0x2 
 .text.ASPEP_start
                0x00000000080007c8       0x24 ./Application/User/aspep.o
                0x00000000080007c8                ASPEP_start
 .text.ASPEP_sendBeacon
                0x00000000080007ec       0x88 ./Application/User/aspep.o
                0x00000000080007ec                ASPEP_sendBeacon
 .text.ASPEP_sendPing
                0x0000000008000874       0x94 ./Application/User/aspep.o
                0x0000000008000874                ASPEP_sendPing
 .text.ASPEP_getBuffer
                0x0000000008000908       0x24 ./Application/User/aspep.o
                0x0000000008000908                ASPEP_getBuffer
 .text.ASPEP_sendPacket
                0x000000000800092c       0xec ./Application/User/aspep.o
                0x000000000800092c                ASPEP_sendPacket
 .text.ASPEP_HWDataTransmittedIT
                0x0000000008000a18       0x5c ./Application/User/aspep.o
                0x0000000008000a18                ASPEP_HWDataTransmittedIT
 .text.ASPEP_RXframeProcess
                0x0000000008000a74      0x314 ./Application/User/aspep.o
                0x0000000008000a74                ASPEP_RXframeProcess
 .text.ASPEP_HWDataReceivedIT
                0x0000000008000d88       0x9c ./Application/User/aspep.o
                0x0000000008000d88                ASPEP_HWDataReceivedIT
 .text.ASPEP_HWDMAReset
                0x0000000008000e24       0x18 ./Application/User/aspep.o
                0x0000000008000e24                ASPEP_HWDMAReset
 .text.SystemClock_Config
                0x0000000008000e3c       0xdc ./Application/User/main.o
                0x0000000008000e3c                SystemClock_Config
 .text.startup.main
                0x0000000008000f18      0x744 ./Application/User/main.o
                0x0000000008000f18                main
 .text.MC_StartMotor1
                0x000000000800165c       0x10 ./Application/User/mc_api.o
                0x000000000800165c                MC_StartMotor1
 .text.MC_StopMotor1
                0x000000000800166c       0x10 ./Application/User/mc_api.o
                0x000000000800166c                MC_StopMotor1
 .text.MC_GetSTMStateMotor1
                0x000000000800167c       0x10 ./Application/User/mc_api.o
                0x000000000800167c                MC_GetSTMStateMotor1
 .text.MC_ProfilerCommand
                0x000000000800168c        0x4 ./Application/User/mc_api.o
                0x000000000800168c                MC_ProfilerCommand
 .text.MC_APP_BootHook
                0x0000000008001690        0x4 ./Application/User/mc_app_hooks.o
                0x0000000008001690                MC_APP_BootHook
 .text.MC_APP_PostMediumFrequencyHook_M1
                0x0000000008001694        0x4 ./Application/User/mc_app_hooks.o
                0x0000000008001694                MC_APP_PostMediumFrequencyHook_M1
 .text.MCI_Init
                0x0000000008001698       0x18 ./Application/User/mc_interface.o
                0x0000000008001698                MCI_Init
 .text.MCI_ExecSpeedRamp
                0x00000000080016b0       0x14 ./Application/User/mc_interface.o
                0x00000000080016b0                MCI_ExecSpeedRamp
 .text.MCI_ExecTorqueRamp
                0x00000000080016c4       0x14 ./Application/User/mc_interface.o
                0x00000000080016c4                MCI_ExecTorqueRamp
 .text.MCI_SetCurrentReferences
                0x00000000080016d8       0x18 ./Application/User/mc_interface.o
                0x00000000080016d8                MCI_SetCurrentReferences
 .text.MCI_FaultProcessing
                0x00000000080016f0       0x10 ./Application/User/mc_interface.o
                0x00000000080016f0                MCI_FaultProcessing
 .text.MCI_ExecBufferedCommands
                0x0000000008001700       0x78 ./Application/User/mc_interface.o
                0x0000000008001700                MCI_ExecBufferedCommands
 .text.MCI_GetSTMState
                0x0000000008001778        0x4 ./Application/User/mc_interface.o
                0x0000000008001778                MCI_GetSTMState
 .text.MCI_GetOccurredFaults
                0x000000000800177c        0x4 ./Application/User/mc_interface.o
                0x000000000800177c                MCI_GetOccurredFaults
 .text.MCI_GetCurrentFaults
                0x0000000008001780        0x4 ./Application/User/mc_interface.o
                0x0000000008001780                MCI_GetCurrentFaults
 .text.MCI_StartMotor
                0x0000000008001784       0x30 ./Application/User/mc_interface.o
                0x0000000008001784                MCI_StartMotor
 .text.MCI_StopMotor
                0x00000000080017b4       0x3c ./Application/User/mc_interface.o
                0x00000000080017b4                MCI_StopMotor
 .text.MCI_FaultAcknowledged
                0x00000000080017f0       0x24 ./Application/User/mc_interface.o
                0x00000000080017f0                MCI_FaultAcknowledged
 .text.MCI_GetFaultState
                0x0000000008001814        0xc ./Application/User/mc_interface.o
                0x0000000008001814                MCI_GetFaultState
 .text.MCI_GetControlMode
                0x0000000008001820        0x4 ./Application/User/mc_interface.o
                0x0000000008001820                MCI_GetControlMode
 .text.MCI_GetImposedMotorDirection
                0x0000000008001824       0x38 ./Application/User/mc_interface.o
                0x0000000008001824                MCI_GetImposedMotorDirection
 .text.MCI_GetLastRampFinalSpeed
                0x000000000800185c        0x8 ./Application/User/mc_interface.o
                0x000000000800185c                MCI_GetLastRampFinalSpeed
 .text.MCI_GetLastRampFinalTorque
                0x0000000008001864        0x8 ./Application/User/mc_interface.o
                0x0000000008001864                MCI_GetLastRampFinalTorque
 .text.MCI_GetLastRampFinalDuration
                0x000000000800186c        0x4 ./Application/User/mc_interface.o
                0x000000000800186c                MCI_GetLastRampFinalDuration
 .text.MCI_StopRamp
                0x0000000008001870        0xc ./Application/User/mc_interface.o
                0x0000000008001870                MCI_StopRamp
 .text.MCI_GetAvrgMecSpeedUnit
                0x000000000800187c       0x10 ./Application/User/mc_interface.o
                0x000000000800187c                MCI_GetAvrgMecSpeedUnit
 .text.MCI_GetMecSpeedRefUnit
                0x000000000800188c        0xc ./Application/User/mc_interface.o
                0x000000000800188c                MCI_GetMecSpeedRefUnit
 .text.MCI_GetIab
                0x0000000008001898       0x20 ./Application/User/mc_interface.o
                0x0000000008001898                MCI_GetIab
 .text.MCI_GetIalphabeta
                0x00000000080018b8       0x20 ./Application/User/mc_interface.o
                0x00000000080018b8                MCI_GetIalphabeta
 .text.MCI_GetIqd
                0x00000000080018d8       0x20 ./Application/User/mc_interface.o
                0x00000000080018d8                MCI_GetIqd
 .text.MCI_GetIqdref
                0x00000000080018f8       0x20 ./Application/User/mc_interface.o
                0x00000000080018f8                MCI_GetIqdref
 .text.MCI_GetVqd
                0x0000000008001918       0x20 ./Application/User/mc_interface.o
                0x0000000008001918                MCI_GetVqd
 .text.MCI_GetValphabeta
                0x0000000008001938       0x20 ./Application/User/mc_interface.o
                0x0000000008001938                MCI_GetValphabeta
 .text.MCI_GetTeref
                0x0000000008001958        0x8 ./Application/User/mc_interface.o
                0x0000000008001958                MCI_GetTeref
 .text.MCI_Clear_Iqdref
                0x0000000008001960       0x10 ./Application/User/mc_interface.o
                0x0000000008001960                MCI_Clear_Iqdref
 .text.MCM_Clarke
                0x0000000008001970       0x58 ./Application/User/mc_math.o
                0x0000000008001970                MCM_Clarke
 .text.MCM_Trig_Functions
                0x00000000080019c8       0x9c ./Application/User/mc_math.o
                0x00000000080019c8                MCM_Trig_Functions
 .text.MCM_Park
                0x0000000008001a64       0xa0 ./Application/User/mc_math.o
                0x0000000008001a64                MCM_Park
 .text.MCM_Rev_Park
                0x0000000008001b04       0x34 ./Application/User/mc_math.o
                0x0000000008001b04                MCM_Rev_Park
 .text.FOC_Clear
                0x0000000008001b38       0x64 ./Application/User/mc_tasks.o
                0x0000000008001b38                FOC_Clear
 .text.MCboot   0x0000000008001b9c      0x130 ./Application/User/mc_tasks.o
                0x0000000008001b9c                MCboot
 .text.FOC_InitAdditionalMethods
                0x0000000008001ccc        0x4 ./Application/User/mc_tasks.o
                0x0000000008001ccc                FOC_InitAdditionalMethods
 .text.FOC_CalcCurrRef
                0x0000000008001cd0       0x30 ./Application/User/mc_tasks.o
                0x0000000008001cd0                FOC_CalcCurrRef
 .text.TSK_SetChargeBootCapDelayM1
                0x0000000008001d00        0xc ./Application/User/mc_tasks.o
                0x0000000008001d00                TSK_SetChargeBootCapDelayM1
 .text.TSK_ChargeBootCapDelayHasElapsedM1
                0x0000000008001d0c       0x10 ./Application/User/mc_tasks.o
                0x0000000008001d0c                TSK_ChargeBootCapDelayHasElapsedM1
 .text.TSK_SetStopPermanencyTimeM1
                0x0000000008001d1c        0xc ./Application/User/mc_tasks.o
                0x0000000008001d1c                TSK_SetStopPermanencyTimeM1
 .text.TSK_StopPermanencyTimeHasElapsedM1
                0x0000000008001d28       0x10 ./Application/User/mc_tasks.o
                0x0000000008001d28                TSK_StopPermanencyTimeHasElapsedM1
 .text.TSK_MediumFrequencyTaskM1
                0x0000000008001d38      0x2dc ./Application/User/mc_tasks.o
                0x0000000008001d38                TSK_MediumFrequencyTaskM1
 .text.MC_Scheduler
                0x0000000008002014       0x94 ./Application/User/mc_tasks.o
                0x0000000008002014                MC_Scheduler
 .text.TSK_HighFrequencyTask
                0x00000000080020a8      0x198 ./Application/User/mc_tasks.o
                0x00000000080020a8                TSK_HighFrequencyTask
 .text.TSK_SafetyTask_PWMOFF
                0x0000000008002240       0x90 ./Application/User/mc_tasks.o
                0x0000000008002240                TSK_SafetyTask_PWMOFF
 .text.TSK_SafetyTask
                0x00000000080022d0       0x1c ./Application/User/mc_tasks.o
                0x00000000080022d0                TSK_SafetyTask
 .text.MC_RunMotorControlTasks
                0x00000000080022ec       0x1c ./Application/User/mc_tasks.o
                0x00000000080022ec                MC_RunMotorControlTasks
 .text.TSK_HardwareFaultTask
                0x0000000008002308       0x20 ./Application/User/mc_tasks.o
                0x0000000008002308                TSK_HardwareFaultTask
 .text.UI_HandleStartStopButton_cb
                0x0000000008002328       0x18 ./Application/User/mc_tasks.o
                0x0000000008002328                UI_HandleStartStopButton_cb
 .text.mc_lock_pins
                0x0000000008002340       0xec ./Application/User/mc_tasks.o
                0x0000000008002340                mc_lock_pins
 .text.MX_MotorControl_Init
                0x000000000800242c       0x34 ./Application/User/motorcontrol.o
                0x000000000800242c                MX_MotorControl_Init
 .text.PWMC_GetPhaseCurrents
                0x0000000008002460        0x8 ./Application/User/pwm_curr_fdbk.o
                0x0000000008002460                PWMC_GetPhaseCurrents
 .text.PWMC_SetPhaseVoltage
                0x0000000008002468      0x218 ./Application/User/pwm_curr_fdbk.o
                0x0000000008002468                PWMC_SetPhaseVoltage
 .text.PWMC_SwitchOffPWM
                0x0000000008002680        0x8 ./Application/User/pwm_curr_fdbk.o
                0x0000000008002680                PWMC_SwitchOffPWM
 .text.PWMC_SwitchOnPWM
                0x0000000008002688        0x8 ./Application/User/pwm_curr_fdbk.o
                0x0000000008002688                PWMC_SwitchOnPWM
 .text.PWMC_CurrentReadingCalibr
                0x0000000008002690       0x3c ./Application/User/pwm_curr_fdbk.o
                0x0000000008002690                PWMC_CurrentReadingCalibr
 .text.PWMC_CheckOverCurrent
                0x00000000080026cc        0x8 ./Application/User/pwm_curr_fdbk.o
                0x00000000080026cc                PWMC_CheckOverCurrent
 .text.RI_SetRegCommandParser
                0x00000000080026d4      0x71c ./Application/User/register_interface.o
                0x00000000080026d4                RI_SetRegCommandParser
 .text.RI_GetRegCommandParser
                0x0000000008002df0      0x8b8 ./Application/User/register_interface.o
                0x0000000008002df0                RI_GetRegCommandParser
 .text.RCM_RegisterRegConv
                0x00000000080036a8      0x134 ./Application/User/regular_conversion_manager.o
                0x00000000080036a8                RCM_RegisterRegConv
 .text.RCM_ExecRegularConv
                0x00000000080037dc      0x180 ./Application/User/regular_conversion_manager.o
                0x00000000080037dc                RCM_ExecRegularConv
 .text.RCM_ExecUserConv
                0x000000000800395c       0x5c ./Application/User/regular_conversion_manager.o
                0x000000000800395c                RCM_ExecUserConv
 .text.RCM_ExecNextConv
                0x00000000080039b8       0x70 ./Application/User/regular_conversion_manager.o
                0x00000000080039b8                RCM_ExecNextConv
 .text.RCM_ReadOngoingConv
                0x0000000008003a28       0x58 ./Application/User/regular_conversion_manager.o
                0x0000000008003a28                RCM_ReadOngoingConv
 .text.HAL_MspInit
                0x0000000008003a80       0x30 ./Application/User/stm32f0xx_hal_msp.o
                0x0000000008003a80                HAL_MspInit
 .text.DMA1_Channel1_IRQHandler
                0x0000000008003ab0       0x14 ./Application/User/stm32f0xx_mc_it.o
                0x0000000008003ab0                DMA1_Channel1_IRQHandler
 .text.TIM1_BRK_UP_TRG_COM_IRQHandler
                0x0000000008003ac4       0x48 ./Application/User/stm32f0xx_mc_it.o
                0x0000000008003ac4                TIM1_BRK_UP_TRG_COM_IRQHandler
 .text.DMA1_Channel4_5_IRQHandler
                0x0000000008003b0c       0x14 ./Application/User/stm32f0xx_mc_it.o
                0x0000000008003b0c                DMA1_Channel4_5_IRQHandler
 .text.DMA1_Channel2_3_IRQHandler
                0x0000000008003b20       0x20 ./Application/User/stm32f0xx_mc_it.o
                0x0000000008003b20                DMA1_Channel2_3_IRQHandler
 .text.USART1_IRQHandler
                0x0000000008003b40       0xa0 ./Application/User/stm32f0xx_mc_it.o
                0x0000000008003b40                USART1_IRQHandler
 .text.HardFault_Handler
                0x0000000008003be0        0x8 ./Application/User/stm32f0xx_mc_it.o
                0x0000000008003be0                HardFault_Handler
 .text.SysTick_Handler
                0x0000000008003be8       0x44 ./Application/User/stm32f0xx_mc_it.o
                0x0000000008003be8                SysTick_Handler
 .text.EXTI0_1_IRQHandler
                0x0000000008003c2c       0x1c ./Application/User/stm32f0xx_mc_it.o
                0x0000000008003c2c                EXTI0_1_IRQHandler
 .text.UASPEP_INIT
                0x0000000008003c48       0x90 ./Application/User/usart_aspep_driver.o
                0x0000000008003c48                UASPEP_INIT
 .text.UASPEP_SEND_PACKET
                0x0000000008003cd8       0x38 ./Application/User/usart_aspep_driver.o
                0x0000000008003cd8                UASPEP_SEND_PACKET
 .text.UASPEP_RECEIVE_BUFFER
                0x0000000008003d10       0x34 ./Application/User/usart_aspep_driver.o
                0x0000000008003d10                UASPEP_RECEIVE_BUFFER
 .text.UASPEP_IDLE_ENABLE
                0x0000000008003d44       0x1c ./Application/User/usart_aspep_driver.o
                0x0000000008003d44                UASPEP_IDLE_ENABLE
 .text.SystemInit
                0x0000000008003d60        0x4 ./Drivers/CMSIS/system_stm32f0xx.o
                0x0000000008003d60                SystemInit
 .text.HAL_InitTick
                0x0000000008003d64       0x4c ./Drivers/STM32F0xx_HAL_Driver/stm32f0xx_hal.o
                0x0000000008003d64                HAL_InitTick
 .text.HAL_Init
                0x0000000008003db0       0x20 ./Drivers/STM32F0xx_HAL_Driver/stm32f0xx_hal.o
                0x0000000008003db0                HAL_Init
 .text.HAL_IncTick
                0x0000000008003dd0       0x18 ./Drivers/STM32F0xx_HAL_Driver/stm32f0xx_hal.o
                0x0000000008003dd0                HAL_IncTick
 .text.HAL_NVIC_SetPriority
                0x0000000008003de8       0x64 ./Drivers/STM32F0xx_HAL_Driver/stm32f0xx_hal_cortex.o
                0x0000000008003de8                HAL_NVIC_SetPriority
 .text.HAL_SYSTICK_Config
                0x0000000008003e4c       0x34 ./Drivers/STM32F0xx_HAL_Driver/stm32f0xx_hal_cortex.o
                0x0000000008003e4c                HAL_SYSTICK_Config
 .text.HAL_SYSTICK_Callback
                0x0000000008003e80        0x4 ./Drivers/STM32F0xx_HAL_Driver/stm32f0xx_hal_cortex.o
                0x0000000008003e80                HAL_SYSTICK_Callback
 .text.HAL_SYSTICK_IRQHandler
                0x0000000008003e84        0x8 ./Drivers/STM32F0xx_HAL_Driver/stm32f0xx_hal_cortex.o
                0x0000000008003e84                HAL_SYSTICK_IRQHandler
 .text.HAL_RCC_GetHCLKFreq
                0x0000000008003e8c        0xc ./Drivers/STM32F0xx_HAL_Driver/stm32f0xx_hal_rcc.o
                0x0000000008003e8c                HAL_RCC_GetHCLKFreq
 .text.LL_ADC_Init
                0x0000000008003e98       0x34 ./Drivers/STM32F0xx_HAL_Driver/stm32f0xx_ll_adc.o
                0x0000000008003e98                LL_ADC_Init
 .text.LL_ADC_REG_Init
                0x0000000008003ecc       0x30 ./Drivers/STM32F0xx_HAL_Driver/stm32f0xx_ll_adc.o
                0x0000000008003ecc                LL_ADC_REG_Init
 .text.LL_EXTI_Init
                0x0000000008003efc       0xac ./Drivers/STM32F0xx_HAL_Driver/stm32f0xx_ll_exti.o
                0x0000000008003efc                LL_EXTI_Init
 .text.LL_GPIO_Init
                0x0000000008003fa8       0xec ./Drivers/STM32F0xx_HAL_Driver/stm32f0xx_ll_gpio.o
                0x0000000008003fa8                LL_GPIO_Init
 .text.LL_RCC_GetUSARTClockFreq
                0x0000000008004094       0xe4 ./Drivers/STM32F0xx_HAL_Driver/stm32f0xx_ll_rcc.o
                0x0000000008004094                LL_RCC_GetUSARTClockFreq
 .text.LL_TIM_Init
                0x0000000008004178       0x88 ./Drivers/STM32F0xx_HAL_Driver/stm32f0xx_ll_tim.o
                0x0000000008004178                LL_TIM_Init
 .text.LL_TIM_OC_Init
                0x0000000008004200      0x204 ./Drivers/STM32F0xx_HAL_Driver/stm32f0xx_ll_tim.o
                0x0000000008004200                LL_TIM_OC_Init
 .text.LL_TIM_BDTR_Init
                0x0000000008004404       0x54 ./Drivers/STM32F0xx_HAL_Driver/stm32f0xx_ll_tim.o
                0x0000000008004404                LL_TIM_BDTR_Init
 .text.LL_USART_Init
                0x0000000008004458       0xa0 ./Drivers/STM32F0xx_HAL_Driver/stm32f0xx_ll_usart.o
                0x0000000008004458                LL_USART_Init
 .text.LL_SetSystemCoreClock
                0x00000000080044f8        0xc ./Drivers/STM32F0xx_HAL_Driver/stm32f0xx_ll_utils.o
                0x00000000080044f8                LL_SetSystemCoreClock
 .text.VBS_GetAvBusVoltage_d
                0x0000000008004504        0x4 ./Middlewares/MotorControl/bus_voltage_sensor.o
                0x0000000008004504                VBS_GetAvBusVoltage_d
 .text.VBS_GetAvBusVoltage_V
                0x0000000008004508        0xc ./Middlewares/MotorControl/bus_voltage_sensor.o
                0x0000000008004508                VBS_GetAvBusVoltage_V
 .text.Circle_Limitation
                0x0000000008004514       0x7c ./Middlewares/MotorControl/circle_limitation.o
                0x0000000008004514                Circle_Limitation
 .text.MCP_ReceivedPacket
                0x0000000008004590      0x150 ./Middlewares/MotorControl/mcp.o
                0x0000000008004590                MCP_ReceivedPacket
 .text.NTC_SetFaultState
                0x00000000080046e0       0x1c ./Middlewares/MotorControl/ntc_temperature_sensor.o
                0x00000000080046e0                NTC_SetFaultState
 .text.NTC_Clear
                0x00000000080046fc        0x8 ./Middlewares/MotorControl/ntc_temperature_sensor.o
                0x00000000080046fc                NTC_Clear
 .text.NTC_Init
                0x0000000008004704       0x28 ./Middlewares/MotorControl/ntc_temperature_sensor.o
                0x0000000008004704                NTC_Init
 .text.NTC_CalcAvTemp
                0x000000000800472c       0x40 ./Middlewares/MotorControl/ntc_temperature_sensor.o
                0x000000000800472c                NTC_CalcAvTemp
 .text.NTC_GetAvTemp_C
                0x000000000800476c       0x20 ./Middlewares/MotorControl/ntc_temperature_sensor.o
                0x000000000800476c                NTC_GetAvTemp_C
 .text.PID_HandleInit
                0x000000000800478c       0x10 ./Middlewares/MotorControl/pid_regulator.o
                0x000000000800478c                PID_HandleInit
 .text.PID_SetKP
                0x000000000800479c        0x4 ./Middlewares/MotorControl/pid_regulator.o
                0x000000000800479c                PID_SetKP
 .text.PID_SetKI
                0x00000000080047a0        0x4 ./Middlewares/MotorControl/pid_regulator.o
                0x00000000080047a0                PID_SetKI
 .text.PID_GetKP
                0x00000000080047a4        0x8 ./Middlewares/MotorControl/pid_regulator.o
                0x00000000080047a4                PID_GetKP
 .text.PID_GetKI
                0x00000000080047ac        0x8 ./Middlewares/MotorControl/pid_regulator.o
                0x00000000080047ac                PID_GetKI
 .text.PID_SetIntegralTerm
                0x00000000080047b4        0x4 ./Middlewares/MotorControl/pid_regulator.o
                0x00000000080047b4                PID_SetIntegralTerm
 .text.PID_GetKPDivisorPOW2
                0x00000000080047b8        0x4 ./Middlewares/MotorControl/pid_regulator.o
                0x00000000080047b8                PID_GetKPDivisorPOW2
 .text.PID_SetKPDivisorPOW2
                0x00000000080047bc        0xc ./Middlewares/MotorControl/pid_regulator.o
                0x00000000080047bc                PID_SetKPDivisorPOW2
 .text.PID_GetKIDivisor
                0x00000000080047c8        0x4 ./Middlewares/MotorControl/pid_regulator.o
                0x00000000080047c8                PID_GetKIDivisor
 .text.PID_GetKIDivisorPOW2
                0x00000000080047cc        0x4 ./Middlewares/MotorControl/pid_regulator.o
                0x00000000080047cc                PID_GetKIDivisorPOW2
 .text.PID_SetLowerIntegralTermLimit
                0x00000000080047d0        0x4 ./Middlewares/MotorControl/pid_regulator.o
                0x00000000080047d0                PID_SetLowerIntegralTermLimit
 .text.PID_SetUpperIntegralTermLimit
                0x00000000080047d4        0x4 ./Middlewares/MotorControl/pid_regulator.o
                0x00000000080047d4                PID_SetUpperIntegralTermLimit
 .text.PID_SetKIDivisorPOW2
                0x00000000080047d8       0x2c ./Middlewares/MotorControl/pid_regulator.o
                0x00000000080047d8                PID_SetKIDivisorPOW2
 .text.PID_SetKD
                0x0000000008004804        0x4 ./Middlewares/MotorControl/pid_regulator.o
                0x0000000008004804                PID_SetKD
 .text.PID_GetKD
                0x0000000008004808        0x8 ./Middlewares/MotorControl/pid_regulator.o
                0x0000000008004808                PID_GetKD
 .text.PID_GetKDDivisorPOW2
                0x0000000008004810        0x4 ./Middlewares/MotorControl/pid_regulator.o
                0x0000000008004810                PID_GetKDDivisorPOW2
 .text.PID_SetKDDivisorPOW2
                0x0000000008004814        0xc ./Middlewares/MotorControl/pid_regulator.o
                0x0000000008004814                PID_SetKDDivisorPOW2
 .text.PI_Controller
                0x0000000008004820       0x84 ./Middlewares/MotorControl/pid_regulator.o
                0x0000000008004820                PI_Controller
 .text.PQD_CalcElMotorPower
                0x00000000080048a4       0x34 ./Middlewares/MotorControl/pqd_motor_power_measurement.o
                0x00000000080048a4                PQD_CalcElMotorPower
 .text.PQD_Clear
                0x00000000080048d8        0x8 ./Middlewares/MotorControl/pqd_motor_power_measurement.o
                0x00000000080048d8                PQD_Clear
 .text.PQD_GetAvrgElMotorPowerW
                0x00000000080048e0       0x1c ./Middlewares/MotorControl/pqd_motor_power_measurement.o
                0x00000000080048e0                PQD_GetAvrgElMotorPowerW
 .text.waitForPolarizationEnd
                0x00000000080048fc       0x34 ./Middlewares/MotorControl/pwm_common.o
                0x00000000080048fc                waitForPolarizationEnd
 .text.R3_1_HFCurrentsCalibrationAB
                0x0000000008004930       0x4c ./Middlewares/MotorControl/r3_f0xx_pwm_curr_fdbk.o
                0x0000000008004930                R3_1_HFCurrentsCalibrationAB
 .text.R3_1_HFCurrentsCalibrationC
                0x000000000800497c       0x48 ./Middlewares/MotorControl/r3_f0xx_pwm_curr_fdbk.o
                0x000000000800497c                R3_1_HFCurrentsCalibrationC
 .text.R3_1_Init
                0x00000000080049c4      0x110 ./Middlewares/MotorControl/r3_f0xx_pwm_curr_fdbk.o
                0x00000000080049c4                R3_1_Init
 .text.R3_1_SetOffsetCalib
                0x0000000008004ad4       0x10 ./Middlewares/MotorControl/r3_f0xx_pwm_curr_fdbk.o
                0x0000000008004ad4                R3_1_SetOffsetCalib
 .text.R3_1_GetOffsetCalib
                0x0000000008004ae4        0x8 ./Middlewares/MotorControl/r3_f0xx_pwm_curr_fdbk.o
                0x0000000008004ae4                R3_1_GetOffsetCalib
 .text.R3_1_GetPhaseCurrents
                0x0000000008004aec      0x180 ./Middlewares/MotorControl/r3_f0xx_pwm_curr_fdbk.o
                0x0000000008004aec                R3_1_GetPhaseCurrents
 .text.R3_1_WriteTIMRegisters
                0x0000000008004c6c       0x38 ./Middlewares/MotorControl/r3_f0xx_pwm_curr_fdbk.o
                0x0000000008004c6c                R3_1_WriteTIMRegisters
 .text.R3_1_SetADCSampPointCalibration
                0x0000000008004ca4       0x20 ./Middlewares/MotorControl/r3_f0xx_pwm_curr_fdbk.o
                0x0000000008004ca4                R3_1_SetADCSampPointCalibration
 .text.R3_1_SetADCSampPointSectX
                0x0000000008004cc4       0x5c ./Middlewares/MotorControl/r3_f0xx_pwm_curr_fdbk.o
                0x0000000008004cc4                R3_1_SetADCSampPointSectX
 .text.R3_1_TurnOnLowSides
                0x0000000008004d20       0x48 ./Middlewares/MotorControl/r3_f0xx_pwm_curr_fdbk.o
                0x0000000008004d20                R3_1_TurnOnLowSides
 .text.R3_1_SwitchOnPWM
                0x0000000008004d68       0xf0 ./Middlewares/MotorControl/r3_f0xx_pwm_curr_fdbk.o
                0x0000000008004d68                R3_1_SwitchOnPWM
 .text.R3_1_SwitchOffPWM
                0x0000000008004e58       0xac ./Middlewares/MotorControl/r3_f0xx_pwm_curr_fdbk.o
                0x0000000008004e58                R3_1_SwitchOffPWM
 .text.R3_1_CurrentReadingCalibration
                0x0000000008004f04      0x13c ./Middlewares/MotorControl/r3_f0xx_pwm_curr_fdbk.o
                0x0000000008004f04                R3_1_CurrentReadingCalibration
 .text.R3_1_TIMx_UP_IRQHandler
                0x0000000008005040       0x80 ./Middlewares/MotorControl/r3_f0xx_pwm_curr_fdbk.o
                0x0000000008005040                R3_1_TIMx_UP_IRQHandler
 .text.F0XX_BRK_IRQHandler
                0x00000000080050c0       0x28 ./Middlewares/MotorControl/r3_f0xx_pwm_curr_fdbk.o
                0x00000000080050c0                F0XX_BRK_IRQHandler
 .text.R3_1_IsOverCurrentOccurred
                0x00000000080050e8       0x2c ./Middlewares/MotorControl/r3_f0xx_pwm_curr_fdbk.o
                0x00000000080050e8                R3_1_IsOverCurrentOccurred
 .text.RVBS_Clear
                0x0000000008005114       0x30 ./Middlewares/MotorControl/r_divider_bus_voltage_sensor.o
                0x0000000008005114                RVBS_Clear
 .text.RVBS_Init
                0x0000000008005144       0x18 ./Middlewares/MotorControl/r_divider_bus_voltage_sensor.o
                0x0000000008005144                RVBS_Init
 .text.RVBS_CheckFaultState
                0x000000000800515c       0x4c ./Middlewares/MotorControl/r_divider_bus_voltage_sensor.o
                0x000000000800515c                RVBS_CheckFaultState
 .text.RVBS_CalcAvVbus
                0x00000000080051a8       0x78 ./Middlewares/MotorControl/r_divider_bus_voltage_sensor.o
                0x00000000080051a8                RVBS_CalcAvVbus
 .text.REMNG_Init
                0x0000000008005220       0x10 ./Middlewares/MotorControl/ramp_ext_mngr.o
                0x0000000008005220                REMNG_Init
 .text.REMNG_Calc
                0x0000000008005230       0x3c ./Middlewares/MotorControl/ramp_ext_mngr.o
                0x0000000008005230                REMNG_Calc
 .text.REMNG_RampCompleted
                0x000000000800526c        0xc ./Middlewares/MotorControl/ramp_ext_mngr.o
                0x000000000800526c                REMNG_RampCompleted
 .text.getScalingFactor
                0x0000000008005278       0x2c ./Middlewares/MotorControl/ramp_ext_mngr.o
                0x0000000008005278                getScalingFactor
 .text.REMNG_ExecRamp
                0x00000000080052a4       0x90 ./Middlewares/MotorControl/ramp_ext_mngr.o
                0x00000000080052a4                REMNG_ExecRamp
 .text.RUC_Init
                0x0000000008005334       0x74 ./Middlewares/MotorControl/revup_ctrl.o
                0x0000000008005334                RUC_Init
 .text.RUC_Clear
                0x00000000080053a8       0x7c ./Middlewares/MotorControl/revup_ctrl.o
                0x00000000080053a8                RUC_Clear
 .text.RUC_Exec
                0x0000000008005424       0x68 ./Middlewares/MotorControl/revup_ctrl.o
                0x0000000008005424                RUC_Exec
 .text.RUC_FirstAccelerationStageReached
                0x000000000800548c       0x14 ./Middlewares/MotorControl/revup_ctrl.o
                0x000000000800548c                RUC_FirstAccelerationStageReached
 .text.RUC_SetPhase
                0x00000000080054a0       0x20 ./Middlewares/MotorControl/revup_ctrl.o
                0x00000000080054a0                RUC_SetPhase
 .text.RUC_GetNumberOfPhases
                0x00000000080054c0        0x8 ./Middlewares/MotorControl/revup_ctrl.o
                0x00000000080054c0                RUC_GetNumberOfPhases
 .text.RUC_GetPhase
                0x00000000080054c8       0x1c ./Middlewares/MotorControl/revup_ctrl.o
                0x00000000080054c8                RUC_GetPhase
 .text.SPD_GetElAngle
                0x00000000080054e4        0x8 ./Middlewares/MotorControl/speed_pos_fdbk.o
                0x00000000080054e4                SPD_GetElAngle
 .text.SPD_GetAvrgMecSpeedUnit
                0x00000000080054ec        0x8 ./Middlewares/MotorControl/speed_pos_fdbk.o
                0x00000000080054ec                SPD_GetAvrgMecSpeedUnit
 .text.SPD_GetInstElSpeedDpp
                0x00000000080054f4        0x8 ./Middlewares/MotorControl/speed_pos_fdbk.o
                0x00000000080054f4                SPD_GetInstElSpeedDpp
 .text.SPD_IsMecSpeedReliable
                0x00000000080054fc       0x60 ./Middlewares/MotorControl/speed_pos_fdbk.o
                0x00000000080054fc                SPD_IsMecSpeedReliable
 .text.SPD_GetS16Speed
                0x000000000800555c       0x18 ./Middlewares/MotorControl/speed_pos_fdbk.o
                0x000000000800555c                SPD_GetS16Speed
 .text.STC_Init
                0x0000000008005574       0x24 ./Middlewares/MotorControl/speed_torq_ctrl.o
                0x0000000008005574                STC_Init
 .text.STC_SetSpeedSensor
                0x0000000008005598        0x4 ./Middlewares/MotorControl/speed_torq_ctrl.o
                0x0000000008005598                STC_SetSpeedSensor
 .text.STC_GetSpeedSensor
                0x000000000800559c        0x4 ./Middlewares/MotorControl/speed_torq_ctrl.o
                0x000000000800559c                STC_GetSpeedSensor
 .text.STC_Clear
                0x00000000080055a0       0x14 ./Middlewares/MotorControl/speed_torq_ctrl.o
                0x00000000080055a0                STC_Clear
 .text.STC_GetMecSpeedRefUnit
                0x00000000080055b4        0x8 ./Middlewares/MotorControl/speed_torq_ctrl.o
                0x00000000080055b4                STC_GetMecSpeedRefUnit
 .text.STC_GetTorqueRef
                0x00000000080055bc        0x8 ./Middlewares/MotorControl/speed_torq_ctrl.o
                0x00000000080055bc                STC_GetTorqueRef
 .text.STC_SetControlMode
                0x00000000080055c4        0x8 ./Middlewares/MotorControl/speed_torq_ctrl.o
                0x00000000080055c4                STC_SetControlMode
 .text.STC_ExecRamp
                0x00000000080055cc       0x84 ./Middlewares/MotorControl/speed_torq_ctrl.o
                0x00000000080055cc                STC_ExecRamp
 .text.STC_StopRamp
                0x0000000008005650        0x8 ./Middlewares/MotorControl/speed_torq_ctrl.o
                0x0000000008005650                STC_StopRamp
 .text.STC_CalcTorqueReference
                0x0000000008005658       0x58 ./Middlewares/MotorControl/speed_torq_ctrl.o
                0x0000000008005658                STC_CalcTorqueReference
 .text.STC_GetMecSpeedRefUnitDefault
                0x00000000080056b0        0x8 ./Middlewares/MotorControl/speed_torq_ctrl.o
                0x00000000080056b0                STC_GetMecSpeedRefUnitDefault
 .text.STC_GetDefaultIqdref
                0x00000000080056b8       0x10 ./Middlewares/MotorControl/speed_torq_ctrl.o
                0x00000000080056b8                STC_GetDefaultIqdref
 .text.STC_ForceSpeedReferenceToCurrentSpeed
                0x00000000080056c8       0x10 ./Middlewares/MotorControl/speed_torq_ctrl.o
                0x00000000080056c8                STC_ForceSpeedReferenceToCurrentSpeed
 .text.STO_PLL_CalcElAngle
                0x00000000080056d8      0x23c ./Middlewares/MotorControl/sto_pll_speed_pos_fdbk.o
                0x00000000080056d8                STO_PLL_CalcElAngle
 .text.STO_PLL_CalcAvrgMecSpeedUnit
                0x0000000008005914      0x180 ./Middlewares/MotorControl/sto_pll_speed_pos_fdbk.o
                0x0000000008005914                STO_PLL_CalcAvrgMecSpeedUnit
 .text.STO_PLL_CalcAvrgElSpeedDpp
                0x0000000008005a94       0x6c ./Middlewares/MotorControl/sto_pll_speed_pos_fdbk.o
                0x0000000008005a94                STO_PLL_CalcAvrgElSpeedDpp
 .text.STO_PLL_Clear
                0x0000000008005b00       0x54 ./Middlewares/MotorControl/sto_pll_speed_pos_fdbk.o
                0x0000000008005b00                STO_PLL_Clear
 .text.STO_PLL_Init
                0x0000000008005b54       0x74 ./Middlewares/MotorControl/sto_pll_speed_pos_fdbk.o
                0x0000000008005b54                STO_PLL_Init
 .text.STO_PLL_IsObserverConverged
                0x0000000008005bc8       0xc0 ./Middlewares/MotorControl/sto_pll_speed_pos_fdbk.o
                0x0000000008005bc8                STO_PLL_IsObserverConverged
 .text.STO_PLL_GetEstimatedBemf
                0x0000000008005c88       0x14 ./Middlewares/MotorControl/sto_pll_speed_pos_fdbk.o
                0x0000000008005c88                STO_PLL_GetEstimatedBemf
 .text.STO_PLL_GetEstimatedCurrent
                0x0000000008005c9c       0x1c ./Middlewares/MotorControl/sto_pll_speed_pos_fdbk.o
                0x0000000008005c9c                STO_PLL_GetEstimatedCurrent
 .text.STO_PLL_GetObserverGains
                0x0000000008005cb8       0x10 ./Middlewares/MotorControl/sto_pll_speed_pos_fdbk.o
                0x0000000008005cb8                STO_PLL_GetObserverGains
 .text.STO_PLL_SetObserverGains
                0x0000000008005cc8        0x8 ./Middlewares/MotorControl/sto_pll_speed_pos_fdbk.o
                0x0000000008005cc8                STO_PLL_SetObserverGains
 .text.STO_OTF_ResetPLL
                0x0000000008005cd0       0x10 ./Middlewares/MotorControl/sto_pll_speed_pos_fdbk.o
                0x0000000008005cd0                STO_OTF_ResetPLL
 .text.STO_ResetPLL
                0x0000000008005ce0        0xc ./Middlewares/MotorControl/sto_pll_speed_pos_fdbk.o
                0x0000000008005ce0                STO_ResetPLL
 .text.STO_PLL_GetEstimatedBemfLevel
                0x0000000008005cec        0x8 ./Middlewares/MotorControl/sto_pll_speed_pos_fdbk.o
                0x0000000008005cec                STO_PLL_GetEstimatedBemfLevel
 .text.STO_PLL_GetObservedBemfLevel
                0x0000000008005cf4        0x8 ./Middlewares/MotorControl/sto_pll_speed_pos_fdbk.o
                0x0000000008005cf4                STO_PLL_GetObservedBemfLevel
 .text.STO_PLL_IsVarianceTight
                0x0000000008005cfc        0x8 ./Middlewares/MotorControl/sto_pll_speed_pos_fdbk.o
                0x0000000008005cfc                STO_PLL_IsVarianceTight
 .text.STO_PLL_ForceConvergency1
                0x0000000008005d04        0xc ./Middlewares/MotorControl/sto_pll_speed_pos_fdbk.o
                0x0000000008005d04                STO_PLL_ForceConvergency1
 .text.STO_PLL_ForceConvergency2
                0x0000000008005d10        0xc ./Middlewares/MotorControl/sto_pll_speed_pos_fdbk.o
                0x0000000008005d10                STO_PLL_ForceConvergency2
 .text.STO_SetDirection
                0x0000000008005d1c        0x8 ./Middlewares/MotorControl/sto_pll_speed_pos_fdbk.o
                0x0000000008005d1c                STO_SetDirection
 .text.VSS_Clear
                0x0000000008005d24       0x1c ./Middlewares/MotorControl/virtual_speed_sensor.o
                0x0000000008005d24                VSS_Clear
 .text.VSS_Init
                0x0000000008005d40        0x8 ./Middlewares/MotorControl/virtual_speed_sensor.o
                0x0000000008005d40                VSS_Init
 .text.VSS_CalcElAngle
                0x0000000008005d48       0xb0 ./Middlewares/MotorControl/virtual_speed_sensor.o
                0x0000000008005d48                VSS_CalcElAngle
 .text.VSS_CalcAvrgMecSpeedUnit
                0x0000000008005df8       0x88 ./Middlewares/MotorControl/virtual_speed_sensor.o
                0x0000000008005df8                VSS_CalcAvrgMecSpeedUnit
 .text.VSS_SetMecAngle
                0x0000000008005e80       0x18 ./Middlewares/MotorControl/virtual_speed_sensor.o
                0x0000000008005e80                VSS_SetMecAngle
 .text.VSS_SetMecAcceleration
                0x0000000008005e98       0x9c ./Middlewares/MotorControl/virtual_speed_sensor.o
                0x0000000008005e98                VSS_SetMecAcceleration
 .text.VSS_SetStartTransition
                0x0000000008005f34       0x20 ./Middlewares/MotorControl/virtual_speed_sensor.o
                0x0000000008005f34                VSS_SetStartTransition
 .text.VSS_TransitionEnded
                0x0000000008005f54        0x8 ./Middlewares/MotorControl/virtual_speed_sensor.o
                0x0000000008005f54                VSS_TransitionEnded
 .text.__libc_init_array
                0x0000000008005f5c       0x48 c:/st/stm32cubeide_1.12.1/stm32cubeide/plugins/com.st.stm32cube.ide.mcu.externaltools.gnu-tools-for-stm32.10.3-2021.10.win32_1.0.200.202301161003/tools/bin/../lib/gcc/arm-none-eabi/10.3.1/../../../../arm-none-eabi/lib/thumb/v6-m/nofp\libc_nano.a(lib_a-init.o)
                0x0000000008005f5c                __libc_init_array
 .text.memcpy   0x0000000008005fa4       0x12 c:/st/stm32cubeide_1.12.1/stm32cubeide/plugins/com.st.stm32cube.ide.mcu.externaltools.gnu-tools-for-stm32.10.3-2021.10.win32_1.0.200.202301161003/tools/bin/../lib/gcc/arm-none-eabi/10.3.1/../../../../arm-none-eabi/lib/thumb/v6-m/nofp\libc_nano.a(lib_a-memcpy-stub.o)
                0x0000000008005fa4                memcpy
 .text.memset   0x0000000008005fb6       0x10 c:/st/stm32cubeide_1.12.1/stm32cubeide/plugins/com.st.stm32cube.ide.mcu.externaltools.gnu-tools-for-stm32.10.3-2021.10.win32_1.0.200.202301161003/tools/bin/../lib/gcc/arm-none-eabi/10.3.1/../../../../arm-none-eabi/lib/thumb/v6-m/nofp\libc_nano.a(lib_a-memset.o)
                0x0000000008005fb6                memset
 *(.glue_7)
 .glue_7        0x0000000008005fc6        0x0 linker stubs
 *(.glue_7t)
 .glue_7t       0x0000000008005fc6        0x0 linker stubs
 *(.eh_frame)
 *fill*         0x0000000008005fc6        0x2 
 .eh_frame      0x0000000008005fc8        0x0 c:/st/stm32cubeide_1.12.1/stm32cubeide/plugins/com.st.stm32cube.ide.mcu.externaltools.gnu-tools-for-stm32.10.3-2021.10.win32_1.0.200.202301161003/tools/bin/../lib/gcc/arm-none-eabi/10.3.1/thumb/v6-m/nofp/crtbegin.o
 *(.init)
 .init          0x0000000008005fc8        0x4 c:/st/stm32cubeide_1.12.1/stm32cubeide/plugins/com.st.stm32cube.ide.mcu.externaltools.gnu-tools-for-stm32.10.3-2021.10.win32_1.0.200.202301161003/tools/bin/../lib/gcc/arm-none-eabi/10.3.1/thumb/v6-m/nofp/crti.o
                0x0000000008005fc8                _init
 .init          0x0000000008005fcc        0x8 c:/st/stm32cubeide_1.12.1/stm32cubeide/plugins/com.st.stm32cube.ide.mcu.externaltools.gnu-tools-for-stm32.10.3-2021.10.win32_1.0.200.202301161003/tools/bin/../lib/gcc/arm-none-eabi/10.3.1/thumb/v6-m/nofp/crtn.o
 *(.fini)
 .fini          0x0000000008005fd4        0x4 c:/st/stm32cubeide_1.12.1/stm32cubeide/plugins/com.st.stm32cube.ide.mcu.externaltools.gnu-tools-for-stm32.10.3-2021.10.win32_1.0.200.202301161003/tools/bin/../lib/gcc/arm-none-eabi/10.3.1/thumb/v6-m/nofp/crti.o
                0x0000000008005fd4                _fini
 .fini          0x0000000008005fd8        0x8 c:/st/stm32cubeide_1.12.1/stm32cubeide/plugins/com.st.stm32cube.ide.mcu.externaltools.gnu-tools-for-stm32.10.3-2021.10.win32_1.0.200.202301161003/tools/bin/../lib/gcc/arm-none-eabi/10.3.1/thumb/v6-m/nofp/crtn.o
                0x0000000008005fe0                . = ALIGN (0x4)
                0x0000000008005fe0                _etext = .

.vfp11_veneer   0x0000000008005fe0        0x0
 .vfp11_veneer  0x0000000008005fe0        0x0 linker stubs

.v4_bx          0x0000000008005fe0        0x0
 .v4_bx         0x0000000008005fe0        0x0 linker stubs

.iplt           0x0000000008005fe0        0x0
 .iplt          0x0000000008005fe0        0x0 c:/st/stm32cubeide_1.12.1/stm32cubeide/plugins/com.st.stm32cube.ide.mcu.externaltools.gnu-tools-for-stm32.10.3-2021.10.win32_1.0.200.202301161003/tools/bin/../lib/gcc/arm-none-eabi/10.3.1/thumb/v6-m/nofp/crtbegin.o

.rodata         0x0000000008005fe0      0xec8
                0x0000000008005fe0                . = ALIGN (0x4)
 *(.rodata)
 .rodata        0x0000000008005fe0       0x40 c:/st/stm32cubeide_1.12.1/stm32cubeide/plugins/com.st.stm32cube.ide.mcu.externaltools.gnu-tools-for-stm32.10.3-2021.10.win32_1.0.200.202301161003/tools/bin/../lib/gcc/arm-none-eabi/10.3.1/thumb/v6-m/nofp\libgcc.a(mulsf3.o)
 *(.rodata*)
 .rodata.CRC4_Lookup4
                0x0000000008006020       0x10 ./Application/User/aspep.o
 .rodata.CRC4_Lookup8
                0x0000000008006030      0x100 ./Application/User/aspep.o
 .rodata.CTL_BOARD
                0x0000000008006130       0x10 ./Application/User/mc_configuration_registers.o
                0x0000000008006130                CTL_BOARD
 .rodata.FIRMWARE_NAME
                0x0000000008006140       0x14 ./Application/User/mc_configuration_registers.o
                0x0000000008006140                FIRMWARE_NAME
 .rodata.M1_ApplicationConfig_reg
                0x0000000008006154        0xe ./Application/User/mc_configuration_registers.o
 *fill*         0x0000000008006162        0x2 
 .rodata.M1_FOCConfig_reg
                0x0000000008006164        0xe ./Application/User/mc_configuration_registers.o
 *fill*         0x0000000008006172        0x2 
 .rodata.M1_MotorConfig_reg
                0x0000000008006174       0x3c ./Application/User/mc_configuration_registers.o
                0x0000000008006174                M1_MotorConfig_reg
 .rodata.M1_PWR_BOARD
                0x00000000080061b0       0x10 ./Application/User/mc_configuration_registers.o
 .rodata.globalConfig_reg
                0x00000000080061c0        0xa ./Application/User/mc_configuration_registers.o
                0x00000000080061c0                globalConfig_reg
 *fill*         0x00000000080061ca        0x2 
 .rodata.hSin_Cos_Table
                0x00000000080061cc      0x200 ./Application/User/mc_math.o
                0x00000000080061cc                hSin_Cos_Table
 .rodata.R3_1_Params
                0x00000000080063cc       0x7c ./Application/User/mc_parameters.o
                0x00000000080063cc                R3_1_Params
 .rodata.TSK_MediumFrequencyTaskM1
                0x0000000008006448       0x50 ./Application/User/mc_tasks.o
 .rodata.RI_SetRegCommandParser
                0x0000000008006498       0x84 ./Application/User/register_interface.o
 .rodata.RI_GetRegCommandParser
                0x000000000800651c       0x84 ./Application/User/register_interface.o
 .rodata.CHANNEL_OFFSET_TAB
                0x00000000080065a0        0x5 ./Application/User/usart_aspep_driver.o
 *fill*         0x00000000080065a5        0x3 
 .rodata.AHBPrescTable
                0x00000000080065a8       0x10 ./Drivers/CMSIS/system_stm32f0xx.o
                0x00000000080065a8                AHBPrescTable
 .rodata.APBPrescTable
                0x00000000080065b8        0x8 ./Drivers/CMSIS/system_stm32f0xx.o
                0x00000000080065b8                APBPrescTable
 .rodata.SqrtTable
                0x00000000080065c0      0x802 ./Middlewares/MotorControl/circle_limitation.o
                0x00000000080065c0                SqrtTable
 *fill*         0x0000000008006dc2        0x2 
 .rodata.MCP_ReceivedPacket
                0x0000000008006dc4       0xe4 ./Middlewares/MotorControl/mcp.o
                0x0000000008006ea8                . = ALIGN (0x4)

.rel.dyn        0x0000000008006ea8        0x0
 .rel.iplt      0x0000000008006ea8        0x0 c:/st/stm32cubeide_1.12.1/stm32cubeide/plugins/com.st.stm32cube.ide.mcu.externaltools.gnu-tools-for-stm32.10.3-2021.10.win32_1.0.200.202301161003/tools/bin/../lib/gcc/arm-none-eabi/10.3.1/thumb/v6-m/nofp/crtbegin.o

.ARM.extab      0x0000000008006ea8        0x0
                0x0000000008006ea8                . = ALIGN (0x4)
 *(.ARM.extab* .gnu.linkonce.armextab.*)
                0x0000000008006ea8                . = ALIGN (0x4)

.ARM            0x0000000008006ea8        0x0
                0x0000000008006ea8                . = ALIGN (0x4)
                0x0000000008006ea8                __exidx_start = .
 *(.ARM.exidx*)
                0x0000000008006ea8                __exidx_end = .
                0x0000000008006ea8                . = ALIGN (0x4)

.preinit_array  0x0000000008006ea8        0x0
                0x0000000008006ea8                . = ALIGN (0x4)
                0x0000000008006ea8                PROVIDE (__preinit_array_start = .)
 *(.preinit_array*)
                0x0000000008006ea8                PROVIDE (__preinit_array_end = .)
                0x0000000008006ea8                . = ALIGN (0x4)

.init_array     0x0000000008006ea8        0x4
                0x0000000008006ea8                . = ALIGN (0x4)
                0x0000000008006ea8                PROVIDE (__init_array_start = .)
 *(SORT_BY_NAME(.init_array.*))
 *(.init_array*)
 .init_array    0x0000000008006ea8        0x4 c:/st/stm32cubeide_1.12.1/stm32cubeide/plugins/com.st.stm32cube.ide.mcu.externaltools.gnu-tools-for-stm32.10.3-2021.10.win32_1.0.200.202301161003/tools/bin/../lib/gcc/arm-none-eabi/10.3.1/thumb/v6-m/nofp/crtbegin.o
                0x0000000008006eac                PROVIDE (__init_array_end = .)
                0x0000000008006eac                . = ALIGN (0x4)

.fini_array     0x0000000008006eac        0x4
                0x0000000008006eac                . = ALIGN (0x4)
                [!provide]                        PROVIDE (__fini_array_start = .)
 *(SORT_BY_NAME(.fini_array.*))
 *(.fini_array*)
 .fini_array    0x0000000008006eac        0x4 c:/st/stm32cubeide_1.12.1/stm32cubeide/plugins/com.st.stm32cube.ide.mcu.externaltools.gnu-tools-for-stm32.10.3-2021.10.win32_1.0.200.202301161003/tools/bin/../lib/gcc/arm-none-eabi/10.3.1/thumb/v6-m/nofp/crtbegin.o
                [!provide]                        PROVIDE (__fini_array_end = .)
                0x0000000008006eb0                . = ALIGN (0x4)
                0x0000000008006eb0                _sidata = LOADADDR (.data)

.data           0x0000000020000000      0x518 load address 0x0000000008006eb0
                0x0000000020000000                . = ALIGN (0x4)
                0x0000000020000000                _sdata = .
 *(.data)
 *(.data*)
 .data.BusVoltageSensor_M1
                0x0000000020000000       0x2c ./Application/User/mc_config.o
                0x0000000020000000                BusVoltageSensor_M1
 .data.CircleLimitationM1
                0x000000002000002c       0xb4 ./Application/User/mc_config.o
                0x000000002000002c                CircleLimitationM1
 .data.PIDIdHandle_M1
                0x00000000200000e0       0x2c ./Application/User/mc_config.o
                0x00000000200000e0                PIDIdHandle_M1
 .data.PIDIqHandle_M1
                0x000000002000010c       0x2c ./Application/User/mc_config.o
                0x000000002000010c                PIDIqHandle_M1
 .data.PIDSpeedHandle_M1
                0x0000000020000138       0x2c ./Application/User/mc_config.o
                0x0000000020000138                PIDSpeedHandle_M1
 .data.PQD_MotorPowMeasM1
                0x0000000020000164       0x10 ./Application/User/mc_config.o
                0x0000000020000164                PQD_MotorPowMeasM1
 .data.PWM_Handle_M1
                0x0000000020000174       0x90 ./Application/User/mc_config.o
                0x0000000020000174                PWM_Handle_M1
 .data.RampExtMngrHFParamsM1
                0x0000000020000204       0x18 ./Application/User/mc_config.o
                0x0000000020000204                RampExtMngrHFParamsM1
 .data.RevUpControlM1
                0x000000002000021c       0x78 ./Application/User/mc_config.o
                0x000000002000021c                RevUpControlM1
 .data.STO_M1   0x0000000020000294       0x14 ./Application/User/mc_config.o
                0x0000000020000294                STO_M1
 .data.STO_PLL_M1
                0x00000000200002a8      0x128 ./Application/User/mc_config.o
                0x00000000200002a8                STO_PLL_M1
 .data.SpeednTorqCtrlM1
                0x00000000200003d0       0x34 ./Application/User/mc_config.o
                0x00000000200003d0                SpeednTorqCtrlM1
 .data.TempSensor_M1
                0x0000000020000404       0x28 ./Application/User/mc_config.o
                0x0000000020000404                TempSensor_M1
 .data.VirtualSpeedSensorM1
                0x000000002000042c       0x38 ./Application/User/mc_config.o
                0x000000002000042c                VirtualSpeedSensorM1
 .data.pMPM     0x0000000020000464        0x4 ./Application/User/mc_config.o
                0x0000000020000464                pMPM
 .data.pPIDId   0x0000000020000468        0x4 ./Application/User/mc_config.o
                0x0000000020000468                pPIDId
 .data.pPIDIq   0x000000002000046c        0x4 ./Application/User/mc_config.o
                0x000000002000046c                pPIDIq
 .data.pSTC     0x0000000020000470        0x4 ./Application/User/mc_config.o
                0x0000000020000470                pSTC
 .data.pTemperatureSensor
                0x0000000020000474        0x4 ./Application/User/mc_config.o
                0x0000000020000474                pTemperatureSensor
 .data.ApplicationConfig_reg
                0x0000000020000478        0x4 ./Application/User/mc_configuration_registers.o
                0x0000000020000478                ApplicationConfig_reg
 .data.FOCConfig_reg
                0x000000002000047c        0x4 ./Application/User/mc_configuration_registers.o
                0x000000002000047c                FOCConfig_reg
 .data.MotorConfig_reg
                0x0000000020000480        0x4 ./Application/User/mc_configuration_registers.o
                0x0000000020000480                MotorConfig_reg
 .data.PWR_BOARD_NAME
                0x0000000020000484        0x4 ./Application/User/mc_configuration_registers.o
                0x0000000020000484                PWR_BOARD_NAME
 .data.MCP_Over_UartA
                0x0000000020000488       0x10 ./Application/User/mcp_config.o
                0x0000000020000488                MCP_Over_UartA
 .data.UASPEP_A
                0x0000000020000498       0x14 ./Application/User/mcp_config.o
 .data.aspepOverUartA
                0x00000000200004ac       0x5c ./Application/User/mcp_config.o
                0x00000000200004ac                aspepOverUartA
 .data.SystickDividerCounter.0
                0x0000000020000508        0x1 ./Application/User/stm32f0xx_mc_it.o
 *fill*         0x0000000020000509        0x3 
 .data.SystemCoreClock
                0x000000002000050c        0x4 ./Drivers/CMSIS/system_stm32f0xx.o
                0x000000002000050c                SystemCoreClock
 .data.uwTickFreq
                0x0000000020000510        0x1 ./Drivers/STM32F0xx_HAL_Driver/stm32f0xx_hal.o
                0x0000000020000510                uwTickFreq
 *fill*         0x0000000020000511        0x3 
 .data.uwTickPrio
                0x0000000020000514        0x4 ./Drivers/STM32F0xx_HAL_Driver/stm32f0xx_hal.o
                0x0000000020000514                uwTickPrio
 *(.RamFunc)
 *(.RamFunc*)
                0x0000000020000518                . = ALIGN (0x4)
                0x0000000020000518                _edata = .

.igot.plt       0x0000000020000518        0x0 load address 0x00000000080073c8
 .igot.plt      0x0000000020000518        0x0 c:/st/stm32cubeide_1.12.1/stm32cubeide/plugins/com.st.stm32cube.ide.mcu.externaltools.gnu-tools-for-stm32.10.3-2021.10.win32_1.0.200.202301161003/tools/bin/../lib/gcc/arm-none-eabi/10.3.1/thumb/v6-m/nofp/crtbegin.o
                0x0000000020000518                . = ALIGN (0x4)

.bss            0x0000000020000518      0x1f4 load address 0x00000000080073c8
                0x0000000020000518                _sbss = .
                0x0000000020000518                __bss_start__ = _sbss
 *(.bss)
 .bss           0x0000000020000518       0x1c c:/st/stm32cubeide_1.12.1/stm32cubeide/plugins/com.st.stm32cube.ide.mcu.externaltools.gnu-tools-for-stm32.10.3-2021.10.win32_1.0.200.202301161003/tools/bin/../lib/gcc/arm-none-eabi/10.3.1/thumb/v6-m/nofp/crtbegin.o
 *(.bss*)
 .bss.Mci       0x0000000020000534       0x20 ./Application/User/mc_config.o
                0x0000000020000534                Mci
 .bss.RealBusVoltageSensorFilterBufferM1
                0x0000000020000554       0x14 ./Application/User/mc_config.o
 .bss.FOCVars   0x0000000020000568       0x26 ./Application/User/mc_tasks.o
 .bss.bMCBootCompleted
                0x000000002000058e        0x1 ./Application/User/mc_tasks.o
 *fill*         0x000000002000058f        0x1 
 .bss.hBootCapDelayCounterM1
                0x0000000020000590        0x2 ./Application/User/mc_tasks.o
 .bss.hMFTaskCounterM1
                0x0000000020000592        0x2 ./Application/User/mc_tasks.o
 .bss.hStopPermanencyCounterM1
                0x0000000020000594        0x2 ./Application/User/mc_tasks.o
 *fill*         0x0000000020000596        0x2 
 .bss.pREMNG    0x0000000020000598        0x4 ./Application/User/mc_tasks.o
 .bss.pwmcHandle
                0x000000002000059c        0x4 ./Application/User/mc_tasks.o
 .bss.MCPSyncRXBuff
                0x00000000200005a0       0x82 ./Application/User/mcp_config.o
 *fill*         0x0000000020000622        0x2 
 .bss.MCPSyncTxBuff
                0x0000000020000624       0x86 ./Application/User/mcp_config.o
 *fill*         0x00000000200006aa        0x2 
 .bss.MCP_UserCallBack
                0x00000000200006ac        0x8 ./Application/User/mcp_config.o
                0x00000000200006ac                MCP_UserCallBack
 .bss.pMCI      0x00000000200006b4        0x4 ./Application/User/motorcontrol.o
                0x00000000200006b4                pMCI
 .bss.RCM_CB_array
                0x00000000200006b8       0x20 ./Application/User/regular_conversion_manager.o
 .bss.RCM_NoInj_array
                0x00000000200006d8       0x18 ./Application/User/regular_conversion_manager.o
 .bss.RCM_UserConvHandle
                0x00000000200006f0        0x1 ./Application/User/regular_conversion_manager.o
 .bss.RCM_UserConvState
                0x00000000200006f1        0x1 ./Application/User/regular_conversion_manager.o
 .bss.RCM_UserConvValue
                0x00000000200006f2        0x2 ./Application/User/regular_conversion_manager.o
 .bss.RCM_currentHandle
                0x00000000200006f4        0x1 ./Application/User/regular_conversion_manager.o
 *fill*         0x00000000200006f5        0x3 
 .bss.RCM_handle_array
                0x00000000200006f8       0x10 ./Application/User/regular_conversion_manager.o
 .bss.uwTick    0x0000000020000708        0x4 ./Drivers/STM32F0xx_HAL_Driver/stm32f0xx_hal.o
                0x0000000020000708                uwTick
 *(COMMON)
                0x000000002000070c                . = ALIGN (0x4)
                0x000000002000070c                _ebss = .
                0x000000002000070c                __bss_end__ = _ebss

._user_heap_stack
                0x000000002000070c      0x484 load address 0x00000000080073c8
                0x0000000020000710                . = ALIGN (0x8)
 *fill*         0x000000002000070c        0x4 
                [!provide]                        PROVIDE (end = .)
                0x0000000020000710                PROVIDE (_end = .)
                0x0000000020000790                . = (. + _Min_Heap_Size)
 *fill*         0x0000000020000710       0x80 
                0x0000000020000b90                . = (. + _Min_Stack_Size)
 *fill*         0x0000000020000790      0x400 
                0x0000000020000b90                . = ALIGN (0x8)

/DISCARD/
 libc.a(*)
 libm.a(*)
 libgcc.a(*)

.ARM.attributes
                0x0000000000000000       0x28
 *(.ARM.attributes)
 .ARM.attributes
                0x0000000000000000       0x1e c:/st/stm32cubeide_1.12.1/stm32cubeide/plugins/com.st.stm32cube.ide.mcu.externaltools.gnu-tools-for-stm32.10.3-2021.10.win32_1.0.200.202301161003/tools/bin/../lib/gcc/arm-none-eabi/10.3.1/thumb/v6-m/nofp/crti.o
 .ARM.attributes
                0x000000000000001e       0x2c c:/st/stm32cubeide_1.12.1/stm32cubeide/plugins/com.st.stm32cube.ide.mcu.externaltools.gnu-tools-for-stm32.10.3-2021.10.win32_1.0.200.202301161003/tools/bin/../lib/gcc/arm-none-eabi/10.3.1/thumb/v6-m/nofp/crtbegin.o
 .ARM.attributes
                0x000000000000004a       0x21 ./Application/Startup/startup_stm32f031c6tx.o
 .ARM.attributes
                0x000000000000006b       0x28 ./Application/User/aspep.o
 .ARM.attributes
                0x0000000000000093       0x28 ./Application/User/main.o
 .ARM.attributes
                0x00000000000000bb       0x28 ./Application/User/mc_api.o
 .ARM.attributes
                0x00000000000000e3       0x28 ./Application/User/mc_app_hooks.o
 .ARM.attributes
                0x000000000000010b       0x28 ./Application/User/mc_config.o
 .ARM.attributes
                0x0000000000000133       0x28 ./Application/User/mc_configuration_registers.o
 .ARM.attributes
                0x000000000000015b       0x28 ./Application/User/mc_interface.o
 .ARM.attributes
                0x0000000000000183       0x28 ./Application/User/mc_math.o
 .ARM.attributes
                0x00000000000001ab       0x28 ./Application/User/mc_parameters.o
 .ARM.attributes
                0x00000000000001d3       0x28 ./Application/User/mc_tasks.o
 .ARM.attributes
                0x00000000000001fb       0x28 ./Application/User/mcp_config.o
 .ARM.attributes
                0x0000000000000223       0x28 ./Application/User/motorcontrol.o
 .ARM.attributes
                0x000000000000024b       0x28 ./Application/User/pwm_curr_fdbk.o
 .ARM.attributes
                0x0000000000000273       0x28 ./Application/User/register_interface.o
 .ARM.attributes
                0x000000000000029b       0x28 ./Application/User/regular_conversion_manager.o
 .ARM.attributes
                0x00000000000002c3       0x28 ./Application/User/stm32f0xx_hal_msp.o
 .ARM.attributes
                0x00000000000002eb       0x28 ./Application/User/stm32f0xx_mc_it.o
 .ARM.attributes
                0x0000000000000313       0x28 ./Application/User/usart_aspep_driver.o
 .ARM.attributes
                0x000000000000033b       0x28 ./Drivers/CMSIS/system_stm32f0xx.o
 .ARM.attributes
                0x0000000000000363       0x28 ./Drivers/STM32F0xx_HAL_Driver/stm32f0xx_hal.o
 .ARM.attributes
                0x000000000000038b       0x28 ./Drivers/STM32F0xx_HAL_Driver/stm32f0xx_hal_cortex.o
 .ARM.attributes
                0x00000000000003b3       0x28 ./Drivers/STM32F0xx_HAL_Driver/stm32f0xx_hal_rcc.o
 .ARM.attributes
                0x00000000000003db       0x28 ./Drivers/STM32F0xx_HAL_Driver/stm32f0xx_ll_adc.o
 .ARM.attributes
                0x0000000000000403       0x28 ./Drivers/STM32F0xx_HAL_Driver/stm32f0xx_ll_exti.o
 .ARM.attributes
                0x000000000000042b       0x28 ./Drivers/STM32F0xx_HAL_Driver/stm32f0xx_ll_gpio.o
 .ARM.attributes
                0x0000000000000453       0x28 ./Drivers/STM32F0xx_HAL_Driver/stm32f0xx_ll_rcc.o
 .ARM.attributes
                0x000000000000047b       0x28 ./Drivers/STM32F0xx_HAL_Driver/stm32f0xx_ll_tim.o
 .ARM.attributes
                0x00000000000004a3       0x28 ./Drivers/STM32F0xx_HAL_Driver/stm32f0xx_ll_usart.o
 .ARM.attributes
                0x00000000000004cb       0x28 ./Drivers/STM32F0xx_HAL_Driver/stm32f0xx_ll_utils.o
 .ARM.attributes
                0x00000000000004f3       0x28 ./Middlewares/MotorControl/bus_voltage_sensor.o
 .ARM.attributes
                0x000000000000051b       0x28 ./Middlewares/MotorControl/circle_limitation.o
 .ARM.attributes
                0x0000000000000543       0x28 ./Middlewares/MotorControl/mcp.o
 .ARM.attributes
                0x000000000000056b       0x28 ./Middlewares/MotorControl/ntc_temperature_sensor.o
 .ARM.attributes
                0x0000000000000593       0x28 ./Middlewares/MotorControl/pid_regulator.o
 .ARM.attributes
                0x00000000000005bb       0x28 ./Middlewares/MotorControl/pqd_motor_power_measurement.o
 .ARM.attributes
                0x00000000000005e3       0x28 ./Middlewares/MotorControl/pwm_common.o
 .ARM.attributes
                0x000000000000060b       0x28 ./Middlewares/MotorControl/r3_f0xx_pwm_curr_fdbk.o
 .ARM.attributes
                0x0000000000000633       0x28 ./Middlewares/MotorControl/r_divider_bus_voltage_sensor.o
 .ARM.attributes
                0x000000000000065b       0x28 ./Middlewares/MotorControl/ramp_ext_mngr.o
 .ARM.attributes
                0x0000000000000683       0x28 ./Middlewares/MotorControl/revup_ctrl.o
 .ARM.attributes
                0x00000000000006ab       0x28 ./Middlewares/MotorControl/speed_pos_fdbk.o
 .ARM.attributes
                0x00000000000006d3       0x28 ./Middlewares/MotorControl/speed_torq_ctrl.o
 .ARM.attributes
                0x00000000000006fb       0x28 ./Middlewares/MotorControl/sto_pll_speed_pos_fdbk.o
 .ARM.attributes
                0x0000000000000723       0x28 ./Middlewares/MotorControl/virtual_speed_sensor.o
 .ARM.attributes
                0x000000000000074b       0x2c c:/st/stm32cubeide_1.12.1/stm32cubeide/plugins/com.st.stm32cube.ide.mcu.externaltools.gnu-tools-for-stm32.10.3-2021.10.win32_1.0.200.202301161003/tools/bin/../lib/gcc/arm-none-eabi/10.3.1/../../../../arm-none-eabi/lib/thumb/v6-m/nofp\libc_nano.a(lib_a-init.o)
 .ARM.attributes
                0x0000000000000777       0x2c c:/st/stm32cubeide_1.12.1/stm32cubeide/plugins/com.st.stm32cube.ide.mcu.externaltools.gnu-tools-for-stm32.10.3-2021.10.win32_1.0.200.202301161003/tools/bin/../lib/gcc/arm-none-eabi/10.3.1/../../../../arm-none-eabi/lib/thumb/v6-m/nofp\libc_nano.a(lib_a-memcpy-stub.o)
 .ARM.attributes
                0x00000000000007a3       0x2c c:/st/stm32cubeide_1.12.1/stm32cubeide/plugins/com.st.stm32cube.ide.mcu.externaltools.gnu-tools-for-stm32.10.3-2021.10.win32_1.0.200.202301161003/tools/bin/../lib/gcc/arm-none-eabi/10.3.1/../../../../arm-none-eabi/lib/thumb/v6-m/nofp\libc_nano.a(lib_a-memset.o)
 .ARM.attributes
                0x00000000000007cf       0x1e c:/st/stm32cubeide_1.12.1/stm32cubeide/plugins/com.st.stm32cube.ide.mcu.externaltools.gnu-tools-for-stm32.10.3-2021.10.win32_1.0.200.202301161003/tools/bin/../lib/gcc/arm-none-eabi/10.3.1/thumb/v6-m/nofp\libgcc.a(_udivsi3.o)
 .ARM.attributes
                0x00000000000007ed       0x1e c:/st/stm32cubeide_1.12.1/stm32cubeide/plugins/com.st.stm32cube.ide.mcu.externaltools.gnu-tools-for-stm32.10.3-2021.10.win32_1.0.200.202301161003/tools/bin/../lib/gcc/arm-none-eabi/10.3.1/thumb/v6-m/nofp\libgcc.a(_divsi3.o)
 .ARM.attributes
                0x000000000000080b       0x1e c:/st/stm32cubeide_1.12.1/stm32cubeide/plugins/com.st.stm32cube.ide.mcu.externaltools.gnu-tools-for-stm32.10.3-2021.10.win32_1.0.200.202301161003/tools/bin/../lib/gcc/arm-none-eabi/10.3.1/thumb/v6-m/nofp\libgcc.a(_dvmd_tls.o)
 .ARM.attributes
                0x0000000000000829       0x2c c:/st/stm32cubeide_1.12.1/stm32cubeide/plugins/com.st.stm32cube.ide.mcu.externaltools.gnu-tools-for-stm32.10.3-2021.10.win32_1.0.200.202301161003/tools/bin/../lib/gcc/arm-none-eabi/10.3.1/thumb/v6-m/nofp\libgcc.a(_muldi3.o)
 .ARM.attributes
                0x0000000000000855       0x2c c:/st/stm32cubeide_1.12.1/stm32cubeide/plugins/com.st.stm32cube.ide.mcu.externaltools.gnu-tools-for-stm32.10.3-2021.10.win32_1.0.200.202301161003/tools/bin/../lib/gcc/arm-none-eabi/10.3.1/thumb/v6-m/nofp\libgcc.a(mulsf3.o)
 .ARM.attributes
                0x0000000000000881       0x2c c:/st/stm32cubeide_1.12.1/stm32cubeide/plugins/com.st.stm32cube.ide.mcu.externaltools.gnu-tools-for-stm32.10.3-2021.10.win32_1.0.200.202301161003/tools/bin/../lib/gcc/arm-none-eabi/10.3.1/thumb/v6-m/nofp\libgcc.a(floatsisf.o)
 .ARM.attributes
                0x00000000000008ad       0x1e c:/st/stm32cubeide_1.12.1/stm32cubeide/plugins/com.st.stm32cube.ide.mcu.externaltools.gnu-tools-for-stm32.10.3-2021.10.win32_1.0.200.202301161003/tools/bin/../lib/gcc/arm-none-eabi/10.3.1/thumb/v6-m/nofp\libgcc.a(_clzsi2.o)
 .ARM.attributes
                0x00000000000008cb       0x1e c:/st/stm32cubeide_1.12.1/stm32cubeide/plugins/com.st.stm32cube.ide.mcu.externaltools.gnu-tools-for-stm32.10.3-2021.10.win32_1.0.200.202301161003/tools/bin/../lib/gcc/arm-none-eabi/10.3.1/thumb/v6-m/nofp/crtn.o
OUTPUT(STEVAL_SPIN3201_example.elf elf32-littlearm)
LOAD linker stubs
LOAD c:/st/stm32cubeide_1.12.1/stm32cubeide/plugins/com.st.stm32cube.ide.mcu.externaltools.gnu-tools-for-stm32.10.3-2021.10.win32_1.0.200.202301161003/tools/bin/../lib/gcc/arm-none-eabi/10.3.1/../../../../arm-none-eabi/lib/thumb/v6-m/nofp\libc.a
LOAD c:/st/stm32cubeide_1.12.1/stm32cubeide/plugins/com.st.stm32cube.ide.mcu.externaltools.gnu-tools-for-stm32.10.3-2021.10.win32_1.0.200.202301161003/tools/bin/../lib/gcc/arm-none-eabi/10.3.1/../../../../arm-none-eabi/lib/thumb/v6-m/nofp\libm.a
LOAD c:/st/stm32cubeide_1.12.1/stm32cubeide/plugins/com.st.stm32cube.ide.mcu.externaltools.gnu-tools-for-stm32.10.3-2021.10.win32_1.0.200.202301161003/tools/bin/../lib/gcc/arm-none-eabi/10.3.1/thumb/v6-m/nofp\libgcc.a

.debug_line     0x0000000000000000    0x27b93
 .debug_line    0x0000000000000000       0x90 ./Application/Startup/startup_stm32f031c6tx.o
 .debug_line    0x0000000000000090     0x1570 ./Application/User/aspep.o
 .debug_line    0x0000000000001600     0x1b2b ./Application/User/main.o
 .debug_line    0x000000000000312b     0x1051 ./Application/User/mc_api.o
 .debug_line    0x000000000000417c      0x80f ./Application/User/mc_app_hooks.o
 .debug_line    0x000000000000498b      0xb4e ./Application/User/mc_config.o
 .debug_line    0x00000000000054d9      0x8d8 ./Application/User/mc_configuration_registers.o
 .debug_line    0x0000000000005db1     0x179c ./Application/User/mc_interface.o
 .debug_line    0x000000000000754d      0xbcc ./Application/User/mc_math.o
 .debug_line    0x0000000000008119      0xb3f ./Application/User/mc_parameters.o
 .debug_line    0x0000000000008c58     0x1643 ./Application/User/mc_tasks.o
 .debug_line    0x000000000000a29b      0x8c3 ./Application/User/mcp_config.o
 .debug_line    0x000000000000ab5e      0xb79 ./Application/User/motorcontrol.o
 .debug_line    0x000000000000b6d7     0x1069 ./Application/User/pwm_curr_fdbk.o
 .debug_line    0x000000000000c740     0x20f7 ./Application/User/register_interface.o
 .debug_line    0x000000000000e837     0x136b ./Application/User/regular_conversion_manager.o
 .debug_line    0x000000000000fba2      0xb72 ./Application/User/stm32f0xx_hal_msp.o
 .debug_line    0x0000000000010714     0x106d ./Application/User/stm32f0xx_mc_it.o
 .debug_line    0x0000000000011781      0xeb8 ./Application/User/usart_aspep_driver.o
 .debug_line    0x0000000000012639      0x754 ./Drivers/CMSIS/system_stm32f0xx.o
 .debug_line    0x0000000000012d8d      0xa41 ./Drivers/STM32F0xx_HAL_Driver/stm32f0xx_hal.o
 .debug_line    0x00000000000137ce      0xa9e ./Drivers/STM32F0xx_HAL_Driver/stm32f0xx_hal_cortex.o
 .debug_line    0x000000000001426c     0x12a8 ./Drivers/STM32F0xx_HAL_Driver/stm32f0xx_hal_rcc.o
 .debug_line    0x0000000000015514      0xa2c ./Drivers/STM32F0xx_HAL_Driver/stm32f0xx_ll_adc.o
 .debug_line    0x0000000000015f40      0x8bc ./Drivers/STM32F0xx_HAL_Driver/stm32f0xx_ll_exti.o
 .debug_line    0x00000000000167fc      0x9f1 ./Drivers/STM32F0xx_HAL_Driver/stm32f0xx_ll_gpio.o
 .debug_line    0x00000000000171ed     0x1076 ./Drivers/STM32F0xx_HAL_Driver/stm32f0xx_ll_rcc.o
 .debug_line    0x0000000000018263     0x112f ./Drivers/STM32F0xx_HAL_Driver/stm32f0xx_ll_tim.o
 .debug_line    0x0000000000019392      0x995 ./Drivers/STM32F0xx_HAL_Driver/stm32f0xx_ll_usart.o
 .debug_line    0x0000000000019d27      0xea5 ./Drivers/STM32F0xx_HAL_Driver/stm32f0xx_ll_utils.o
 .debug_line    0x000000000001abcc      0x8d0 ./Middlewares/MotorControl/bus_voltage_sensor.o
 .debug_line    0x000000000001b49c      0x94e ./Middlewares/MotorControl/circle_limitation.o
 .debug_line    0x000000000001bdea      0xda0 ./Middlewares/MotorControl/mcp.o
 .debug_line    0x000000000001cb8a      0xa42 ./Middlewares/MotorControl/ntc_temperature_sensor.o
 .debug_line    0x000000000001d5cc      0xd0f ./Middlewares/MotorControl/pid_regulator.o
 .debug_line    0x000000000001e2db      0x926 ./Middlewares/MotorControl/pqd_motor_power_measurement.o
 .debug_line    0x000000000001ec01      0xa44 ./Middlewares/MotorControl/pwm_common.o
 .debug_line    0x000000000001f645     0x2128 ./Middlewares/MotorControl/r3_f0xx_pwm_curr_fdbk.o
 .debug_line    0x000000000002176d      0xc9d ./Middlewares/MotorControl/r_divider_bus_voltage_sensor.o
 .debug_line    0x000000000002240a      0xaf8 ./Middlewares/MotorControl/ramp_ext_mngr.o
 .debug_line    0x0000000000022f02     0x1134 ./Middlewares/MotorControl/revup_ctrl.o
 .debug_line    0x0000000000024036      0xa48 ./Middlewares/MotorControl/speed_pos_fdbk.o
 .debug_line    0x0000000000024a7e      0xd0f ./Middlewares/MotorControl/speed_torq_ctrl.o
 .debug_line    0x000000000002578d     0x1625 ./Middlewares/MotorControl/sto_pll_speed_pos_fdbk.o
 .debug_line    0x0000000000026db2      0xde1 ./Middlewares/MotorControl/virtual_speed_sensor.o

.debug_info     0x0000000000000000    0x29bee
 .debug_info    0x0000000000000000       0x22 ./Application/Startup/startup_stm32f031c6tx.o
 .debug_info    0x0000000000000022     0x124d ./Application/User/aspep.o
 .debug_info    0x000000000000126f     0x2e74 ./Application/User/main.o
 .debug_info    0x00000000000040e3     0x18c8 ./Application/User/mc_api.o
 .debug_info    0x00000000000059ab      0x15b ./Application/User/mc_app_hooks.o
 .debug_info    0x0000000000005b06     0x1e11 ./Application/User/mc_config.o
 .debug_info    0x0000000000007917      0x53b ./Application/User/mc_configuration_registers.o
 .debug_info    0x0000000000007e52     0x20c0 ./Application/User/mc_interface.o
 .debug_info    0x0000000000009f12      0x62f ./Application/User/mc_math.o
 .debug_info    0x000000000000a541      0xa15 ./Application/User/mc_parameters.o
 .debug_info    0x000000000000af56     0x38c3 ./Application/User/mc_tasks.o
 .debug_info    0x000000000000e819      0x8f6 ./Application/User/mcp_config.o
 .debug_info    0x000000000000f10f      0xdde ./Application/User/motorcontrol.o
 .debug_info    0x000000000000feed      0xfb9 ./Application/User/pwm_curr_fdbk.o
 .debug_info    0x0000000000010ea6     0x31ff ./Application/User/register_interface.o
 .debug_info    0x00000000000140a5     0x1500 ./Application/User/regular_conversion_manager.o
 .debug_info    0x00000000000155a5      0x27b ./Application/User/stm32f0xx_hal_msp.o
 .debug_info    0x0000000000015820     0x1b6a ./Application/User/stm32f0xx_mc_it.o
 .debug_info    0x000000000001738a     0x1179 ./Application/User/usart_aspep_driver.o
 .debug_info    0x0000000000018503      0x28f ./Drivers/CMSIS/system_stm32f0xx.o
 .debug_info    0x0000000000018792      0x782 ./Drivers/STM32F0xx_HAL_Driver/stm32f0xx_hal.o
 .debug_info    0x0000000000018f14      0x890 ./Drivers/STM32F0xx_HAL_Driver/stm32f0xx_hal_cortex.o
 .debug_info    0x00000000000197a4      0xb1e ./Drivers/STM32F0xx_HAL_Driver/stm32f0xx_hal_rcc.o
 .debug_info    0x000000000001a2c2      0x7a6 ./Drivers/STM32F0xx_HAL_Driver/stm32f0xx_ll_adc.o
 .debug_info    0x000000000001aa68      0x4c7 ./Drivers/STM32F0xx_HAL_Driver/stm32f0xx_ll_exti.o
 .debug_info    0x000000000001af2f      0x78e ./Drivers/STM32F0xx_HAL_Driver/stm32f0xx_ll_gpio.o
 .debug_info    0x000000000001b6bd      0xbf3 ./Drivers/STM32F0xx_HAL_Driver/stm32f0xx_ll_rcc.o
 .debug_info    0x000000000001c2b0     0x13d2 ./Drivers/STM32F0xx_HAL_Driver/stm32f0xx_ll_tim.o
 .debug_info    0x000000000001d682      0x7ab ./Drivers/STM32F0xx_HAL_Driver/stm32f0xx_ll_usart.o
 .debug_info    0x000000000001de2d      0xcd2 ./Drivers/STM32F0xx_HAL_Driver/stm32f0xx_ll_utils.o
 .debug_info    0x000000000001eaff      0x2c0 ./Middlewares/MotorControl/bus_voltage_sensor.o
 .debug_info    0x000000000001edbf      0x34c ./Middlewares/MotorControl/circle_limitation.o
 .debug_info    0x000000000001f10b     0x109b ./Middlewares/MotorControl/mcp.o
 .debug_info    0x00000000000201a6      0x5f4 ./Middlewares/MotorControl/ntc_temperature_sensor.o
 .debug_info    0x000000000002079a      0x957 ./Middlewares/MotorControl/pid_regulator.o
 .debug_info    0x00000000000210f1      0x4f0 ./Middlewares/MotorControl/pqd_motor_power_measurement.o
 .debug_info    0x00000000000215e1      0x6ee ./Middlewares/MotorControl/pwm_common.o
 .debug_info    0x0000000000021ccf     0x2f32 ./Middlewares/MotorControl/r3_f0xx_pwm_curr_fdbk.o
 .debug_info    0x0000000000024c01      0x6f6 ./Middlewares/MotorControl/r_divider_bus_voltage_sensor.o
 .debug_info    0x00000000000252f7      0x507 ./Middlewares/MotorControl/ramp_ext_mngr.o
 .debug_info    0x00000000000257fe     0x1562 ./Middlewares/MotorControl/revup_ctrl.o
 .debug_info    0x0000000000026d60      0x56d ./Middlewares/MotorControl/speed_pos_fdbk.o
 .debug_info    0x00000000000272cd      0xaa0 ./Middlewares/MotorControl/speed_torq_ctrl.o
 .debug_info    0x0000000000027d6d     0x1661 ./Middlewares/MotorControl/sto_pll_speed_pos_fdbk.o
 .debug_info    0x00000000000293ce      0x820 ./Middlewares/MotorControl/virtual_speed_sensor.o

.debug_abbrev   0x0000000000000000     0x6aa7
 .debug_abbrev  0x0000000000000000       0x12 ./Application/Startup/startup_stm32f031c6tx.o
 .debug_abbrev  0x0000000000000012      0x3ce ./Application/User/aspep.o
 .debug_abbrev  0x00000000000003e0      0x40f ./Application/User/main.o
 .debug_abbrev  0x00000000000007ef      0x275 ./Application/User/mc_api.o
 .debug_abbrev  0x0000000000000a64       0x9a ./Application/User/mc_app_hooks.o
 .debug_abbrev  0x0000000000000afe      0x23b ./Application/User/mc_config.o
 .debug_abbrev  0x0000000000000d39      0x109 ./Application/User/mc_configuration_registers.o
 .debug_abbrev  0x0000000000000e42      0x32c ./Application/User/mc_interface.o
 .debug_abbrev  0x000000000000116e      0x17e ./Application/User/mc_math.o
 .debug_abbrev  0x00000000000012ec      0x151 ./Application/User/mc_parameters.o
 .debug_abbrev  0x000000000000143d      0x4a5 ./Application/User/mc_tasks.o
 .debug_abbrev  0x00000000000018e2      0x1c7 ./Application/User/mcp_config.o
 .debug_abbrev  0x0000000000001aa9      0x22a ./Application/User/motorcontrol.o
 .debug_abbrev  0x0000000000001cd3      0x321 ./Application/User/pwm_curr_fdbk.o
 .debug_abbrev  0x0000000000001ff4      0x438 ./Application/User/register_interface.o
 .debug_abbrev  0x000000000000242c      0x356 ./Application/User/regular_conversion_manager.o
 .debug_abbrev  0x0000000000002782       0xe8 ./Application/User/stm32f0xx_hal_msp.o
 .debug_abbrev  0x000000000000286a      0x382 ./Application/User/stm32f0xx_mc_it.o
 .debug_abbrev  0x0000000000002bec      0x2ab ./Application/User/usart_aspep_driver.o
 .debug_abbrev  0x0000000000002e97      0x134 ./Drivers/CMSIS/system_stm32f0xx.o
 .debug_abbrev  0x0000000000002fcb      0x2ca ./Drivers/STM32F0xx_HAL_Driver/stm32f0xx_hal.o
 .debug_abbrev  0x0000000000003295      0x285 ./Drivers/STM32F0xx_HAL_Driver/stm32f0xx_hal_cortex.o
 .debug_abbrev  0x000000000000351a      0x318 ./Drivers/STM32F0xx_HAL_Driver/stm32f0xx_hal_rcc.o
 .debug_abbrev  0x0000000000003832      0x277 ./Drivers/STM32F0xx_HAL_Driver/stm32f0xx_ll_adc.o
 .debug_abbrev  0x0000000000003aa9      0x1b2 ./Drivers/STM32F0xx_HAL_Driver/stm32f0xx_ll_exti.o
 .debug_abbrev  0x0000000000003c5b      0x1f9 ./Drivers/STM32F0xx_HAL_Driver/stm32f0xx_ll_gpio.o
 .debug_abbrev  0x0000000000003e54      0x35a ./Drivers/STM32F0xx_HAL_Driver/stm32f0xx_ll_rcc.o
 .debug_abbrev  0x00000000000041ae      0x2cd ./Drivers/STM32F0xx_HAL_Driver/stm32f0xx_ll_tim.o
 .debug_abbrev  0x000000000000447b      0x2ba ./Drivers/STM32F0xx_HAL_Driver/stm32f0xx_ll_usart.o
 .debug_abbrev  0x0000000000004735      0x37c ./Drivers/STM32F0xx_HAL_Driver/stm32f0xx_ll_utils.o
 .debug_abbrev  0x0000000000004ab1      0x10d ./Middlewares/MotorControl/bus_voltage_sensor.o
 .debug_abbrev  0x0000000000004bbe      0x116 ./Middlewares/MotorControl/circle_limitation.o
 .debug_abbrev  0x0000000000004cd4      0x247 ./Middlewares/MotorControl/mcp.o
 .debug_abbrev  0x0000000000004f1b      0x1d6 ./Middlewares/MotorControl/ntc_temperature_sensor.o
 .debug_abbrev  0x00000000000050f1      0x1ae ./Middlewares/MotorControl/pid_regulator.o
 .debug_abbrev  0x000000000000529f      0x1cc ./Middlewares/MotorControl/pqd_motor_power_measurement.o
 .debug_abbrev  0x000000000000546b      0x1f0 ./Middlewares/MotorControl/pwm_common.o
 .debug_abbrev  0x000000000000565b      0x42a ./Middlewares/MotorControl/r3_f0xx_pwm_curr_fdbk.o
 .debug_abbrev  0x0000000000005a85      0x261 ./Middlewares/MotorControl/r_divider_bus_voltage_sensor.o
 .debug_abbrev  0x0000000000005ce6      0x21e ./Middlewares/MotorControl/ramp_ext_mngr.o
 .debug_abbrev  0x0000000000005f04      0x308 ./Middlewares/MotorControl/revup_ctrl.o
 .debug_abbrev  0x000000000000620c      0x180 ./Middlewares/MotorControl/speed_pos_fdbk.o
 .debug_abbrev  0x000000000000638c      0x201 ./Middlewares/MotorControl/speed_torq_ctrl.o
 .debug_abbrev  0x000000000000658d      0x306 ./Middlewares/MotorControl/sto_pll_speed_pos_fdbk.o
 .debug_abbrev  0x0000000000006893      0x214 ./Middlewares/MotorControl/virtual_speed_sensor.o

.debug_aranges  0x0000000000000000     0x1268
 .debug_aranges
                0x0000000000000000       0x28 ./Application/Startup/startup_stm32f031c6tx.o
 .debug_aranges
                0x0000000000000028       0x68 ./Application/User/aspep.o
 .debug_aranges
                0x0000000000000090       0x30 ./Application/User/main.o
 .debug_aranges