C:/Users/13410/Desktop/study/Summer Project Year 1/Self_balancing/MCSDK_v6.1.2-Full/MotorControl/MCSDK/MCLib/Any/Src/speed_pos_fdbk.c:62:16:SPD_GetElAngle	0	static
C:/Users/13410/Desktop/study/Summer Project Year 1/Self_balancing/MCSDK_v6.1.2-Full/MotorControl/MCSDK/MCLib/Any/Src/speed_pos_fdbk.c:81:16:SPD_GetMecAngle	0	static
C:/Users/13410/Desktop/study/Summer Project Year 1/Self_balancing/MCSDK_v6.1.2-Full/MotorControl/MCSDK/MCLib/Any/Src/speed_pos_fdbk.c:95:16:SPD_GetAvrgMecSpeedUnit	0	static
C:/Users/13410/Desktop/study/Summer Project Year 1/Self_balancing/MCSDK_v6.1.2-Full/MotorControl/MCSDK/MCLib/Any/Src/speed_pos_fdbk.c:112:16:SPD_GetElSpeedDpp	0	static
C:/Users/13410/Desktop/study/Summer Project Year 1/Self_balancing/MCSDK_v6.1.2-Full/MotorControl/MCSDK/MCLib/Any/Src/speed_pos_fdbk.c:136:16:SPD_GetInstElSpeedDpp	0	static
C:/Users/13410/Desktop/study/Summer Project Year 1/Self_balancing/MCSDK_v6.1.2-Full/MotorControl/MCSDK/MCLib/Any/Src/speed_pos_fdbk.c:155:13:SPD_Check	0	static
C:/Users/13410/Desktop/study/Summer Project Year 1/Self_balancing/MCSDK_v6.1.2-Full/MotorControl/MCSDK/MCLib/Any/Src/speed_pos_fdbk.c:192:13:SPD_IsMecSpeedReliable	16	static
C:/Users/13410/Desktop/study/Summer Project Year 1/Self_balancing/MCSDK_v6.1.2-Full/MotorControl/MCSDK/MCLib/Any/Src/speed_pos_fdbk.c:287:16:SPD_GetS16Speed	8	static
C:/Users/13410/Desktop/study/Summer Project Year 1/Self_balancing/MCSDK_v6.1.2-Full/MotorControl/MCSDK/MCLib/Any/Src/speed_pos_fdbk.c:315:16:SPD_GetElToMecRatio	0	static
C:/Users/13410/Desktop/study/Summer Project Year 1/Self_balancing/MCSDK_v6.1.2-Full/MotorControl/MCSDK/MCLib/Any/Src/speed_pos_fdbk.c:331:13:SPD_SetElToMecRatio	0	static
