C:/Users/13410/Desktop/study/Summer Project Year 1/STEVAL_SPIN3201_example/MCSDK_v6.1.2-Full/MotorControl/MCSDK/MCLib/F0xx/Src/r3_f0xx_pwm_curr_fdbk.c:973:13:R3_1_HFCurrentsCalibrationAB	12	static
C:/Users/13410/Desktop/study/Summer Project Year 1/STEVAL_SPIN3201_example/MCSDK_v6.1.2-Full/MotorControl/MCSDK/MCLib/F0xx/Src/r3_f0xx_pwm_curr_fdbk.c:1011:13:R3_1_HFCurrentsCalibrationC	12	static
C:/Users/13410/Desktop/study/Summer Project Year 1/STEVAL_SPIN3201_example/MCSDK_v6.1.2-Full/MotorControl/MCSDK/MCLib/F0xx/Src/r3_f0xx_pwm_curr_fdbk.c:81:13:R3_1_Init	24	static
C:/Users/13410/Desktop/study/Summer Project Year 1/STEVAL_SPIN3201_example/MCSDK_v6.1.2-Full/MotorControl/MCSDK/MCLib/F0xx/Src/r3_f0xx_pwm_curr_fdbk.c:161:13:R3_1_SetOffsetCalib	0	static
C:/Users/13410/Desktop/study/Summer Project Year 1/STEVAL_SPIN3201_example/MCSDK_v6.1.2-Full/MotorControl/MCSDK/MCLib/F0xx/Src/r3_f0xx_pwm_curr_fdbk.c:175:13:R3_1_GetOffsetCalib	0	static
C:/Users/13410/Desktop/study/Summer Project Year 1/STEVAL_SPIN3201_example/MCSDK_v6.1.2-Full/MotorControl/MCSDK/MCLib/F0xx/Src/r3_f0xx_pwm_curr_fdbk.c:292:13:R3_1_GetPhaseCurrents	20	static
C:/Users/13410/Desktop/study/Summer Project Year 1/STEVAL_SPIN3201_example/MCSDK_v6.1.2-Full/MotorControl/MCSDK/MCLib/F0xx/Src/r3_f0xx_pwm_curr_fdbk.c:451:13:R3_1_GetPhaseCurrents_OVM	20	static
C:/Users/13410/Desktop/study/Summer Project Year 1/STEVAL_SPIN3201_example/MCSDK_v6.1.2-Full/MotorControl/MCSDK/MCLib/F0xx/Src/r3_f0xx_pwm_curr_fdbk.c:924:17:R3_1_WriteTIMRegisters	0	static
C:/Users/13410/Desktop/study/Summer Project Year 1/STEVAL_SPIN3201_example/MCSDK_v6.1.2-Full/MotorControl/MCSDK/MCLib/F0xx/Src/r3_f0xx_pwm_curr_fdbk.c:763:17:R3_1_SetADCSampPointCalibration	8	static
C:/Users/13410/Desktop/study/Summer Project Year 1/STEVAL_SPIN3201_example/MCSDK_v6.1.2-Full/MotorControl/MCSDK/MCLib/F0xx/Src/r3_f0xx_pwm_curr_fdbk.c:788:17:R3_1_SetADCSampPointSectX	16	static
C:/Users/13410/Desktop/study/Summer Project Year 1/STEVAL_SPIN3201_example/MCSDK_v6.1.2-Full/MotorControl/MCSDK/MCLib/F0xx/Src/r3_f0xx_pwm_curr_fdbk.c:860:10:R3_1_SetADCSampPointSectX_OVM	24	static
C:/Users/13410/Desktop/study/Summer Project Year 1/STEVAL_SPIN3201_example/MCSDK_v6.1.2-Full/MotorControl/MCSDK/MCLib/F0xx/Src/r3_f0xx_pwm_curr_fdbk.c:1049:13:R3_1_TurnOnLowSides	0	static
C:/Users/13410/Desktop/study/Summer Project Year 1/STEVAL_SPIN3201_example/MCSDK_v6.1.2-Full/MotorControl/MCSDK/MCLib/F0xx/Src/r3_f0xx_pwm_curr_fdbk.c:1093:13:R3_1_SwitchOnPWM	16	static
C:/Users/13410/Desktop/study/Summer Project Year 1/STEVAL_SPIN3201_example/MCSDK_v6.1.2-Full/MotorControl/MCSDK/MCLib/F0xx/Src/r3_f0xx_pwm_curr_fdbk.c:1185:13:R3_1_SwitchOffPWM	8	static
C:/Users/13410/Desktop/study/Summer Project Year 1/STEVAL_SPIN3201_example/MCSDK_v6.1.2-Full/MotorControl/MCSDK/MCLib/F0xx/Src/r3_f0xx_pwm_curr_fdbk.c:190:13:R3_1_CurrentReadingCalibration	48	static
C:/Users/13410/Desktop/study/Summer Project Year 1/STEVAL_SPIN3201_example/MCSDK_v6.1.2-Full/MotorControl/MCSDK/MCLib/F0xx/Src/r3_f0xx_pwm_curr_fdbk.c:1251:8:R3_1_TIMx_UP_IRQHandler	20	static
C:/Users/13410/Desktop/study/Summer Project Year 1/STEVAL_SPIN3201_example/MCSDK_v6.1.2-Full/MotorControl/MCSDK/MCLib/F0xx/Src/r3_f0xx_pwm_curr_fdbk.c:1280:15:F0XX_BRK_IRQHandler	0	static
C:/Users/13410/Desktop/study/Summer Project Year 1/STEVAL_SPIN3201_example/MCSDK_v6.1.2-Full/MotorControl/MCSDK/MCLib/F0xx/Src/r3_f0xx_pwm_curr_fdbk.c:1300:17:R3_1_IsOverCurrentOccurred	8	static
