C:/Users/13410/Desktop/study/Summer Project Year 1/STEVAL_SPIN3201_example/MCSDK_v6.1.2-Full/MotorControl/MCSDK/MCLib/Any/Src/r_divider_bus_voltage_sensor.c:74:13:RVBS_Clear	8	static
C:/Users/13410/Desktop/study/Summer Project Year 1/STEVAL_SPIN3201_example/MCSDK_v6.1.2-Full/MotorControl/MCSDK/MCLib/Any/Src/r_divider_bus_voltage_sensor.c:49:13:RVBS_Init	8	static
C:/Users/13410/Desktop/study/Summer Project Year 1/STEVAL_SPIN3201_example/MCSDK_v6.1.2-Full/MotorControl/MCSDK/MCLib/Any/Src/r_divider_bus_voltage_sensor.c:283:17:RVBS_CheckFaultState	8	static
C:/Users/13410/Desktop/study/Summer Project Year 1/STEVAL_SPIN3201_example/MCSDK_v6.1.2-Full/MotorControl/MCSDK/MCLib/Any/Src/r_divider_bus_voltage_sensor.c:165:17:RVBS_CalcAvVbusFilt	32	static
C:/Users/13410/Desktop/study/Summer Project Year 1/STEVAL_SPIN3201_example/MCSDK_v6.1.2-Full/MotorControl/MCSDK/MCLib/Any/Src/r_divider_bus_voltage_sensor.c:224:17:RVBS_CalcAvVbus	24	static
