C:/Users/13410/Desktop/study/Summer Project Year 1/STEVAL_SPIN3201_example/MCSDK_v6.1.2-Full/MotorControl/MCSDK/MCLib/Any/Src/ramp_ext_mngr.c:44:6:REMNG_Init	0	static
C:/Users/13410/Desktop/study/Summer Project Year 1/STEVAL_SPIN3201_example/MCSDK_v6.1.2-Full/MotorControl/MCSDK/MCLib/Any/Src/ramp_ext_mngr.c:78:16:REMNG_Calc	16	static
C:/Users/13410/Desktop/study/Summer Project Year 1/STEVAL_SPIN3201_example/MCSDK_v6.1.2-Full/MotorControl/MCSDK/MCLib/Any/Src/ramp_ext_mngr.c:217:16:REMNG_GetValue	8	static
C:/Users/13410/Desktop/study/Summer Project Year 1/STEVAL_SPIN3201_example/MCSDK_v6.1.2-Full/MotorControl/MCSDK/MCLib/Any/Src/ramp_ext_mngr.c:238:13:REMNG_RampCompleted	0	static
C:/Users/13410/Desktop/study/Summer Project Year 1/STEVAL_SPIN3201_example/MCSDK_v6.1.2-Full/MotorControl/MCSDK/MCLib/Any/Src/ramp_ext_mngr.c:269:13:REMNG_StopRamp	0	static
C:/Users/13410/Desktop/study/Summer Project Year 1/STEVAL_SPIN3201_example/MCSDK_v6.1.2-Full/MotorControl/MCSDK/MCLib/Any/Src/ramp_ext_mngr.c:293:17:getScalingFactor	0	static
C:/Users/13410/Desktop/study/Summer Project Year 1/STEVAL_SPIN3201_example/MCSDK_v6.1.2-Full/MotorControl/MCSDK/MCLib/Any/Src/ramp_ext_mngr.c:131:13:REMNG_ExecRamp	32	static
