C:/Users/13410/Desktop/study/Summer Project Year 1/Self_balancing/Src/mc_tasks.c:515:13:FOC_Clear	8	static
C:/Users/13410/Desktop/study/Summer Project Year 1/Self_balancing/Src/mc_tasks.c:105:13:MCboot	40	static
C:/Users/13410/Desktop/study/Summer Project Year 1/Self_balancing/Src/mc_tasks.c:554:13:FOC_InitAdditionalMethods	0	static
C:/Users/13410/Desktop/study/Summer Project Year 1/Self_balancing/Src/mc_tasks.c:578:13:FOC_CalcCurrRef	8	static
C:/Users/13410/Desktop/study/Summer Project Year 1/Self_balancing/Src/mc_tasks.c:605:13:TSK_SetChargeBootCapDelayM1	0	static
C:/Users/13410/Desktop/study/Summer Project Year 1/Self_balancing/Src/mc_tasks.c:616:13:TSK_ChargeBootCapDelayHasElapsedM1	0	static
C:/Users/13410/Desktop/study/Summer Project Year 1/Self_balancing/Src/mc_tasks.c:632:13:TSK_SetStopPermanencyTimeM1	0	static
C:/Users/13410/Desktop/study/Summer Project Year 1/Self_balancing/Src/mc_tasks.c:227:6:TSK_MF_StopProcessing	16	static
C:/Users/13410/Desktop/study/Summer Project Year 1/Self_balancing/Src/mc_tasks.c:643:13:TSK_StopPermanencyTimeHasElapsedM1	0	static
C:/Users/13410/Desktop/study/Summer Project Year 1/Self_balancing/Src/mc_tasks.c:317:13:TSK_MediumFrequencyTaskM1	32	static
C:/Users/13410/Desktop/study/Summer Project Year 1/Self_balancing/Src/mc_tasks.c:243:13:MC_Scheduler	16	static
C:/Users/13410/Desktop/study/Summer Project Year 1/Self_balancing/Src/mc_tasks.c:669:16:TSK_HighFrequencyTask	56	static
C:/Users/13410/Desktop/study/Summer Project Year 1/Self_balancing/Src/mc_tasks.c:780:13:TSK_SafetyTask_PWMOFF	32	static
C:/Users/13410/Desktop/study/Summer Project Year 1/Self_balancing/Src/mc_tasks.c:758:13:TSK_SafetyTask	8	static
C:/Users/13410/Desktop/study/Summer Project Year 1/Self_balancing/Src/mc_tasks.c:205:13:MC_RunMotorControlTasks	8	static
C:/Users/13410/Desktop/study/Summer Project Year 1/Self_balancing/Src/mc_tasks.c:825:23:GetMCI	0	static
C:/Users/13410/Desktop/study/Summer Project Year 1/Self_balancing/Src/mc_tasks.c:841:13:TSK_HardwareFaultTask	8	static
C:/Users/13410/Desktop/study/Summer Project Year 1/Self_balancing/Src/mc_tasks.c:854:13:UI_HandleStartStopButton_cb	8	static
C:/Users/13410/Desktop/study/Summer Project Year 1/Self_balancing/Src/mc_tasks.c:872:13:mc_lock_pins	56	static
