08:51:50 **** Incremental Build of configuration Debug for project Self_balancing ****
make -j8 all 
arm-none-eabi-gcc "C:/Users/13410/Desktop/study/Summer Project Year 1/Self_balancing/Src/main.c" -mcpu=cortex-m0 -std=gnu11 -g3 -DDEBUG -DARM_MATH_CM0 -DUSE_HAL_DRIVER -DSTM32F031x6 -c -I../../Inc -I../../Drivers/STM32F0xx_HAL_Driver/Inc -I../../Drivers/STM32F0xx_HAL_Driver/Inc/Legacy -I../../MCSDK_v6.1.2-Full/MotorControl/MCSDK/MCLib/Any/Inc -I../../Drivers/CMSIS/Device/ST/STM32F0xx/Include -I../../Drivers/CMSIS/Include -I../../Drivers/CMSIS/DSP/Include -Ofast -ffunction-sections -fdata-sections -Wall -fstack-usage -fcyclomatic-complexity -MMD -MP -MF"Application/User/main.d" -MT"Application/User/main.o" --specs=nano.specs -mfloat-abi=soft -mthumb -o "Application/User/main.o"
arm-none-eabi-gcc "C:/Users/13410/Desktop/study/Summer Project Year 1/Self_balancing/Src/mc_configuration_registers.c" -mcpu=cortex-m0 -std=gnu11 -g3 -DDEBUG -DARM_MATH_CM0 -DUSE_HAL_DRIVER -DSTM32F031x6 -c -I../../Inc -I../../Drivers/STM32F0xx_HAL_Driver/Inc -I../../Drivers/STM32F0xx_HAL_Driver/Inc/Legacy -I../../MCSDK_v6.1.2-Full/MotorControl/MCSDK/MCLib/Any/Inc -I../../Drivers/CMSIS/Device/ST/STM32F0xx/Include -I../../Drivers/CMSIS/Include -I../../Drivers/CMSIS/DSP/Include -Ofast -ffunction-sections -fdata-sections -Wall -fstack-usage -fcyclomatic-complexity -MMD -MP -MF"Application/User/mc_configuration_registers.d" -MT"Application/User/mc_configuration_registers.o" --specs=nano.specs -mfloat-abi=soft -mthumb -o "Application/User/mc_configuration_registers.o"
arm-none-eabi-gcc "C:/Users/13410/Desktop/study/Summer Project Year 1/Self_balancing/Src/mc_interface.c" -mcpu=cortex-m0 -std=gnu11 -g3 -DDEBUG -DARM_MATH_CM0 -DUSE_HAL_DRIVER -DSTM32F031x6 -c -I../../Inc -I../../Drivers/STM32F0xx_HAL_Driver/Inc -I../../Drivers/STM32F0xx_HAL_Driver/Inc/Legacy -I../../MCSDK_v6.1.2-Full/MotorControl/MCSDK/MCLib/Any/Inc -I../../Drivers/CMSIS/Device/ST/STM32F0xx/Include -I../../Drivers/CMSIS/Include -I../../Drivers/CMSIS/DSP/Include -Ofast -ffunction-sections -fdata-sections -Wall -fstack-usage -fcyclomatic-complexity -MMD -MP -MF"Application/User/mc_interface.d" -MT"Application/User/mc_interface.o" --specs=nano.specs -mfloat-abi=soft -mthumb -o "Application/User/mc_interface.o"
arm-none-eabi-gcc "C:/Users/13410/Desktop/study/Summer Project Year 1/Self_balancing/Src/mc_math.c" -mcpu=cortex-m0 -std=gnu11 -g3 -DDEBUG -DARM_MATH_CM0 -DUSE_HAL_DRIVER -DSTM32F031x6 -c -I../../Inc -I../../Drivers/STM32F0xx_HAL_Driver/Inc -I../../Drivers/STM32F0xx_HAL_Driver/Inc/Legacy -I../../MCSDK_v6.1.2-Full/MotorControl/MCSDK/MCLib/Any/Inc -I../../Drivers/CMSIS/Device/ST/STM32F0xx/Include -I../../Drivers/CMSIS/Include -I../../Drivers/CMSIS/DSP/Include -Ofast -ffunction-sections -fdata-sections -Wall -fstack-usage -fcyclomatic-complexity -MMD -MP -MF"Application/User/mc_math.d" -MT"Application/User/mc_math.o" --specs=nano.specs -mfloat-abi=soft -mthumb -o "Application/User/mc_math.o"
arm-none-eabi-gcc "C:/Users/13410/Desktop/study/Summer Project Year 1/Self_balancing/Src/mc_parameters.c" -mcpu=cortex-m0 -std=gnu11 -g3 -DDEBUG -DARM_MATH_CM0 -DUSE_HAL_DRIVER -DSTM32F031x6 -c -I../../Inc -I../../Drivers/STM32F0xx_HAL_Driver/Inc -I../../Drivers/STM32F0xx_HAL_Driver/Inc/Legacy -I../../MCSDK_v6.1.2-Full/MotorControl/MCSDK/MCLib/Any/Inc -I../../Drivers/CMSIS/Device/ST/STM32F0xx/Include -I../../Drivers/CMSIS/Include -I../../Drivers/CMSIS/DSP/Include -Ofast -ffunction-sections -fdata-sections -Wall -fstack-usage -fcyclomatic-complexity -MMD -MP -MF"Application/User/mc_parameters.d" -MT"Application/User/mc_parameters.o" --specs=nano.specs -mfloat-abi=soft -mthumb -o "Application/User/mc_parameters.o"
arm-none-eabi-gcc "C:/Users/13410/Desktop/study/Summer Project Year 1/Self_balancing/Src/mc_tasks.c" -mcpu=cortex-m0 -std=gnu11 -g3 -DDEBUG -DARM_MATH_CM0 -DUSE_HAL_DRIVER -DSTM32F031x6 -c -I../../Inc -I../../Drivers/STM32F0xx_HAL_Driver/Inc -I../../Drivers/STM32F0xx_HAL_Driver/Inc/Legacy -I../../MCSDK_v6.1.2-Full/MotorControl/MCSDK/MCLib/Any/Inc -I../../Drivers/CMSIS/Device/ST/STM32F0xx/Include -I../../Drivers/CMSIS/Include -I../../Drivers/CMSIS/DSP/Include -Ofast -ffunction-sections -fdata-sections -Wall -fstack-usage -fcyclomatic-complexity -MMD -MP -MF"Application/User/mc_tasks.d" -MT"Application/User/mc_tasks.o" --specs=nano.specs -mfloat-abi=soft -mthumb -o "Application/User/mc_tasks.o"
arm-none-eabi-gcc "C:/Users/13410/Desktop/study/Summer Project Year 1/Self_balancing/Src/mcp_config.c" -mcpu=cortex-m0 -std=gnu11 -g3 -DDEBUG -DARM_MATH_CM0 -DUSE_HAL_DRIVER -DSTM32F031x6 -c -I../../Inc -I../../Drivers/STM32F0xx_HAL_Driver/Inc -I../../Drivers/STM32F0xx_HAL_Driver/Inc/Legacy -I../../MCSDK_v6.1.2-Full/MotorControl/MCSDK/MCLib/Any/Inc -I../../Drivers/CMSIS/Device/ST/STM32F0xx/Include -I../../Drivers/CMSIS/Include -I../../Drivers/CMSIS/DSP/Include -Ofast -ffunction-sections -fdata-sections -Wall -fstack-usage -fcyclomatic-complexity -MMD -MP -MF"Application/User/mcp_config.d" -MT"Application/User/mcp_config.o" --specs=nano.specs -mfloat-abi=soft -mthumb -o "Application/User/mcp_config.o"
arm-none-eabi-gcc "C:/Users/13410/Desktop/study/Summer Project Year 1/Self_balancing/Src/motorcontrol.c" -mcpu=cortex-m0 -std=gnu11 -g3 -DDEBUG -DARM_MATH_CM0 -DUSE_HAL_DRIVER -DSTM32F031x6 -c -I../../Inc -I../../Drivers/STM32F0xx_HAL_Driver/Inc -I../../Drivers/STM32F0xx_HAL_Driver/Inc/Legacy -I../../MCSDK_v6.1.2-Full/MotorControl/MCSDK/MCLib/Any/Inc -I../../Drivers/CMSIS/Device/ST/STM32F0xx/Include -I../../Drivers/CMSIS/Include -I../../Drivers/CMSIS/DSP/Include -Ofast -ffunction-sections -fdata-sections -Wall -fstack-usage -fcyclomatic-complexity -MMD -MP -MF"Application/User/motorcontrol.d" -MT"Application/User/motorcontrol.o" --specs=nano.specs -mfloat-abi=soft -mthumb -o "Application/User/motorcontrol.o"
C:/Users/13410/Desktop/study/Summer Project Year 1/Self_balancing/Src/main.c: In function 'MotorSpeedControl':
C:/Users/13410/Desktop/study/Summer Project Year 1/Self_balancing/Src/main.c:82:13: error: void value not ignored as it ought to be
   82 |         if (UASPEP_RECEIVE_BUFFER(pUASPEPHandle, speedBuffer, BUFFER_SIZE))
      |             ^~~~~~~~~~~~~~~~~~~~~
C:/Users/13410/Desktop/study/Summer Project Year 1/Self_balancing/Src/main.c:90:21: error: a label can only be part of a statement and a declaration is not a statement
   90 |                     int16_t desiredSpeed = speedBuffer[1] | (speedBuffer[2] << 8);
      |                     ^~~~~~~
make: *** [Application/User/subdir.mk:89: Application/User/main.o] Error 1
make: *** Waiting for unfinished jobs....
"make -j8 all" terminated with exit code 2. Build might be incomplete.
10:40:05 **** Incremental Build of configuration Debug for project Self_balancing ****
make -j8 all 
arm-none-eabi-gcc "C:/Users/13410/Desktop/study/Summer Project Year 1/Self_balancing/MCSDK_v6.1.2-Full/MotorControl/MCSDK/MCLib/Any/Src/bus_voltage_sensor.c" -mcpu=cortex-m0 -std=gnu11 -g3 -DDEBUG -DARM_MATH_CM0 -DUSE_HAL_DRIVER -DSTM32F031x6 -DUSE_FULL_LL_DRIVER -c -I../../Inc -I../../Drivers/STM32F0xx_HAL_Driver/Inc -I../../Drivers/STM32F0xx_HAL_Driver/Inc/Legacy -I../../MCSDK_v6.1.2-Full/MotorControl/MCSDK/MCLib/Any/Inc -I../../Drivers/CMSIS/Device/ST/STM32F0xx/Include -I../../Drivers/CMSIS/Include -I../../Drivers/CMSIS/DSP/Include -Ofast -ffunction-sections -fdata-sections -Wall -fstack-usage -fcyclomatic-complexity -MMD -MP -MF"Middlewares/MotorControl/bus_voltage_sensor.d" -MT"Middlewares/MotorControl/bus_voltage_sensor.o" --specs=nano.specs -mfloat-abi=soft -mthumb -o "Middlewares/MotorControl/bus_voltage_sensor.o"
arm-none-eabi-gcc "C:/Users/13410/Desktop/study/Summer Project Year 1/Self_balancing/MCSDK_v6.1.2-Full/MotorControl/MCSDK/MCLib/Any/Src/circle_limitation.c" -mcpu=cortex-m0 -std=gnu11 -g3 -DDEBUG -DARM_MATH_CM0 -DUSE_HAL_DRIVER -DSTM32F031x6 -DUSE_FULL_LL_DRIVER -c -I../../Inc -I../../Drivers/STM32F0xx_HAL_Driver/Inc -I../../Drivers/STM32F0xx_HAL_Driver/Inc/Legacy -I../../MCSDK_v6.1.2-Full/MotorControl/MCSDK/MCLib/Any/Inc -I../../Drivers/CMSIS/Device/ST/STM32F0xx/Include -I../../Drivers/CMSIS/Include -I../../Drivers/CMSIS/DSP/Include -Ofast -ffunction-sections -fdata-sections -Wall -fstack-usage -fcyclomatic-complexity -MMD -MP -MF"Middlewares/MotorControl/circle_limitation.d" -MT"Middlewares/MotorControl/circle_limitation.o" --specs=nano.specs -mfloat-abi=soft -mthumb -o "Middlewares/MotorControl/circle_limitation.o"
arm-none-eabi-gcc "C:/Users/13410/Desktop/study/Summer Project Year 1/Self_balancing/MCSDK_v6.1.2-Full/MotorControl/MCSDK/MCLib/Any/Src/digital_output.c" -mcpu=cortex-m0 -std=gnu11 -g3 -DDEBUG -DARM_MATH_CM0 -DUSE_HAL_DRIVER -DSTM32F031x6 -DUSE_FULL_LL_DRIVER -c -I../../Inc -I../../Drivers/STM32F0xx_HAL_Driver/Inc -I../../Drivers/STM32F0xx_HAL_Driver/Inc/Legacy -I../../MCSDK_v6.1.2-Full/MotorControl/MCSDK/MCLib/Any/Inc -I../../Drivers/CMSIS/Device/ST/STM32F0xx/Include -I../../Drivers/CMSIS/Include -I../../Drivers/CMSIS/DSP/Include -Ofast -ffunction-sections -fdata-sections -Wall -fstack-usage -fcyclomatic-complexity -MMD -MP -MF"Middlewares/MotorControl/digital_output.d" -MT"Middlewares/MotorControl/digital_output.o" --specs=nano.specs -mfloat-abi=soft -mthumb -o "Middlewares/MotorControl/digital_output.o"
arm-none-eabi-gcc "C:/Users/13410/Desktop/study/Summer Project Year 1/Self_balancing/MCSDK_v6.1.2-Full/MotorControl/MCSDK/MCLib/Any/Src/mcp.c" -mcpu=cortex-m0 -std=gnu11 -g3 -DDEBUG -DARM_MATH_CM0 -DUSE_HAL_DRIVER -DSTM32F031x6 -DUSE_FULL_LL_DRIVER -c -I../../Inc -I../../Drivers/STM32F0xx_HAL_Driver/Inc -I../../Drivers/STM32F0xx_HAL_Driver/Inc/Legacy -I../../MCSDK_v6.1.2-Full/MotorControl/MCSDK/MCLib/Any/Inc -I../../Drivers/CMSIS/Device/ST/STM32F0xx/Include -I../../Drivers/CMSIS/Include -I../../Drivers/CMSIS/DSP/Include -Ofast -ffunction-sections -fdata-sections -Wall -fstack-usage -fcyclomatic-complexity -MMD -MP -MF"Middlewares/MotorControl/mcp.d" -MT"Middlewares/MotorControl/mcp.o" --specs=nano.specs -mfloat-abi=soft -mthumb -o "Middlewares/MotorControl/mcp.o"
arm-none-eabi-gcc "C:/Users/13410/Desktop/study/Summer Project Year 1/Self_balancing/MCSDK_v6.1.2-Full/MotorControl/MCSDK/MCLib/Any/Src/ntc_temperature_sensor.c" -mcpu=cortex-m0 -std=gnu11 -g3 -DDEBUG -DARM_MATH_CM0 -DUSE_HAL_DRIVER -DSTM32F031x6 -DUSE_FULL_LL_DRIVER -c -I../../Inc -I../../Drivers/STM32F0xx_HAL_Driver/Inc -I../../Drivers/STM32F0xx_HAL_Driver/Inc/Legacy -I../../MCSDK_v6.1.2-Full/MotorControl/MCSDK/MCLib/Any/Inc -I../../Drivers/CMSIS/Device/ST/STM32F0xx/Include -I../../Drivers/CMSIS/Include -I../../Drivers/CMSIS/DSP/Include -Ofast -ffunction-sections -fdata-sections -Wall -fstack-usage -fcyclomatic-complexity -MMD -MP -MF"Middlewares/MotorControl/ntc_temperature_sensor.d" -MT"Middlewares/MotorControl/ntc_temperature_sensor.o" --specs=nano.specs -mfloat-abi=soft -mthumb -o "Middlewares/MotorControl/ntc_temperature_sensor.o"
arm-none-eabi-gcc "C:/Users/13410/Desktop/study/Summer Project Year 1/Self_balancing/MCSDK_v6.1.2-Full/MotorControl/MCSDK/MCLib/Any/Src/open_loop.c" -mcpu=cortex-m0 -std=gnu11 -g3 -DDEBUG -DARM_MATH_CM0 -DUSE_HAL_DRIVER -DSTM32F031x6 -DUSE_FULL_LL_DRIVER -c -I../../Inc -I../../Drivers/STM32F0xx_HAL_Driver/Inc -I../../Drivers/STM32F0xx_HAL_Driver/Inc/Legacy -I../../MCSDK_v6.1.2-Full/MotorControl/MCSDK/MCLib/Any/Inc -I../../Drivers/CMSIS/Device/ST/STM32F0xx/Include -I../../Drivers/CMSIS/Include -I../../Drivers/CMSIS/DSP/Include -Ofast -ffunction-sections -fdata-sections -Wall -fstack-usage -fcyclomatic-complexity -MMD -MP -MF"Middlewares/MotorControl/open_loop.d" -MT"Middlewares/MotorControl/open_loop.o" --specs=nano.specs -mfloat-abi=soft -mthumb -o "Middlewares/MotorControl/open_loop.o"
arm-none-eabi-gcc "C:/Users/13410/Desktop/study/Summer Project Year 1/Self_balancing/MCSDK_v6.1.2-Full/MotorControl/MCSDK/MCLib/Any/Src/pid_regulator.c" -mcpu=cortex-m0 -std=gnu11 -g3 -DDEBUG -DARM_MATH_CM0 -DUSE_HAL_DRIVER -DSTM32F031x6 -DUSE_FULL_LL_DRIVER -c -I../../Inc -I../../Drivers/STM32F0xx_HAL_Driver/Inc -I../../Drivers/STM32F0xx_HAL_Driver/Inc/Legacy -I../../MCSDK_v6.1.2-Full/MotorControl/MCSDK/MCLib/Any/Inc -I../../Drivers/CMSIS/Device/ST/STM32F0xx/Include -I../../Drivers/CMSIS/Include -I../../Drivers/CMSIS/DSP/Include -Ofast -ffunction-sections -fdata-sections -Wall -fstack-usage -fcyclomatic-complexity -MMD -MP -MF"Middlewares/MotorControl/pid_regulator.d" -MT"Middlewares/MotorControl/pid_regulator.o" --specs=nano.specs -mfloat-abi=soft -mthumb -o "Middlewares/MotorControl/pid_regulator.o"
arm-none-eabi-gcc "C:/Users/13410/Desktop/study/Summer Project Year 1/Self_balancing/MCSDK_v6.1.2-Full/MotorControl/MCSDK/MCLib/Any/Src/potentiometer.c" -mcpu=cortex-m0 -std=gnu11 -g3 -DDEBUG -DARM_MATH_CM0 -DUSE_HAL_DRIVER -DSTM32F031x6 -DUSE_FULL_LL_DRIVER -c -I../../Inc -I../../Drivers/STM32F0xx_HAL_Driver/Inc -I../../Drivers/STM32F0xx_HAL_Driver/Inc/Legacy -I../../MCSDK_v6.1.2-Full/MotorControl/MCSDK/MCLib/Any/Inc -I../../Drivers/CMSIS/Device/ST/STM32F0xx/Include -I../../Drivers/CMSIS/Include -I../../Drivers/CMSIS/DSP/Include -Ofast -ffunction-sections -fdata-sections -Wall -fstack-usage -fcyclomatic-complexity -MMD -MP -MF"Middlewares/MotorControl/potentiometer.d" -MT"Middlewares/MotorControl/potentiometer.o" --specs=nano.specs -mfloat-abi=soft -mthumb -o "Middlewares/MotorControl/potentiometer.o"
arm-none-eabi-gcc "C:/Users/13410/Desktop/study/Summer Project Year 1/Self_balancing/MCSDK_v6.1.2-Full/MotorControl/MCSDK/MCLib/Any/Src/pqd_motor_power_measurement.c" -mcpu=cortex-m0 -std=gnu11 -g3 -DDEBUG -DARM_MATH_CM0 -DUSE_HAL_DRIVER -DSTM32F031x6 -DUSE_FULL_LL_DRIVER -c -I../../Inc -I../../Drivers/STM32F0xx_HAL_Driver/Inc -I../../Drivers/STM32F0xx_HAL_Driver/Inc/Legacy -I../../MCSDK_v6.1.2-Full/MotorControl/MCSDK/MCLib/Any/Inc -I../../Drivers/CMSIS/Device/ST/STM32F0xx/Include -I../../Drivers/CMSIS/Include -I../../Drivers/CMSIS/DSP/Include -Ofast -ffunction-sections -fdata-sections -Wall -fstack-usage -fcyclomatic-complexity -MMD -MP -MF"Middlewares/MotorControl/pqd_motor_power_measurement.d" -MT"Middlewares/MotorControl/pqd_motor_power_measurement.o" --specs=nano.specs -mfloat-abi=soft -mthumb -o "Middlewares/MotorControl/pqd_motor_power_measurement.o"
arm-none-eabi-gcc "C:/Users/13410/Desktop/study/Summer Project Year 1/Self_balancing/MCSDK_v6.1.2-Full/MotorControl/MCSDK/MCLib/Any/Src/pwm_common.c" -mcpu=cortex-m0 -std=gnu11 -g3 -DDEBUG -DARM_MATH_CM0 -DUSE_HAL_DRIVER -DSTM32F031x6 -DUSE_FULL_LL_DRIVER -c -I../../Inc -I../../Drivers/STM32F0xx_HAL_Driver/Inc -I../../Drivers/STM32F0xx_HAL_Driver/Inc/Legacy -I../../MCSDK_v6.1.2-Full/MotorControl/MCSDK/MCLib/Any/Inc -I../../Drivers/CMSIS/Device/ST/STM32F0xx/Include -I../../Drivers/CMSIS/Include -I../../Drivers/CMSIS/DSP/Include -Ofast -ffunction-sections -fdata-sections -Wall -fstack-usage -fcyclomatic-complexity -MMD -MP -MF"Middlewares/MotorControl/pwm_common.d" -MT"Middlewares/MotorControl/pwm_common.o" --specs=nano.specs -mfloat-abi=soft -mthumb -o "Middlewares/MotorControl/pwm_common.o"
arm-none-eabi-gcc "C:/Users/13410/Desktop/study/Summer Project Year 1/Self_balancing/MCSDK_v6.1.2-Full/MotorControl/MCSDK/MCLib/Any/Src/r_divider_bus_voltage_sensor.c" -mcpu=cortex-m0 -std=gnu11 -g3 -DDEBUG -DARM_MATH_CM0 -DUSE_HAL_DRIVER -DSTM32F031x6 -DUSE_FULL_LL_DRIVER -c -I../../Inc -I../../Drivers/STM32F0xx_HAL_Driver/Inc -I../../Drivers/STM32F0xx_HAL_Driver/Inc/Legacy -I../../MCSDK_v6.1.2-Full/MotorControl/MCSDK/MCLib/Any/Inc -I../../Drivers/CMSIS/Device/ST/STM32F0xx/Include -I../../Drivers/CMSIS/Include -I../../Drivers/CMSIS/DSP/Include -Ofast -ffunction-sections -fdata-sections -Wall -fstack-usage -fcyclomatic-complexity -MMD -MP -MF"Middlewares/MotorControl/r_divider_bus_voltage_sensor.d" -MT"Middlewares/MotorControl/r_divider_bus_voltage_sensor.o" --specs=nano.specs -mfloat-abi=soft -mthumb -o "Middlewares/MotorControl/r_divider_bus_voltage_sensor.o"
arm-none-eabi-gcc "C:/Users/13410/Desktop/study/Summer Project Year 1/Self_balancing/MCSDK_v6.1.2-Full/MotorControl/MCSDK/MCLib/Any/Src/ramp_ext_mngr.c" -mcpu=cortex-m0 -std=gnu11 -g3 -DDEBUG -DARM_MATH_CM0 -DUSE_HAL_DRIVER -DSTM32F031x6 -DUSE_FULL_LL_DRIVER -c -I../../Inc -I../../Drivers/STM32F0xx_HAL_Driver/Inc -I../../Drivers/STM32F0xx_HAL_Driver/Inc/Legacy -I../../MCSDK_v6.1.2-Full/MotorControl/MCSDK/MCLib/Any/Inc -I../../Drivers/CMSIS/Device/ST/STM32F0xx/Include -I../../Drivers/CMSIS/Include -I../../Drivers/CMSIS/DSP/Include -Ofast -ffunction-sections -fdata-sections -Wall -fstack-usage -fcyclomatic-complexity -MMD -MP -MF"Middlewares/MotorControl/ramp_ext_mngr.d" -MT"Middlewares/MotorControl/ramp_ext_mngr.o" --specs=nano.specs -mfloat-abi=soft -mthumb -o "Middlewares/MotorControl/ramp_ext_mngr.o"
arm-none-eabi-gcc "C:/Users/13410/Desktop/study/Summer Project Year 1/Self_balancing/MCSDK_v6.1.2-Full/MotorControl/MCSDK/MCLib/Any/Src/revup_ctrl.c" -mcpu=cortex-m0 -std=gnu11 -g3 -DDEBUG -DARM_MATH_CM0 -DUSE_HAL_DRIVER -DSTM32F031x6 -DUSE_FULL_LL_DRIVER -c -I../../Inc -I../../Drivers/STM32F0xx_HAL_Driver/Inc -I../../Drivers/STM32F0xx_HAL_Driver/Inc/Legacy -I../../MCSDK_v6.1.2-Full/MotorControl/MCSDK/MCLib/Any/Inc -I../../Drivers/CMSIS/Device/ST/STM32F0xx/Include -I../../Drivers/CMSIS/Include -I../../Drivers/CMSIS/DSP/Include -Ofast -ffunction-sections -fdata-sections -Wall -fstack-usage -fcyclomatic-complexity -MMD -MP -MF"Middlewares/MotorControl/revup_ctrl.d" -MT"Middlewares/MotorControl/revup_ctrl.o" --specs=nano.specs -mfloat-abi=soft -mthumb -o "Middlewares/MotorControl/revup_ctrl.o"
arm-none-eabi-gcc "C:/Users/13410/Desktop/study/Summer Project Year 1/Self_balancing/MCSDK_v6.1.2-Full/MotorControl/MCSDK/MCLib/Any/Src/speed_pos_fdbk.c" -mcpu=cortex-m0 -std=gnu11 -g3 -DDEBUG -DARM_MATH_CM0 -DUSE_HAL_DRIVER -DSTM32F031x6 -DUSE_FULL_LL_DRIVER -c -I../../Inc -I../../Drivers/STM32F0xx_HAL_Driver/Inc -I../../Drivers/STM32F0xx_HAL_Driver/Inc/Legacy -I../../MCSDK_v6.1.2-Full/MotorControl/MCSDK/MCLib/Any/Inc -I../../Drivers/CMSIS/Device/ST/STM32F0xx/Include -I../../Drivers/CMSIS/Include -I../../Drivers/CMSIS/DSP/Include -Ofast -ffunction-sections -fdata-sections -Wall -fstack-usage -fcyclomatic-complexity -MMD -MP -MF"Middlewares/MotorControl/speed_pos_fdbk.d" -MT"Middlewares/MotorControl/speed_pos_fdbk.o" --specs=nano.specs -mfloat-abi=soft -mthumb -o "Middlewares/MotorControl/speed_pos_fdbk.o"
arm-none-eabi-gcc "C:/Users/13410/Desktop/study/Summer Project Year 1/Self_balancing/MCSDK_v6.1.2-Full/MotorControl/MCSDK/MCLib/Any/Src/speed_potentiometer.c" -mcpu=cortex-m0 -std=gnu11 -g3 -DDEBUG -DARM_MATH_CM0 -DUSE_HAL_DRIVER -DSTM32F031x6 -DUSE_FULL_LL_DRIVER -c -I../../Inc -I../../Drivers/STM32F0xx_HAL_Driver/Inc -I../../Drivers/STM32F0xx_HAL_Driver/Inc/Legacy -I../../MCSDK_v6.1.2-Full/MotorControl/MCSDK/MCLib/Any/Inc -I../../Drivers/CMSIS/Device/ST/STM32F0xx/Include -I../../Drivers/CMSIS/Include -I../../Drivers/CMSIS/DSP/Include -Ofast -ffunction-sections -fdata-sections -Wall -fstack-usage -fcyclomatic-complexity -MMD -MP -MF"Middlewares/MotorControl/speed_potentiometer.d" -MT"Middlewares/MotorControl/speed_potentiometer.o" --specs=nano.specs -mfloat-abi=soft -mthumb -o "Middlewares/MotorControl/speed_potentiometer.o"
arm-none-eabi-gcc "C:/Users/13410/Desktop/study/Summer Project Year 1/Self_balancing/MCSDK_v6.1.2-Full/MotorControl/MCSDK/MCLib/Any/Src/speed_torq_ctrl.c" -mcpu=cortex-m0 -std=gnu11 -g3 -DDEBUG -DARM_MATH_CM0 -DUSE_HAL_DRIVER -DSTM32F031x6 -DUSE_FULL_LL_DRIVER -c -I../../Inc -I../../Drivers/STM32F0xx_HAL_Driver/Inc -I../../Drivers/STM32F0xx_HAL_Driver/Inc/Legacy -I../../MCSDK_v6.1.2-Full/MotorControl/MCSDK/MCLib/Any/Inc -I../../Drivers/CMSIS/Device/ST/STM32F0xx/Include -I../../Drivers/CMSIS/Include -I../../Drivers/CMSIS/DSP/Include -Ofast -ffunction-sections -fdata-sections -Wall -fstack-usage -fcyclomatic-complexity -MMD -MP -MF"Middlewares/MotorControl/speed_torq_ctrl.d" -MT"Middlewares/MotorControl/speed_torq_ctrl.o" --specs=nano.specs -mfloat-abi=soft -mthumb -o "Middlewares/MotorControl/speed_torq_ctrl.o"
arm-none-eabi-gcc "C:/Users/13410/Desktop/study/Summer Project Year 1/Self_balancing/MCSDK_v6.1.2-Full/MotorControl/MCSDK/MCLib/Any/Src/virtual_speed_sensor.c" -mcpu=cortex-m0 -std=gnu11 -g3 -DDEBUG -DARM_MATH_CM0 -DUSE_HAL_DRIVER -DSTM32F031x6 -DUSE_FULL_LL_DRIVER -c -I../../Inc -I../../Drivers/STM32F0xx_HAL_Driver/Inc -I../../Drivers/STM32F0xx_HAL_Driver/Inc/Legacy -I../../MCSDK_v6.1.2-Full/MotorControl/MCSDK/MCLib/Any/Inc -I../../Drivers/CMSIS/Device/ST/STM32F0xx/Include -I../../Drivers/CMSIS/Include -I../../Drivers/CMSIS/DSP/Include -Ofast -ffunction-sections -fdata-sections -Wall -fstack-usage -fcyclomatic-complexity -MMD -MP -MF"Middlewares/MotorControl/virtual_speed_sensor.d" -MT"Middlewares/MotorControl/virtual_speed_sensor.o" --specs=nano.specs -mfloat-abi=soft -mthumb -o "Middlewares/MotorControl/virtual_speed_sensor.o"
arm-none-eabi-gcc "C:/Users/13410/Desktop/study/Summer Project Year 1/Self_balancing/Drivers/STM32F0xx_HAL_Driver/Src/stm32f0xx_hal.c" -mcpu=cortex-m0 -std=gnu11 -g3 -DDEBUG -DARM_MATH_CM0 -DUSE_HAL_DRIVER -DSTM32F031x6 -DUSE_FULL_LL_DRIVER -c -I../../Inc -I../../Drivers/STM32F0xx_HAL_Driver/Inc -I../../Drivers/STM32F0xx_HAL_Driver/Inc/Legacy -I../../MCSDK_v6.1.2-Full/MotorControl/MCSDK/MCLib/Any/Inc -I../../Drivers/CMSIS/Device/ST/STM32F0xx/Include -I../../Drivers/CMSIS/Include -I../../Drivers/CMSIS/DSP/Include -Ofast -ffunction-sections -fdata-sections -Wall -fstack-usage -fcyclomatic-complexity -MMD -MP -MF"Drivers/STM32F0xx_HAL_Driver/stm32f0xx_hal.d" -MT"Drivers/STM32F0xx_HAL_Driver/stm32f0xx_hal.o" --specs=nano.specs -mfloat-abi=soft -mthumb -o "Drivers/STM32F0xx_HAL_Driver/stm32f0xx_hal.o"
arm-none-eabi-gcc "C:/Users/13410/Desktop/study/Summer Project Year 1/Self_balancing/Drivers/STM32F0xx_HAL_Driver/Src/stm32f0xx_hal_cortex.c" -mcpu=cortex-m0 -std=gnu11 -g3 -DDEBUG -DARM_MATH_CM0 -DUSE_HAL_DRIVER -DSTM32F031x6 -DUSE_FULL_LL_DRIVER -c -I../../Inc -I../../Drivers/STM32F0xx_HAL_Driver/Inc -I../../Drivers/STM32F0xx_HAL_Driver/Inc/Legacy -I../../MCSDK_v6.1.2-Full/MotorControl/MCSDK/MCLib/Any/Inc -I../../Drivers/CMSIS/Device/ST/STM32F0xx/Include -I../../Drivers/CMSIS/Include -I../../Drivers/CMSIS/DSP/Include -Ofast -ffunction-sections -fdata-sections -Wall -fstack-usage -fcyclomatic-complexity -MMD -MP -MF"Drivers/STM32F0xx_HAL_Driver/stm32f0xx_hal_cortex.d" -MT"Drivers/STM32F0xx_HAL_Driver/stm32f0xx_hal_cortex.o" --specs=nano.specs -mfloat-abi=soft -mthumb -o "Drivers/STM32F0xx_HAL_Driver/stm32f0xx_hal_cortex.o"
arm-none-eabi-gcc "C:/Users/13410/Desktop/study/Summer Project Year 1/Self_balancing/Drivers/STM32F0xx_HAL_Driver/Src/stm32f0xx_hal_dma.c" -mcpu=cortex-m0 -std=gnu11 -g3 -DDEBUG -DARM_MATH_CM0 -DUSE_HAL_DRIVER -DSTM32F031x6 -DUSE_FULL_LL_DRIVER -c -I../../Inc -I../../Drivers/STM32F0xx_HAL_Driver/Inc -I../../Drivers/STM32F0xx_HAL_Driver/Inc/Legacy -I../../MCSDK_v6.1.2-Full/MotorControl/MCSDK/MCLib/Any/Inc -I../../Drivers/CMSIS/Device/ST/STM32F0xx/Include -I../../Drivers/CMSIS/Include -I../../Drivers/CMSIS/DSP/Include -Ofast -ffunction-sections -fdata-sections -Wall -fstack-usage -fcyclomatic-complexity -MMD -MP -MF"Drivers/STM32F0xx_HAL_Driver/stm32f0xx_hal_dma.d" -MT"Drivers/STM32F0xx_HAL_Driver/stm32f0xx_hal_dma.o" --specs=nano.specs -mfloat-abi=soft -mthumb -o "Drivers/STM32F0xx_HAL_Driver/stm32f0xx_hal_dma.o"
arm-none-eabi-gcc "C:/Users/13410/Desktop/study/Summer Project Year 1/Self_balancing/Drivers/STM32F0xx_HAL_Driver/Src/stm32f0xx_hal_exti.c" -mcpu=cortex-m0 -std=gnu11 -g3 -DDEBUG -DARM_MATH_CM0 -DUSE_HAL_DRIVER -DSTM32F031x6 -DUSE_FULL_LL_DRIVER -c -I../../Inc -I../../Drivers/STM32F0xx_HAL_Driver/Inc -I../../Drivers/STM32F0xx_HAL_Driver/Inc/Legacy -I../../MCSDK_v6.1.2-Full/MotorControl/MCSDK/MCLib/Any/Inc -I../../Drivers/CMSIS/Device/ST/STM32F0xx/Include -I../../Drivers/CMSIS/Include -I../../Drivers/CMSIS/DSP/Include -Ofast -ffunction-sections -fdata-sections -Wall -fstack-usage -fcyclomatic-complexity -MMD -MP -MF"Drivers/STM32F0xx_HAL_Driver/stm32f0xx_hal_exti.d" -MT"Drivers/STM32F0xx_HAL_Driver/stm32f0xx_hal_exti.o" --specs=nano.specs -mfloat-abi=soft -mthumb -o "Drivers/STM32F0xx_HAL_Driver/stm32f0xx_hal_exti.o"
arm-none-eabi-gcc "C:/Users/13410/Desktop/study/Summer Project Year 1/Self_balancing/Drivers/STM32F0xx_HAL_Driver/Src/stm32f0xx_hal_flash.c" -mcpu=cortex-m0 -std=gnu11 -g3 -DDEBUG -DARM_MATH_CM0 -DUSE_HAL_DRIVER -DSTM32F031x6 -DUSE_FULL_LL_DRIVER -c -I../../Inc -I../../Drivers/STM32F0xx_HAL_Driver/Inc -I../../Drivers/STM32F0xx_HAL_Driver/Inc/Legacy -I../../MCSDK_v6.1.2-Full/MotorControl/MCSDK/MCLib/Any/Inc -I../../Drivers/CMSIS/Device/ST/STM32F0xx/Include -I../../Drivers/CMSIS/Include -I../../Drivers/CMSIS/DSP/Include -Ofast -ffunction-sections -fdata-sections -Wall -fstack-usage -fcyclomatic-complexity -MMD -MP -MF"Drivers/STM32F0xx_HAL_Driver/stm32f0xx_hal_flash.d" -MT"Drivers/STM32F0xx_HAL_Driver/stm32f0xx_hal_flash.o" --specs=nano.specs -mfloat-abi=soft -mthumb -o "Drivers/STM32F0xx_HAL_Driver/stm32f0xx_hal_flash.o"
arm-none-eabi-gcc "C:/Users/13410/Desktop/study/Summer Project Year 1/Self_balancing/Drivers/STM32F0xx_HAL_Driver/Src/stm32f0xx_hal_flash_ex.c" -mcpu=cortex-m0 -std=gnu11 -g3 -DDEBUG -DARM_MATH_CM0 -DUSE_HAL_DRIVER -DSTM32F031x6 -DUSE_FULL_LL_DRIVER -c -I../../Inc -I../../Drivers/STM32F0xx_HAL_Driver/Inc -I../../Drivers/STM32F0xx_HAL_Driver/Inc/Legacy -I../../MCSDK_v6.1.2-Full/MotorControl/MCSDK/MCLib/Any/Inc -I../../Drivers/CMSIS/Device/ST/STM32F0xx/Include -I../../Drivers/CMSIS/Include -I../../Drivers/CMSIS/DSP/Include -Ofast -ffunction-sections -fdata-sections -Wall -fstack-usage -fcyclomatic-complexity -MMD -MP -MF"Drivers/STM32F0xx_HAL_Driver/stm32f0xx_hal_flash_ex.d" -MT"Drivers/STM32F0xx_HAL_Driver/stm32f0xx_hal_flash_ex.o" --specs=nano.specs -mfloat-abi=soft -mthumb -o "Drivers/STM32F0xx_HAL_Driver/stm32f0xx_hal_flash_ex.o"
arm-none-eabi-gcc "C:/Users/13410/Desktop/study/Summer Project Year 1/Self_balancing/Drivers/STM32F0xx_HAL_Driver/Src/stm32f0xx_hal_gpio.c" -mcpu=cortex-m0 -std=gnu11 -g3 -DDEBUG -DARM_MATH_CM0 -DUSE_HAL_DRIVER -DSTM32F031x6 -DUSE_FULL_LL_DRIVER -c -I../../Inc -I../../Drivers/STM32F0xx_HAL_Driver/Inc -I../../Drivers/STM32F0xx_HAL_Driver/Inc/Legacy -I../../MCSDK_v6.1.2-Full/MotorControl/MCSDK/MCLib/Any/Inc -I../../Drivers/CMSIS/Device/ST/STM32F0xx/Include -I../../Drivers/CMSIS/Include -I../../Drivers/CMSIS/DSP/Include -Ofast -ffunction-sections -fdata-sections -Wall -fstack-usage -fcyclomatic-complexity -MMD -MP -MF"Drivers/STM32F0xx_HAL_Driver/stm32f0xx_hal_gpio.d" -MT"Drivers/STM32F0xx_HAL_Driver/stm32f0xx_hal_gpio.o" --specs=nano.specs -mfloat-abi=soft -mthumb -o "Drivers/STM32F0xx_HAL_Driver/stm32f0xx_hal_gpio.o"
arm-none-eabi-gcc "C:/Users/13410/Desktop/study/Summer Project Year 1/Self_balancing/Drivers/STM32F0xx_HAL_Driver/Src/stm32f0xx_hal_i2c.c" -mcpu=cortex-m0 -std=gnu11 -g3 -DDEBUG -DARM_MATH_CM0 -DUSE_HAL_DRIVER -DSTM32F031x6 -DUSE_FULL_LL_DRIVER -c -I../../Inc -I../../Drivers/STM32F0xx_HAL_Driver/Inc -I../../Drivers/STM32F0xx_HAL_Driver/Inc/Legacy -I../../MCSDK_v6.1.2-Full/MotorControl/MCSDK/MCLib/Any/Inc -I../../Drivers/CMSIS/Device/ST/STM32F0xx/Include -I../../Drivers/CMSIS/Include -I../../Drivers/CMSIS/DSP/Include -Ofast -ffunction-sections -fdata-sections -Wall -fstack-usage -fcyclomatic-complexity -MMD -MP -MF"Drivers/STM32F0xx_HAL_Driver/stm32f0xx_hal_i2c.d" -MT"Drivers/STM32F0xx_HAL_Driver/stm32f0xx_hal_i2c.o" --specs=nano.specs -mfloat-abi=soft -mthumb -o "Drivers/STM32F0xx_HAL_Driver/stm32f0xx_hal_i2c.o"
arm-none-eabi-gcc "C:/Users/13410/Desktop/study/Summer Project Year 1/Self_balancing/Drivers/STM32F0xx_HAL_Driver/Src/stm32f0xx_hal_i2c_ex.c" -mcpu=cortex-m0 -std=gnu11 -g3 -DDEBUG -DARM_MATH_CM0 -DUSE_HAL_DRIVER -DSTM32F031x6 -DUSE_FULL_LL_DRIVER -c -I../../Inc -I../../Drivers/STM32F0xx_HAL_Driver/Inc -I../../Drivers/STM32F0xx_HAL_Driver/Inc/Legacy -I../../MCSDK_v6.1.2-Full/MotorControl/MCSDK/MCLib/Any/Inc -I../../Drivers/CMSIS/Device/ST/STM32F0xx/Include -I../../Drivers/CMSIS/Include -I../../Drivers/CMSIS/DSP/Include -Ofast -ffunction-sections -fdata-sections -Wall -fstack-usage -fcyclomatic-complexity -MMD -MP -MF"Drivers/STM32F0xx_HAL_Driver/stm32f0xx_hal_i2c_ex.d" -MT"Drivers/STM32F0xx_HAL_Driver/stm32f0xx_hal_i2c_ex.o" --specs=nano.specs -mfloat-abi=soft -mthumb -o "Drivers/STM32F0xx_HAL_Driver/stm32f0xx_hal_i2c_ex.o"
arm-none-eabi-gcc "C:/Users/13410/Desktop/study/Summer Project Year 1/Self_balancing/Drivers/STM32F0xx_HAL_Driver/Src/stm32f0xx_hal_pwr.c" -mcpu=cortex-m0 -std=gnu11 -g3 -DDEBUG -DARM_MATH_CM0 -DUSE_HAL_DRIVER -DSTM32F031x6 -DUSE_FULL_LL_DRIVER -c -I../../Inc -I../../Drivers/STM32F0xx_HAL_Driver/Inc -I../../Drivers/STM32F0xx_HAL_Driver/Inc/Legacy -I../../MCSDK_v6.1.2-Full/MotorControl/MCSDK/MCLib/Any/Inc -I../../Drivers/CMSIS/Device/ST/STM32F0xx/Include -I../../Drivers/CMSIS/Include -I../../Drivers/CMSIS/DSP/Include -Ofast -ffunction-sections -fdata-sections -Wall -fstack-usage -fcyclomatic-complexity -MMD -MP -MF"Drivers/STM32F0xx_HAL_Driver/stm32f0xx_hal_pwr.d" -MT"Drivers/STM32F0xx_HAL_Driver/stm32f0xx_hal_pwr.o" --specs=nano.specs -mfloat-abi=soft -mthumb -o "Drivers/STM32F0xx_HAL_Driver/stm32f0xx_hal_pwr.o"
arm-none-eabi-gcc "C:/Users/13410/Desktop/study/Summer Project Year 1/Self_balancing/Drivers/STM32F0xx_HAL_Driver/Src/stm32f0xx_hal_pwr_ex.c" -mcpu=cortex-m0 -std=gnu11 -g3 -DDEBUG -DARM_MATH_CM0 -DUSE_HAL_DRIVER -DSTM32F031x6 -DUSE_FULL_LL_DRIVER -c -I../../Inc -I../../Drivers/STM32F0xx_HAL_Driver/Inc -I../../Drivers/STM32F0xx_HAL_Driver/Inc/Legacy -I../../MCSDK_v6.1.2-Full/MotorControl/MCSDK/MCLib/Any/Inc -I../../Drivers/CMSIS/Device/ST/STM32F0xx/Include -I../../Drivers/CMSIS/Include -I../../Drivers/CMSIS/DSP/Include -Ofast -ffunction-sections -fdata-sections -Wall -fstack-usage -fcyclomatic-complexity -MMD -MP -MF"Drivers/STM32F0xx_HAL_Driver/stm32f0xx_hal_pwr_ex.d" -MT"Drivers/STM32F0xx_HAL_Driver/stm32f0xx_hal_pwr_ex.o" --specs=nano.specs -mfloat-abi=soft -mthumb -o "Drivers/STM32F0xx_HAL_Driver/stm32f0xx_hal_pwr_ex.o"
arm-none-eabi-gcc "C:/Users/13410/Desktop/study/Summer Project Year 1/Self_balancing/Drivers/STM32F0xx_HAL_Driver/Src/stm32f0xx_hal_rcc.c" -mcpu=cortex-m0 -std=gnu11 -g3 -DDEBUG -DARM_MATH_CM0 -DUSE_HAL_DRIVER -DSTM32F031x6 -DUSE_FULL_LL_DRIVER -c -I../../Inc -I../../Drivers/STM32F0xx_HAL_Driver/Inc -I../../Drivers/STM32F0xx_HAL_Driver/Inc/Legacy -I../../MCSDK_v6.1.2-Full/MotorControl/MCSDK/MCLib/Any/Inc -I../../Drivers/CMSIS/Device/ST/STM32F0xx/Include -I../../Drivers/CMSIS/Include -I../../Drivers/CMSIS/DSP/Include -Ofast -ffunction-sections -fdata-sections -Wall -fstack-usage -fcyclomatic-complexity -MMD -MP -MF"Drivers/STM32F0xx_HAL_Driver/stm32f0xx_hal_rcc.d" -MT"Drivers/STM32F0xx_HAL_Driver/stm32f0xx_hal_rcc.o" --specs=nano.specs -mfloat-abi=soft -mthumb -o "Drivers/STM32F0xx_HAL_Driver/stm32f0xx_hal_rcc.o"
arm-none-eabi-gcc "C:/Users/13410/Desktop/study/Summer Project Year 1/Self_balancing/Drivers/STM32F0xx_HAL_Driver/Src/stm32f0xx_hal_rcc_ex.c" -mcpu=cortex-m0 -std=gnu11 -g3 -DDEBUG -DARM_MATH_CM0 -DUSE_HAL_DRIVER -DSTM32F031x6 -DUSE_FULL_LL_DRIVER -c -I../../Inc -I../../Drivers/STM32F0xx_HAL_Driver/Inc -I../../Drivers/STM32F0xx_HAL_Driver/Inc/Legacy -I../../MCSDK_v6.1.2-Full/MotorControl/MCSDK/MCLib/Any/Inc -I../../Drivers/CMSIS/Device/ST/STM32F0xx/Include -I../../Drivers/CMSIS/Include -I../../Drivers/CMSIS/DSP/Include -Ofast -ffunction-sections -fdata-sections -Wall -fstack-usage -fcyclomatic-complexity -MMD -MP -MF"Drivers/STM32F0xx_HAL_Driver/stm32f0xx_hal_rcc_ex.d" -MT"Drivers/STM32F0xx_HAL_Driver/stm32f0xx_hal_rcc_ex.o" --specs=nano.specs -mfloat-abi=soft -mthumb -o "Drivers/STM32F0xx_HAL_Driver/stm32f0xx_hal_rcc_ex.o"
arm-none-eabi-gcc "C:/Users/13410/Desktop/study/Summer Project Year 1/Self_balancing/Drivers/STM32F0xx_HAL_Driver/Src/stm32f0xx_hal_tim.c" -mcpu=cortex-m0 -std=gnu11 -g3 -DDEBUG -DARM_MATH_CM0 -DUSE_HAL_DRIVER -DSTM32F031x6 -DUSE_FULL_LL_DRIVER -c -I../../Inc -I../../Drivers/STM32F0xx_HAL_Driver/Inc -I../../Drivers/STM32F0xx_HAL_Driver/Inc/Legacy -I../../MCSDK_v6.1.2-Full/MotorControl/MCSDK/MCLib/Any/Inc -I../../Drivers/CMSIS/Device/ST/STM32F0xx/Include -I../../Drivers/CMSIS/Include -I../../Drivers/CMSIS/DSP/Include -Ofast -ffunction-sections -fdata-sections -Wall -fstack-usage -fcyclomatic-complexity -MMD -MP -MF"Drivers/STM32F0xx_HAL_Driver/stm32f0xx_hal_tim.d" -MT"Drivers/STM32F0xx_HAL_Driver/stm32f0xx_hal_tim.o" --specs=nano.specs -mfloat-abi=soft -mthumb -o "Drivers/STM32F0xx_HAL_Driver/stm32f0xx_hal_tim.o"
arm-none-eabi-gcc "C:/Users/13410/Desktop/study/Summer Project Year 1/Self_balancing/Drivers/STM32F0xx_HAL_Driver/Src/stm32f0xx_hal_tim_ex.c" -mcpu=cortex-m0 -std=gnu11 -g3 -DDEBUG -DARM_MATH_CM0 -DUSE_HAL_DRIVER -DSTM32F031x6 -DUSE_FULL_LL_DRIVER -c -I../../Inc -I../../Drivers/STM32F0xx_HAL_Driver/Inc -I../../Drivers/STM32F0xx_HAL_Driver/Inc/Legacy -I../../MCSDK_v6.1.2-Full/MotorControl/MCSDK/MCLib/Any/Inc -I../../Drivers/CMSIS/Device/ST/STM32F0xx/Include -I../../Drivers/CMSIS/Include -I../../Drivers/CMSIS/DSP/Include -Ofast -ffunction-sections -fdata-sections -Wall -fstack-usage -fcyclomatic-complexity -MMD -MP -MF"Drivers/STM32F0xx_HAL_Driver/stm32f0xx_hal_tim_ex.d" -MT"Drivers/STM32F0xx_HAL_Driver/stm32f0xx_hal_tim_ex.o" --specs=nano.specs -mfloat-abi=soft -mthumb -o "Drivers/STM32F0xx_HAL_Driver/stm32f0xx_hal_tim_ex.o"
arm-none-eabi-gcc "C:/Users/13410/Desktop/study/Summer Project Year 1/Self_balancing/Drivers/STM32F0xx_HAL_Driver/Src/stm32f0xx_ll_adc.c" -mcpu=cortex-m0 -std=gnu11 -g3 -DDEBUG -DARM_MATH_CM0 -DUSE_HAL_DRIVER -DSTM32F031x6 -DUSE_FULL_LL_DRIVER -c -I../../Inc -I../../Drivers/STM32F0xx_HAL_Driver/Inc -I../../Drivers/STM32F0xx_HAL_Driver/Inc/Legacy -I../../MCSDK_v6.1.2-Full/MotorControl/MCSDK/MCLib/Any/Inc -I../../Drivers/CMSIS/Device/ST/STM32F0xx/Include -I../../Drivers/CMSIS/Include -I../../Drivers/CMSIS/DSP/Include -Ofast -ffunction-sections -fdata-sections -Wall -fstack-usage -fcyclomatic-complexity -MMD -MP -MF"Drivers/STM32F0xx_HAL_Driver/stm32f0xx_ll_adc.d" -MT"Drivers/STM32F0xx_HAL_Driver/stm32f0xx_ll_adc.o" --specs=nano.specs -mfloat-abi=soft -mthumb -o "Drivers/STM32F0xx_HAL_Driver/stm32f0xx_ll_adc.o"
arm-none-eabi-gcc "C:/Users/13410/Desktop/study/Summer Project Year 1/Self_balancing/Drivers/STM32F0xx_HAL_Driver/Src/stm32f0xx_ll_dma.c" -mcpu=cortex-m0 -std=gnu11 -g3 -DDEBUG -DARM_MATH_CM0 -DUSE_HAL_DRIVER -DSTM32F031x6 -DUSE_FULL_LL_DRIVER -c -I../../Inc -I../../Drivers/STM32F0xx_HAL_Driver/Inc -I../../Drivers/STM32F0xx_HAL_Driver/Inc/Legacy -I../../MCSDK_v6.1.2-Full/MotorControl/MCSDK/MCLib/Any/Inc -I../../Drivers/CMSIS/Device/ST/STM32F0xx/Include -I../../Drivers/CMSIS/Include -I../../Drivers/CMSIS/DSP/Include -Ofast -ffunction-sections -fdata-sections -Wall -fstack-usage -fcyclomatic-complexity -MMD -MP -MF"Drivers/STM32F0xx_HAL_Driver/stm32f0xx_ll_dma.d" -MT"Drivers/STM32F0xx_HAL_Driver/stm32f0xx_ll_dma.o" --specs=nano.specs -mfloat-abi=soft -mthumb -o "Drivers/STM32F0xx_HAL_Driver/stm32f0xx_ll_dma.o"
arm-none-eabi-gcc "C:/Users/13410/Desktop/study/Summer Project Year 1/Self_balancing/Drivers/STM32F0xx_HAL_Driver/Src/stm32f0xx_ll_exti.c" -mcpu=cortex-m0 -std=gnu11 -g3 -DDEBUG -DARM_MATH_CM0 -DUSE_HAL_DRIVER -DSTM32F031x6 -DUSE_FULL_LL_DRIVER -c -I../../Inc -I../../Drivers/STM32F0xx_HAL_Driver/Inc -I../../Drivers/STM32F0xx_HAL_Driver/Inc/Legacy -I../../MCSDK_v6.1.2-Full/MotorControl/MCSDK/MCLib/Any/Inc -I../../Drivers/CMSIS/Device/ST/STM32F0xx/Include -I../../Drivers/CMSIS/Include -I../../Drivers/CMSIS/DSP/Include -Ofast -ffunction-sections -fdata-sections -Wall -fstack-usage -fcyclomatic-complexity -MMD -MP -MF"Drivers/STM32F0xx_HAL_Driver/stm32f0xx_ll_exti.d" -MT"Drivers/STM32F0xx_HAL_Driver/stm32f0xx_ll_exti.o" --specs=nano.specs -mfloat-abi=soft -mthumb -o "Drivers/STM32F0xx_HAL_Driver/stm32f0xx_ll_exti.o"
arm-none-eabi-gcc "C:/Users/13410/Desktop/study/Summer Project Year 1/Self_balancing/Drivers/STM32F0xx_HAL_Driver/Src/stm32f0xx_ll_gpio.c" -mcpu=cortex-m0 -std=gnu11 -g3 -DDEBUG -DARM_MATH_CM0 -DUSE_HAL_DRIVER -DSTM32F031x6 -DUSE_FULL_LL_DRIVER -c -I../../Inc -I../../Drivers/STM32F0xx_HAL_Driver/Inc -I../../Drivers/STM32F0xx_HAL_Driver/Inc/Legacy -I../../MCSDK_v6.1.2-Full/MotorControl/MCSDK/MCLib/Any/Inc -I../../Drivers/CMSIS/Device/ST/STM32F0xx/Include -I../../Drivers/CMSIS/Include -I../../Drivers/CMSIS/DSP/Include -Ofast -ffunction-sections -fdata-sections -Wall -fstack-usage -fcyclomatic-complexity -MMD -MP -MF"Drivers/STM32F0xx_HAL_Driver/stm32f0xx_ll_gpio.d" -MT"Drivers/STM32F0xx_HAL_Driver/stm32f0xx_ll_gpio.o" --specs=nano.specs -mfloat-abi=soft -mthumb -o "Drivers/STM32F0xx_HAL_Driver/stm32f0xx_ll_gpio.o"
arm-none-eabi-gcc "C:/Users/13410/Desktop/study/Summer Project Year 1/Self_balancing/Drivers/STM32F0xx_HAL_Driver/Src/stm32f0xx_ll_rcc.c" -mcpu=cortex-m0 -std=gnu11 -g3 -DDEBUG -DARM_MATH_CM0 -DUSE_HAL_DRIVER -DSTM32F031x6 -DUSE_FULL_LL_DRIVER -c -I../../Inc -I../../Drivers/STM32F0xx_HAL_Driver/Inc -I../../Drivers/STM32F0xx_HAL_Driver/Inc/Legacy -I../../MCSDK_v6.1.2-Full/MotorControl/MCSDK/MCLib/Any/Inc -I../../Drivers/CMSIS/Device/ST/STM32F0xx/Include -I../../Drivers/CMSIS/Include -I../../Drivers/CMSIS/DSP/Include -Ofast -ffunction-sections -fdata-sections -Wall -fstack-usage -fcyclomatic-complexity -MMD -MP -MF"Drivers/STM32F0xx_HAL_Driver/stm32f0xx_ll_rcc.d" -MT"Drivers/STM32F0xx_HAL_Driver/stm32f0xx_ll_rcc.o" --specs=nano.specs -mfloat-abi=soft -mthumb -o "Drivers/STM32F0xx_HAL_Driver/stm32f0xx_ll_rcc.o"
arm-none-eabi-gcc "C:/Users/13410/Desktop/study/Summer Project Year 1/Self_balancing/Drivers/STM32F0xx_HAL_Driver/Src/stm32f0xx_ll_tim.c" -mcpu=cortex-m0 -std=gnu11 -g3 -DDEBUG -DARM_MATH_CM0 -DUSE_HAL_DRIVER -DSTM32F031x6 -DUSE_FULL_LL_DRIVER -c -I../../Inc -I../../Drivers/STM32F0xx_HAL_Driver/Inc -I../../Drivers/STM32F0xx_HAL_Driver/Inc/Legacy -I../../MCSDK_v6.1.2-Full/MotorControl/MCSDK/MCLib/Any/Inc -I../../Drivers/CMSIS/Device/ST/STM32F0xx/Include -I../../Drivers/CMSIS/Include -I../../Drivers/CMSIS/DSP/Include -Ofast -ffunction-sections -fdata-sections -Wall -fstack-usage -fcyclomatic-complexity -MMD -MP -MF"Drivers/STM32F0xx_HAL_Driver/stm32f0xx_ll_tim.d" -MT"Drivers/STM32F0xx_HAL_Driver/stm32f0xx_ll_tim.o" --specs=nano.specs -mfloat-abi=soft -mthumb -o "Drivers/STM32F0xx_HAL_Driver/stm32f0xx_ll_tim.o"
arm-none-eabi-gcc "C:/Users/13410/Desktop/study/Summer Project Year 1/Self_balancing/Drivers/STM32F0xx_HAL_Driver/Src/stm32f0xx_ll_usart.c" -mcpu=cortex-m0 -std=gnu11 -g3 -DDEBUG -DARM_MATH_CM0 -DUSE_HAL_DRIVER -DSTM32F031x6 -DUSE_FULL_LL_DRIVER -c -I../../Inc -I../../Drivers/STM32F0xx_HAL_Driver/Inc -I../../Drivers/STM32F0xx_HAL_Driver/Inc/Legacy -I../../MCSDK_v6.1.2-Full/MotorControl/MCSDK/MCLib/Any/Inc -I../../Drivers/CMSIS/Device/ST/STM32F0xx/Include -I../../Drivers/CMSIS/Include -I../../Drivers/CMSIS/DSP/Include -Ofast -ffunction-sections -fdata-sections -Wall -fstack-usage -fcyclomatic-complexity -MMD -MP -MF"Drivers/STM32F0xx_HAL_Driver/stm32f0xx_ll_usart.d" -MT"Drivers/STM32F0xx_HAL_Driver/stm32f0xx_ll_usart.o" --specs=nano.specs -mfloat-abi=soft -mthumb -o "Drivers/STM32F0xx_HAL_Driver/stm32f0xx_ll_usart.o"
arm-none-eabi-gcc "C:/Users/13410/Desktop/study/Summer Project Year 1/Self_balancing/Drivers/STM32F0xx_HAL_Driver/Src/stm32f0xx_ll_utils.c" -mcpu=cortex-m0 -std=gnu11 -g3 -DDEBUG -DARM_MATH_CM0 -DUSE_HAL_DRIVER -DSTM32F031x6 -DUSE_FULL_LL_DRIVER -c -I../../Inc -I../../Drivers/STM32F0xx_HAL_Driver/Inc -I../../Drivers/STM32F0xx_HAL_Driver/Inc/Legacy -I../../MCSDK_v6.1.2-Full/MotorControl/MCSDK/MCLib/Any/Inc -I../../Drivers/CMSIS/Device/ST/STM32F0xx/Include -I../../Drivers/CMSIS/Include -I../../Drivers/CMSIS/DSP/Include -Ofast -ffunction-sections -fdata-sections -Wall -fstack-usage -fcyclomatic-complexity -MMD -MP -MF"Drivers/STM32F0xx_HAL_Driver/stm32f0xx_ll_utils.d" -MT"Drivers/STM32F0xx_HAL_Driver/stm32f0xx_ll_utils.o" --specs=nano.specs -mfloat-abi=soft -mthumb -o "Drivers/STM32F0xx_HAL_Driver/stm32f0xx_ll_utils.o"
arm-none-eabi-gcc "C:/Users/13410/Desktop/study/Summer Project Year 1/Self_balancing/Src/system_stm32f0xx.c" -mcpu=cortex-m0 -std=gnu11 -g3 -DDEBUG -DARM_MATH_CM0 -DUSE_HAL_DRIVER -DSTM32F031x6 -DUSE_FULL_LL_DRIVER -c -I../../Inc -I../../Drivers/STM32F0xx_HAL_Driver/Inc -I../../Drivers/STM32F0xx_HAL_Driver/Inc/Legacy -I../../MCSDK_v6.1.2-Full/MotorControl/MCSDK/MCLib/Any/Inc -I../../Drivers/CMSIS/Device/ST/STM32F0xx/Include -I../../Drivers/CMSIS/Include -I../../Drivers/CMSIS/DSP/Include -Ofast -ffunction-sections -fdata-sections -Wall -fstack-usage -fcyclomatic-complexity -MMD -MP -MF"Drivers/CMSIS/system_stm32f0xx.d" -MT"Drivers/CMSIS/system_stm32f0xx.o" --specs=nano.specs -mfloat-abi=soft -mthumb -o "Drivers/CMSIS/system_stm32f0xx.o"
arm-none-eabi-gcc "C:/Users/13410/Desktop/study/Summer Project Year 1/Self_balancing/Src/aspep.c" -mcpu=cortex-m0 -std=gnu11 -g3 -DDEBUG -DARM_MATH_CM0 -DUSE_HAL_DRIVER -DSTM32F031x6 -DUSE_FULL_LL_DRIVER -c -I../../Inc -I../../Drivers/STM32F0xx_HAL_Driver/Inc -I../../Drivers/STM32F0xx_HAL_Driver/Inc/Legacy -I../../MCSDK_v6.1.2-Full/MotorControl/MCSDK/MCLib/Any/Inc -I../../Drivers/CMSIS/Device/ST/STM32F0xx/Include -I../../Drivers/CMSIS/Include -I../../Drivers/CMSIS/DSP/Include -Ofast -ffunction-sections -fdata-sections -Wall -fstack-usage -fcyclomatic-complexity -MMD -MP -MF"Application/User/aspep.d" -MT"Application/User/aspep.o" --specs=nano.specs -mfloat-abi=soft -mthumb -o "Application/User/aspep.o"
arm-none-eabi-gcc "C:/Users/13410/Desktop/study/Summer Project Year 1/Self_balancing/Src/hall_speed_pos_fdbk.c" -mcpu=cortex-m0 -std=gnu11 -g3 -DDEBUG -DARM_MATH_CM0 -DUSE_HAL_DRIVER -DSTM32F031x6 -DUSE_FULL_LL_DRIVER -c -I../../Inc -I../../Drivers/STM32F0xx_HAL_Driver/Inc -I../../Drivers/STM32F0xx_HAL_Driver/Inc/Legacy -I../../MCSDK_v6.1.2-Full/MotorControl/MCSDK/MCLib/Any/Inc -I../../Drivers/CMSIS/Device/ST/STM32F0xx/Include -I../../Drivers/CMSIS/Include -I../../Drivers/CMSIS/DSP/Include -Ofast -ffunction-sections -fdata-sections -Wall -fstack-usage -fcyclomatic-complexity -MMD -MP -MF"Application/User/hall_speed_pos_fdbk.d" -MT"Application/User/hall_speed_pos_fdbk.o" --specs=nano.specs -mfloat-abi=soft -mthumb -o "Application/User/hall_speed_pos_fdbk.o"
arm-none-eabi-gcc "C:/Users/13410/Desktop/study/Summer Project Year 1/Self_balancing/Src/main.c" -mcpu=cortex-m0 -std=gnu11 -g3 -DDEBUG -DARM_MATH_CM0 -DUSE_HAL_DRIVER -DSTM32F031x6 -DUSE_FULL_LL_DRIVER -c -I../../Inc -I../../Drivers/STM32F0xx_HAL_Driver/Inc -I../../Drivers/STM32F0xx_HAL_Driver/Inc/Legacy -I../../MCSDK_v6.1.2-Full/MotorControl/MCSDK/MCLib/Any/Inc -I../../Drivers/CMSIS/Device/ST/STM32F0xx/Include -I../../Drivers/CMSIS/Include -I../../Drivers/CMSIS/DSP/Include -Ofast -ffunction-sections -fdata-sections -Wall -fstack-usage -fcyclomatic-complexity -MMD -MP -MF"Application/User/main.d" -MT"Application/User/main.o" --specs=nano.specs -mfloat-abi=soft -mthumb -o "Application/User/main.o"
arm-none-eabi-gcc "C:/Users/13410/Desktop/study/Summer Project Year 1/Self_balancing/Src/mc_api.c" -mcpu=cortex-m0 -std=gnu11 -g3 -DDEBUG -DARM_MATH_CM0 -DUSE_HAL_DRIVER -DSTM32F031x6 -DUSE_FULL_LL_DRIVER -c -I../../Inc -I../../Drivers/STM32F0xx_HAL_Driver/Inc -I../../Drivers/STM32F0xx_HAL_Driver/Inc/Legacy -I../../MCSDK_v6.1.2-Full/MotorControl/MCSDK/MCLib/Any/Inc -I../../Drivers/CMSIS/Device/ST/STM32F0xx/Include -I../../Drivers/CMSIS/Include -I../../Drivers/CMSIS/DSP/Include -Ofast -ffunction-sections -fdata-sections -Wall -fstack-usage -fcyclomatic-complexity -MMD -MP -MF"Application/User/mc_api.d" -MT"Application/User/mc_api.o" --specs=nano.specs -mfloat-abi=soft -mthumb -o "Application/User/mc_api.o"
arm-none-eabi-gcc "C:/Users/13410/Desktop/study/Summer Project Year 1/Self_balancing/Src/mc_app_hooks.c" -mcpu=cortex-m0 -std=gnu11 -g3 -DDEBUG -DARM_MATH_CM0 -DUSE_HAL_DRIVER -DSTM32F031x6 -DUSE_FULL_LL_DRIVER -c -I../../Inc -I../../Drivers/STM32F0xx_HAL_Driver/Inc -I../../Drivers/STM32F0xx_HAL_Driver/Inc/Legacy -I../../MCSDK_v6.1.2-Full/MotorControl/MCSDK/MCLib/Any/Inc -I../../Drivers/CMSIS/Device/ST/STM32F0xx/Include -I../../Drivers/CMSIS/Include -I../../Drivers/CMSIS/DSP/Include -Ofast -ffunction-sections -fdata-sections -Wall -fstack-usage -fcyclomatic-complexity -MMD -MP -MF"Application/User/mc_app_hooks.d" -MT"Application/User/mc_app_hooks.o" --specs=nano.specs -mfloat-abi=soft -mthumb -o "Application/User/mc_app_hooks.o"
arm-none-eabi-gcc "C:/Users/13410/Desktop/study/Summer Project Year 1/Self_balancing/Src/mc_config.c" -mcpu=cortex-m0 -std=gnu11 -g3 -DDEBUG -DARM_MATH_CM0 -DUSE_HAL_DRIVER -DSTM32F031x6 -DUSE_FULL_LL_DRIVER -c -I../../Inc -I../../Drivers/STM32F0xx_HAL_Driver/Inc -I../../Drivers/STM32F0xx_HAL_Driver/Inc/Legacy -I../../MCSDK_v6.1.2-Full/MotorControl/MCSDK/MCLib/Any/Inc -I../../Drivers/CMSIS/Device/ST/STM32F0xx/Include -I../../Drivers/CMSIS/Include -I../../Drivers/CMSIS/DSP/Include -Ofast -ffunction-sections -fdata-sections -Wall -fstack-usage -fcyclomatic-complexity -MMD -MP -MF"Application/User/mc_config.d" -MT"Application/User/mc_config.o" --specs=nano.specs -mfloat-abi=soft -mthumb -o "Application/User/mc_config.o"
arm-none-eabi-gcc "C:/Users/13410/Desktop/study/Summer Project Year 1/Self_balancing/Src/mc_configuration_registers.c" -mcpu=cortex-m0 -std=gnu11 -g3 -DDEBUG -DARM_MATH_CM0 -DUSE_HAL_DRIVER -DSTM32F031x6 -DUSE_FULL_LL_DRIVER -c -I../../Inc -I../../Drivers/STM32F0xx_HAL_Driver/Inc -I../../Drivers/STM32F0xx_HAL_Driver/Inc/Legacy -I../../MCSDK_v6.1.2-Full/MotorControl/MCSDK/MCLib/Any/Inc -I../../Drivers/CMSIS/Device/ST/STM32F0xx/Include -I../../Drivers/CMSIS/Include -I../../Drivers/CMSIS/DSP/Include -Ofast -ffunction-sections -fdata-sections -Wall -fstack-usage -fcyclomatic-complexity -MMD -MP -MF"Application/User/mc_configuration_registers.d" -MT"Application/User/mc_configuration_registers.o" --specs=nano.specs -mfloat-abi=soft -mthumb -o "Application/User/mc_configuration_registers.o"
arm-none-eabi-gcc "C:/Users/13410/Desktop/study/Summer Project Year 1/Self_balancing/Src/mc_interface.c" -mcpu=cortex-m0 -std=gnu11 -g3 -DDEBUG -DARM_MATH_CM0 -DUSE_HAL_DRIVER -DSTM32F031x6 -DUSE_FULL_LL_DRIVER -c -I../../Inc -I../../Drivers/STM32F0xx_HAL_Driver/Inc -I../../Drivers/STM32F0xx_HAL_Driver/Inc/Legacy -I../../MCSDK_v6.1.2-Full/MotorControl/MCSDK/MCLib/Any/Inc -I../../Drivers/CMSIS/Device/ST/STM32F0xx/Include -I../../Drivers/CMSIS/Include -I../../Drivers/CMSIS/DSP/Include -Ofast -ffunction-sections -fdata-sections -Wall -fstack-usage -fcyclomatic-complexity -MMD -MP -MF"Application/User/mc_interface.d" -MT"Application/User/mc_interface.o" --specs=nano.specs -mfloat-abi=soft -mthumb -o "Application/User/mc_interface.o"
arm-none-eabi-gcc "C:/Users/13410/Desktop/study/Summer Project Year 1/Self_balancing/Src/mc_math.c" -mcpu=cortex-m0 -std=gnu11 -g3 -DDEBUG -DARM_MATH_CM0 -DUSE_HAL_DRIVER -DSTM32F031x6 -DUSE_FULL_LL_DRIVER -c -I../../Inc -I../../Drivers/STM32F0xx_HAL_Driver/Inc -I../../Drivers/STM32F0xx_HAL_Driver/Inc/Legacy -I../../MCSDK_v6.1.2-Full/MotorControl/MCSDK/MCLib/Any/Inc -I../../Drivers/CMSIS/Device/ST/STM32F0xx/Include -I../../Drivers/CMSIS/Include -I../../Drivers/CMSIS/DSP/Include -Ofast -ffunction-sections -fdata-sections -Wall -fstack-usage -fcyclomatic-complexity -MMD -MP -MF"Application/User/mc_math.d" -MT"Application/User/mc_math.o" --specs=nano.specs -mfloat-abi=soft -mthumb -o "Application/User/mc_math.o"
arm-none-eabi-gcc "C:/Users/13410/Desktop/study/Summer Project Year 1/Self_balancing/Src/mc_parameters.c" -mcpu=cortex-m0 -std=gnu11 -g3 -DDEBUG -DARM_MATH_CM0 -DUSE_HAL_DRIVER -DSTM32F031x6 -DUSE_FULL_LL_DRIVER -c -I../../Inc -I../../Drivers/STM32F0xx_HAL_Driver/Inc -I../../Drivers/STM32F0xx_HAL_Driver/Inc/Legacy -I../../MCSDK_v6.1.2-Full/MotorControl/MCSDK/MCLib/Any/Inc -I../../Drivers/CMSIS/Device/ST/STM32F0xx/Include -I../../Drivers/CMSIS/Include -I../../Drivers/CMSIS/DSP/Include -Ofast -ffunction-sections -fdata-sections -Wall -fstack-usage -fcyclomatic-complexity -MMD -MP -MF"Application/User/mc_parameters.d" -MT"Application/User/mc_parameters.o" --specs=nano.specs -mfloat-abi=soft -mthumb -o "Application/User/mc_parameters.o"
arm-none-eabi-gcc "C:/Users/13410/Desktop/study/Summer Project Year 1/Self_balancing/Src/mc_tasks.c" -mcpu=cortex-m0 -std=gnu11 -g3 -DDEBUG -DARM_MATH_CM0 -DUSE_HAL_DRIVER -DSTM32F031x6 -DUSE_FULL_LL_DRIVER -c -I../../Inc -I../../Drivers/STM32F0xx_HAL_Driver/Inc -I../../Drivers/STM32F0xx_HAL_Driver/Inc/Legacy -I../../MCSDK_v6.1.2-Full/MotorControl/MCSDK/MCLib/Any/Inc -I../../Drivers/CMSIS/Device/ST/STM32F0xx/Include -I../../Drivers/CMSIS/Include -I../../Drivers/CMSIS/DSP/Include -Ofast -ffunction-sections -fdata-sections -Wall -fstack-usage -fcyclomatic-complexity -MMD -MP -MF"Application/User/mc_tasks.d" -MT"Application/User/mc_tasks.o" --specs=nano.specs -mfloat-abi=soft -mthumb -o "Application/User/mc_tasks.o"
arm-none-eabi-gcc "C:/Users/13410/Desktop/study/Summer Project Year 1/Self_balancing/Src/mcp_config.c" -mcpu=cortex-m0 -std=gnu11 -g3 -DDEBUG -DARM_MATH_CM0 -DUSE_HAL_DRIVER -DSTM32F031x6 -DUSE_FULL_LL_DRIVER -c -I../../Inc -I../../Drivers/STM32F0xx_HAL_Driver/Inc -I../../Drivers/STM32F0xx_HAL_Driver/Inc/Legacy -I../../MCSDK_v6.1.2-Full/MotorControl/MCSDK/MCLib/Any/Inc -I../../Drivers/CMSIS/Device/ST/STM32F0xx/Include -I../../Drivers/CMSIS/Include -I../../Drivers/CMSIS/DSP/Include -Ofast -ffunction-sections -fdata-sections -Wall -fstack-usage -fcyclomatic-complexity -MMD -MP -MF"Application/User/mcp_config.d" -MT"Application/User/mcp_config.o" --specs=nano.specs -mfloat-abi=soft -mthumb -o "Application/User/mcp_config.o"
arm-none-eabi-gcc "C:/Users/13410/Desktop/study/Summer Project Year 1/Self_balancing/Src/motorcontrol.c" -mcpu=cortex-m0 -std=gnu11 -g3 -DDEBUG -DARM_MATH_CM0 -DUSE_HAL_DRIVER -DSTM32F031x6 -DUSE_FULL_LL_DRIVER -c -I../../Inc -I../../Drivers/STM32F0xx_HAL_Driver/Inc -I../../Drivers/STM32F0xx_HAL_Driver/Inc/Legacy -I../../MCSDK_v6.1.2-Full/MotorControl/MCSDK/MCLib/Any/Inc -I../../Drivers/CMSIS/Device/ST/STM32F0xx/Include -I../../Drivers/CMSIS/Include -I../../Drivers/CMSIS/DSP/Include -Ofast -ffunction-sections -fdata-sections -Wall -fstack-usage -fcyclomatic-complexity -MMD -MP -MF"Application/User/motorcontrol.d" -MT"Application/User/motorcontrol.o" --specs=nano.specs -mfloat-abi=soft -mthumb -o "Application/User/motorcontrol.o"
arm-none-eabi-gcc "C:/Users/13410/Desktop/study/Summer Project Year 1/Self_balancing/Src/pwm_curr_fdbk.c" -mcpu=cortex-m0 -std=gnu11 -g3 -DDEBUG -DARM_MATH_CM0 -DUSE_HAL_DRIVER -DSTM32F031x6 -DUSE_FULL_LL_DRIVER -c -I../../Inc -I../../Drivers/STM32F0xx_HAL_Driver/Inc -I../../Drivers/STM32F0xx_HAL_Driver/Inc/Legacy -I../../MCSDK_v6.1.2-Full/MotorControl/MCSDK/MCLib/Any/Inc -I../../Drivers/CMSIS/Device/ST/STM32F0xx/Include -I../../Drivers/CMSIS/Include -I../../Drivers/CMSIS/DSP/Include -Ofast -ffunction-sections -fdata-sections -Wall -fstack-usage -fcyclomatic-complexity -MMD -MP -MF"Application/User/pwm_curr_fdbk.d" -MT"Application/User/pwm_curr_fdbk.o" --specs=nano.specs -mfloat-abi=soft -mthumb -o "Application/User/pwm_curr_fdbk.o"
arm-none-eabi-gcc "C:/Users/13410/Desktop/study/Summer Project Year 1/Self_balancing/Src/r1_ps_pwm_curr_fdbk.c" -mcpu=cortex-m0 -std=gnu11 -g3 -DDEBUG -DARM_MATH_CM0 -DUSE_HAL_DRIVER -DSTM32F031x6 -DUSE_FULL_LL_DRIVER -c -I../../Inc -I../../Drivers/STM32F0xx_HAL_Driver/Inc -I../../Drivers/STM32F0xx_HAL_Driver/Inc/Legacy -I../../MCSDK_v6.1.2-Full/MotorControl/MCSDK/MCLib/Any/Inc -I../../Drivers/CMSIS/Device/ST/STM32F0xx/Include -I../../Drivers/CMSIS/Include -I../../Drivers/CMSIS/DSP/Include -Ofast -ffunction-sections -fdata-sections -Wall -fstack-usage -fcyclomatic-complexity -MMD -MP -MF"Application/User/r1_ps_pwm_curr_fdbk.d" -MT"Application/User/r1_ps_pwm_curr_fdbk.o" --specs=nano.specs -mfloat-abi=soft -mthumb -o "Application/User/r1_ps_pwm_curr_fdbk.o"
arm-none-eabi-gcc "C:/Users/13410/Desktop/study/Summer Project Year 1/Self_balancing/Src/register_interface.c" -mcpu=cortex-m0 -std=gnu11 -g3 -DDEBUG -DARM_MATH_CM0 -DUSE_HAL_DRIVER -DSTM32F031x6 -DUSE_FULL_LL_DRIVER -c -I../../Inc -I../../Drivers/STM32F0xx_HAL_Driver/Inc -I../../Drivers/STM32F0xx_HAL_Driver/Inc/Legacy -I../../MCSDK_v6.1.2-Full/MotorControl/MCSDK/MCLib/Any/Inc -I../../Drivers/CMSIS/Device/ST/STM32F0xx/Include -I../../Drivers/CMSIS/Include -I../../Drivers/CMSIS/DSP/Include -Ofast -ffunction-sections -fdata-sections -Wall -fstack-usage -fcyclomatic-complexity -MMD -MP -MF"Application/User/register_interface.d" -MT"Application/User/register_interface.o" --specs=nano.specs -mfloat-abi=soft -mthumb -o "Application/User/register_interface.o"
arm-none-eabi-gcc "C:/Users/13410/Desktop/study/Summer Project Year 1/Self_balancing/Src/regular_conversion_manager.c" -mcpu=cortex-m0 -std=gnu11 -g3 -DDEBUG -DARM_MATH_CM0 -DUSE_HAL_DRIVER -DSTM32F031x6 -DUSE_FULL_LL_DRIVER -c -I../../Inc -I../../Drivers/STM32F0xx_HAL_Driver/Inc -I../../Drivers/STM32F0xx_HAL_Driver/Inc/Legacy -I../../MCSDK_v6.1.2-Full/MotorControl/MCSDK/MCLib/Any/Inc -I../../Drivers/CMSIS/Device/ST/STM32F0xx/Include -I../../Drivers/CMSIS/Include -I../../Drivers/CMSIS/DSP/Include -Ofast -ffunction-sections -fdata-sections -Wall -fstack-usage -fcyclomatic-complexity -MMD -MP -MF"Application/User/regular_conversion_manager.d" -MT"Application/User/regular_conversion_manager.o" --specs=nano.specs -mfloat-abi=soft -mthumb -o "Application/User/regular_conversion_manager.o"
arm-none-eabi-gcc "C:/Users/13410/Desktop/study/Summer Project Year 1/Self_balancing/Src/stm32f0xx_hal_msp.c" -mcpu=cortex-m0 -std=gnu11 -g3 -DDEBUG -DARM_MATH_CM0 -DUSE_HAL_DRIVER -DSTM32F031x6 -DUSE_FULL_LL_DRIVER -c -I../../Inc -I../../Drivers/STM32F0xx_HAL_Driver/Inc -I../../Drivers/STM32F0xx_HAL_Driver/Inc/Legacy -I../../MCSDK_v6.1.2-Full/MotorControl/MCSDK/MCLib/Any/Inc -I../../Drivers/CMSIS/Device/ST/STM32F0xx/Include -I../../Drivers/CMSIS/Include -I../../Drivers/CMSIS/DSP/Include -Ofast -ffunction-sections -fdata-sections -Wall -fstack-usage -fcyclomatic-complexity -MMD -MP -MF"Application/User/stm32f0xx_hal_msp.d" -MT"Application/User/stm32f0xx_hal_msp.o" --specs=nano.specs -mfloat-abi=soft -mthumb -o "Application/User/stm32f0xx_hal_msp.o"
arm-none-eabi-gcc "C:/Users/13410/Desktop/study/Summer Project Year 1/Self_balancing/Src/stm32f0xx_it.c" -mcpu=cortex-m0 -std=gnu11 -g3 -DDEBUG -DARM_MATH_CM0 -DUSE_HAL_DRIVER -DSTM32F031x6 -DUSE_FULL_LL_DRIVER -c -I../../Inc -I../../Drivers/STM32F0xx_HAL_Driver/Inc -I../../Drivers/STM32F0xx_HAL_Driver/Inc/Legacy -I../../MCSDK_v6.1.2-Full/MotorControl/MCSDK/MCLib/Any/Inc -I../../Drivers/CMSIS/Device/ST/STM32F0xx/Include -I../../Drivers/CMSIS/Include -I../../Drivers/CMSIS/DSP/Include -Ofast -ffunction-sections -fdata-sections -Wall -fstack-usage -fcyclomatic-complexity -MMD -MP -MF"Application/User/stm32f0xx_it.d" -MT"Application/User/stm32f0xx_it.o" --specs=nano.specs -mfloat-abi=soft -mthumb -o "Application/User/stm32f0xx_it.o"
arm-none-eabi-gcc "C:/Users/13410/Desktop/study/Summer Project Year 1/Self_balancing/Src/stm32f0xx_mc_it.c" -mcpu=cortex-m0 -std=gnu11 -g3 -DDEBUG -DARM_MATH_CM0 -DUSE_HAL_DRIVER -DSTM32F031x6 -DUSE_FULL_LL_DRIVER -c -I../../Inc -I../../Drivers/STM32F0xx_HAL_Driver/Inc -I../../Drivers/STM32F0xx_HAL_Driver/Inc/Legacy -I../../MCSDK_v6.1.2-Full/MotorControl/MCSDK/MCLib/Any/Inc -I../../Drivers/CMSIS/Device/ST/STM32F0xx/Include -I../../Drivers/CMSIS/Include -I../../Drivers/CMSIS/DSP/Include -Ofast -ffunction-sections -fdata-sections -Wall -fstack-usage -fcyclomatic-complexity -MMD -MP -MF"Application/User/stm32f0xx_mc_it.d" -MT"Application/User/stm32f0xx_mc_it.o" --specs=nano.specs -mfloat-abi=soft -mthumb -o "Application/User/stm32f0xx_mc_it.o"
arm-none-eabi-gcc "../Application/User/syscalls.c" -mcpu=cortex-m0 -std=gnu11 -g3 -DDEBUG -DARM_MATH_CM0 -DUSE_HAL_DRIVER -DSTM32F031x6 -DUSE_FULL_LL_DRIVER -c -I../../Inc -I../../Drivers/STM32F0xx_HAL_Driver/Inc -I../../Drivers/STM32F0xx_HAL_Driver/Inc/Legacy -I../../MCSDK_v6.1.2-Full/MotorControl/MCSDK/MCLib/Any/Inc -I../../Drivers/CMSIS/Device/ST/STM32F0xx/Include -I../../Drivers/CMSIS/Include -I../../Drivers/CMSIS/DSP/Include -Ofast -ffunction-sections -fdata-sections -Wall -fstack-usage -fcyclomatic-complexity -MMD -MP -MF"Application/User/syscalls.d" -MT"Application/User/syscalls.o" --specs=nano.specs -mfloat-abi=soft -mthumb -o "Application/User/syscalls.o"
arm-none-eabi-gcc "../Application/User/sysmem.c" -mcpu=cortex-m0 -std=gnu11 -g3 -DDEBUG -DARM_MATH_CM0 -DUSE_HAL_DRIVER -DSTM32F031x6 -DUSE_FULL_LL_DRIVER -c -I../../Inc -I../../Drivers/STM32F0xx_HAL_Driver/Inc -I../../Drivers/STM32F0xx_HAL_Driver/Inc/Legacy -I../../MCSDK_v6.1.2-Full/MotorControl/MCSDK/MCLib/Any/Inc -I../../Drivers/CMSIS/Device/ST/STM32F0xx/Include -I../../Drivers/CMSIS/Include -I../../Drivers/CMSIS/DSP/Include -Ofast -ffunction-sections -fdata-sections -Wall -fstack-usage -fcyclomatic-complexity -MMD -MP -MF"Application/User/sysmem.d" -MT"Application/User/sysmem.o" --specs=nano.specs -mfloat-abi=soft -mthumb -o "Application/User/sysmem.o"
arm-none-eabi-gcc "C:/Users/13410/Desktop/study/Summer Project Year 1/Self_balancing/Src/usart_aspep_driver.c" -mcpu=cortex-m0 -std=gnu11 -g3 -DDEBUG -DARM_MATH_CM0 -DUSE_HAL_DRIVER -DSTM32F031x6 -DUSE_FULL_LL_DRIVER -c -I../../Inc -I../../Drivers/STM32F0xx_HAL_Driver/Inc -I../../Drivers/STM32F0xx_HAL_Driver/Inc/Legacy -I../../MCSDK_v6.1.2-Full/MotorControl/MCSDK/MCLib/Any/Inc -I../../Drivers/CMSIS/Device/ST/STM32F0xx/Include -I../../Drivers/CMSIS/Include -I../../Drivers/CMSIS/DSP/Include -Ofast -ffunction-sections -fdata-sections -Wall -fstack-usage -fcyclomatic-complexity -MMD -MP -MF"Application/User/usart_aspep_driver.d" -MT"Application/User/usart_aspep_driver.o" --specs=nano.specs -mfloat-abi=soft -mthumb -o "Application/User/usart_aspep_driver.o"
arm-none-eabi-gcc -mcpu=cortex-m0 -g3 -DDEBUG -c -x assembler-with-cpp -MMD -MP -MF"Application/Startup/startup_stm32f031c6tx.d" -MT"Application/Startup/startup_stm32f031c6tx.o" --specs=nano.specs -mfloat-abi=soft -mthumb -o "Application/Startup/startup_stm32f031c6tx.o" "../Application/Startup/startup_stm32f031c6tx.s"
arm-none-eabi-gcc -o "Self_balancing.elf" @"objects.list"   -mcpu=cortex-m0 -T"C:\Users\13410\Desktop\study\Summer Project Year 1\Self_balancing\STM32CubeIDE\STM32F031C6TX_FLASH.ld" --specs=nosys.specs -Wl,-Map="Self_balancing.map" -Wl,--gc-sections -static --specs=nano.specs -mfloat-abi=soft -mthumb -Wl,--start-group -lc -lm -Wl,--end-group
Finished building target: Self_balancing.elf
 
arm-none-eabi-size   Self_balancing.elf 
arm-none-eabi-objdump -h -S  Self_balancing.elf  > "Self_balancing.list"
   text	   data	    bss	    dec	    hex	filename
  29040	   1112	   1680	  31832	   7c58	Self_balancing.elf
Finished building: default.size.stdout
 
Finished building: Self_balancing.list
 
10:40:47 **** Incremental Build of configuration Debug for project Self_balancing ****
make -j8 all 
arm-none-eabi-size   Self_balancing.elf 
   text	   data	    bss	    dec	    hex	filename
  29040	   1112	   1680	  31832	   7c58	Self_balancing.elf
Finished building: default.size.stdout
 
10:45:43 **** Incremental Build of configuration Debug for project Self_balancing ****
make -j8 all 
arm-none-eabi-gcc "C:/Users/13410/Desktop/study/Summer Project Year 1/Self_balancing/MCSDK_v6.1.2-Full/MotorControl/MCSDK/MCLib/Any/Src/bus_voltage_sensor.c" -mcpu=cortex-m0 -std=gnu11 -g3 -DDEBUG -DARM_MATH_CM0 -DUSE_HAL_DRIVER -DSTM32F031x6 -DUSE_FULL_LL_DRIVER -c -I../../Inc -I../../Drivers/STM32F0xx_HAL_Driver/Inc -I../../Drivers/STM32F0xx_HAL_Driver/Inc/Legacy -I../../MCSDK_v6.1.2-Full/MotorControl/MCSDK/MCLib/Any/Inc -I../../Drivers/CMSIS/Device/ST/STM32F0xx/Include -I../../Drivers/CMSIS/Include -I../../Drivers/CMSIS/DSP/Include -Ofast -ffunction-sections -fdata-sections -Wall -fstack-usage -fcyclomatic-complexity -MMD -MP -MF"Middlewares/MotorControl/bus_voltage_sensor.d" -MT"Middlewares/MotorControl/bus_voltage_sensor.o" --specs=nano.specs -mfloat-abi=soft -mthumb -o "Middlewares/MotorControl/bus_voltage_sensor.o"
arm-none-eabi-gcc "C:/Users/13410/Desktop/study/Summer Project Year 1/Self_balancing/MCSDK_v6.1.2-Full/MotorControl/MCSDK/MCLib/Any/Src/circle_limitation.c" -mcpu=cortex-m0 -std=gnu11 -g3 -DDEBUG -DARM_MATH_CM0 -DUSE_HAL_DRIVER -DSTM32F031x6 -DUSE_FULL_LL_DRIVER -c -I../../Inc -I../../Drivers/STM32F0xx_HAL_Driver/Inc -I../../Drivers/STM32F0xx_HAL_Driver/Inc/Legacy -I../../MCSDK_v6.1.2-Full/MotorControl/MCSDK/MCLib/Any/Inc -I../../Drivers/CMSIS/Device/ST/STM32F0xx/Include -I../../Drivers/CMSIS/Include -I../../Drivers/CMSIS/DSP/Include -Ofast -ffunction-sections -fdata-sections -Wall -fstack-usage -fcyclomatic-complexity -MMD -MP -MF"Middlewares/MotorControl/circle_limitation.d" -MT"Middlewares/MotorControl/circle_limitation.o" --specs=nano.specs -mfloat-abi=soft -mthumb -o "Middlewares/MotorControl/circle_limitation.o"
arm-none-eabi-gcc "C:/Users/13410/Desktop/study/Summer Project Year 1/Self_balancing/MCSDK_v6.1.2-Full/MotorControl/MCSDK/MCLib/Any/Src/digital_output.c" -mcpu=cortex-m0 -std=gnu11 -g3 -DDEBUG -DARM_MATH_CM0 -DUSE_HAL_DRIVER -DSTM32F031x6 -DUSE_FULL_LL_DRIVER -c -I../../Inc -I../../Drivers/STM32F0xx_HAL_Driver/Inc -I../../Drivers/STM32F0xx_HAL_Driver/Inc/Legacy -I../../MCSDK_v6.1.2-Full/MotorControl/MCSDK/MCLib/Any/Inc -I../../Drivers/CMSIS/Device/ST/STM32F0xx/Include -I../../Drivers/CMSIS/Include -I../../Drivers/CMSIS/DSP/Include -Ofast -ffunction-sections -fdata-sections -Wall -fstack-usage -fcyclomatic-complexity -MMD -MP -MF"Middlewares/MotorControl/digital_output.d" -MT"Middlewares/MotorControl/digital_output.o" --specs=nano.specs -mfloat-abi=soft -mthumb -o "Middlewares/MotorControl/digital_output.o"
arm-none-eabi-gcc "C:/Users/13410/Desktop/study/Summer Project Year 1/Self_balancing/MCSDK_v6.1.2-Full/MotorControl/MCSDK/MCLib/Any/Src/mcp.c" -mcpu=cortex-m0 -std=gnu11 -g3 -DDEBUG -DARM_MATH_CM0 -DUSE_HAL_DRIVER -DSTM32F031x6 -DUSE_FULL_LL_DRIVER -c -I../../Inc -I../../Drivers/STM32F0xx_HAL_Driver/Inc -I../../Drivers/STM32F0xx_HAL_Driver/Inc/Legacy -I../../MCSDK_v6.1.2-Full/MotorControl/MCSDK/MCLib/Any/Inc -I../../Drivers/CMSIS/Device/ST/STM32F0xx/Include -I../../Drivers/CMSIS/Include -I../../Drivers/CMSIS/DSP/Include -Ofast -ffunction-sections -fdata-sections -Wall -fstack-usage -fcyclomatic-complexity -MMD -MP -MF"Middlewares/MotorControl/mcp.d" -MT"Middlewares/MotorControl/mcp.o" --specs=nano.specs -mfloat-abi=soft -mthumb -o "Middlewares/MotorControl/mcp.o"
arm-none-eabi-gcc "C:/Users/13410/Desktop/study/Summer Project Year 1/Self_balancing/MCSDK_v6.1.2-Full/MotorControl/MCSDK/MCLib/Any/Src/ntc_temperature_sensor.c" -mcpu=cortex-m0 -std=gnu11 -g3 -DDEBUG -DARM_MATH_CM0 -DUSE_HAL_DRIVER -DSTM32F031x6 -DUSE_FULL_LL_DRIVER -c -I../../Inc -I../../Drivers/STM32F0xx_HAL_Driver/Inc -I../../Drivers/STM32F0xx_HAL_Driver/Inc/Legacy -I../../MCSDK_v6.1.2-Full/MotorControl/MCSDK/MCLib/Any/Inc -I../../Drivers/CMSIS/Device/ST/STM32F0xx/Include -I../../Drivers/CMSIS/Include -I../../Drivers/CMSIS/DSP/Include -Ofast -ffunction-sections -fdata-sections -Wall -fstack-usage -fcyclomatic-complexity -MMD -MP -MF"Middlewares/MotorControl/ntc_temperature_sensor.d" -MT"Middlewares/MotorControl/ntc_temperature_sensor.o" --specs=nano.specs -mfloat-abi=soft -mthumb -o "Middlewares/MotorControl/ntc_temperature_sensor.o"
arm-none-eabi-gcc "C:/Users/13410/Desktop/study/Summer Project Year 1/Self_balancing/MCSDK_v6.1.2-Full/MotorControl/MCSDK/MCLib/Any/Src/open_loop.c" -mcpu=cortex-m0 -std=gnu11 -g3 -DDEBUG -DARM_MATH_CM0 -DUSE_HAL_DRIVER -DSTM32F031x6 -DUSE_FULL_LL_DRIVER -c -I../../Inc -I../../Drivers/STM32F0xx_HAL_Driver/Inc -I../../Drivers/STM32F0xx_HAL_Driver/Inc/Legacy -I../../MCSDK_v6.1.2-Full/MotorControl/MCSDK/MCLib/Any/Inc -I../../Drivers/CMSIS/Device/ST/STM32F0xx/Include -I../../Drivers/CMSIS/Include -I../../Drivers/CMSIS/DSP/Include -Ofast -ffunction-sections -fdata-sections -Wall -fstack-usage -fcyclomatic-complexity -MMD -MP -MF"Middlewares/MotorControl/open_loop.d" -MT"Middlewares/MotorControl/open_loop.o" --specs=nano.specs -mfloat-abi=soft -mthumb -o "Middlewares/MotorControl/open_loop.o"
arm-none-eabi-gcc "C:/Users/13410/Desktop/study/Summer Project Year 1/Self_balancing/MCSDK_v6.1.2-Full/MotorControl/MCSDK/MCLib/Any/Src/pid_regulator.c" -mcpu=cortex-m0 -std=gnu11 -g3 -DDEBUG -DARM_MATH_CM0 -DUSE_HAL_DRIVER -DSTM32F031x6 -DUSE_FULL_LL_DRIVER -c -I../../Inc -I../../Drivers/STM32F0xx_HAL_Driver/Inc -I../../Drivers/STM32F0xx_HAL_Driver/Inc/Legacy -I../../MCSDK_v6.1.2-Full/MotorControl/MCSDK/MCLib/Any/Inc -I../../Drivers/CMSIS/Device/ST/STM32F0xx/Include -I../../Drivers/CMSIS/Include -I../../Drivers/CMSIS/DSP/Include -Ofast -ffunction-sections -fdata-sections -Wall -fstack-usage -fcyclomatic-complexity -MMD -MP -MF"Middlewares/MotorControl/pid_regulator.d" -MT"Middlewares/MotorControl/pid_regulator.o" --specs=nano.specs -mfloat-abi=soft -mthumb -o "Middlewares/MotorControl/pid_regulator.o"
arm-none-eabi-gcc "C:/Users/13410/Desktop/study/Summer Project Year 1/Self_balancing/MCSDK_v6.1.2-Full/MotorControl/MCSDK/MCLib/Any/Src/pqd_motor_power_measurement.c" -mcpu=cortex-m0 -std=gnu11 -g3 -DDEBUG -DARM_MATH_CM0 -DUSE_HAL_DRIVER -DSTM32F031x6 -DUSE_FULL_LL_DRIVER -c -I../../Inc -I../../Drivers/STM32F0xx_HAL_Driver/Inc -I../../Drivers/STM32F0xx_HAL_Driver/Inc/Legacy -I../../MCSDK_v6.1.2-Full/MotorControl/MCSDK/MCLib/Any/Inc -I../../Drivers/CMSIS/Device/ST/STM32F0xx/Include -I../../Drivers/CMSIS/Include -I../../Drivers/CMSIS/DSP/Include -Ofast -ffunction-sections -fdata-sections -Wall -fstack-usage -fcyclomatic-complexity -MMD -MP -MF"Middlewares/MotorControl/pqd_motor_power_measurement.d" -MT"Middlewares/MotorControl/pqd_motor_power_measurement.o" --specs=nano.specs -mfloat-abi=soft -mthumb -o "Middlewares/MotorControl/pqd_motor_power_measurement.o"
arm-none-eabi-gcc "C:/Users/13410/Desktop/study/Summer Project Year 1/Self_balancing/MCSDK_v6.1.2-Full/MotorControl/MCSDK/MCLib/Any/Src/pwm_common.c" -mcpu=cortex-m0 -std=gnu11 -g3 -DDEBUG -DARM_MATH_CM0 -DUSE_HAL_DRIVER -DSTM32F031x6 -DUSE_FULL_LL_DRIVER -c -I../../Inc -I../../Drivers/STM32F0xx_HAL_Driver/Inc -I../../Drivers/STM32F0xx_HAL_Driver/Inc/Legacy -I../../MCSDK_v6.1.2-Full/MotorControl/MCSDK/MCLib/Any/Inc -I../../Drivers/CMSIS/Device/ST/STM32F0xx/Include -I../../Drivers/CMSIS/Include -I../../Drivers/CMSIS/DSP/Include -Ofast -ffunction-sections -fdata-sections -Wall -fstack-usage -fcyclomatic-complexity -MMD -MP -MF"Middlewares/MotorControl/pwm_common.d" -MT"Middlewares/MotorControl/pwm_common.o" --specs=nano.specs -mfloat-abi=soft -mthumb -o "Middlewares/MotorControl/pwm_common.o"
arm-none-eabi-gcc "C:/Users/13410/Desktop/study/Summer Project Year 1/Self_balancing/MCSDK_v6.1.2-Full/MotorControl/MCSDK/MCLib/Any/Src/r_divider_bus_voltage_sensor.c" -mcpu=cortex-m0 -std=gnu11 -g3 -DDEBUG -DARM_MATH_CM0 -DUSE_HAL_DRIVER -DSTM32F031x6 -DUSE_FULL_LL_DRIVER -c -I../../Inc -I../../Drivers/STM32F0xx_HAL_Driver/Inc -I../../Drivers/STM32F0xx_HAL_Driver/Inc/Legacy -I../../MCSDK_v6.1.2-Full/MotorControl/MCSDK/MCLib/Any/Inc -I../../Drivers/CMSIS/Device/ST/STM32F0xx/Include -I../../Drivers/CMSIS/Include -I../../Drivers/CMSIS/DSP/Include -Ofast -ffunction-sections -fdata-sections -Wall -fstack-usage -fcyclomatic-complexity -MMD -MP -MF"Middlewares/MotorControl/r_divider_bus_voltage_sensor.d" -MT"Middlewares/MotorControl/r_divider_bus_voltage_sensor.o" --specs=nano.specs -mfloat-abi=soft -mthumb -o "Middlewares/MotorControl/r_divider_bus_voltage_sensor.o"
arm-none-eabi-gcc "C:/Users/13410/Desktop/study/Summer Project Year 1/Self_balancing/MCSDK_v6.1.2-Full/MotorControl/MCSDK/MCLib/Any/Src/ramp_ext_mngr.c" -mcpu=cortex-m0 -std=gnu11 -g3 -DDEBUG -DARM_MATH_CM0 -DUSE_HAL_DRIVER -DSTM32F031x6 -DUSE_FULL_LL_DRIVER -c -I../../Inc -I../../Drivers/STM32F0xx_HAL_Driver/Inc -I../../Drivers/STM32F0xx_HAL_Driver/Inc/Legacy -I../../MCSDK_v6.1.2-Full/MotorControl/MCSDK/MCLib/Any/Inc -I../../Drivers/CMSIS/Device/ST/STM32F0xx/Include -I../../Drivers/CMSIS/Include -I../../Drivers/CMSIS/DSP/Include -Ofast -ffunction-sections -fdata-sections -Wall -fstack-usage -fcyclomatic-complexity -MMD -MP -MF"Middlewares/MotorControl/ramp_ext_mngr.d" -MT"Middlewares/MotorControl/ramp_ext_mngr.o" --specs=nano.specs -mfloat-abi=soft -mthumb -o "Middlewares/MotorControl/ramp_ext_mngr.o"
arm-none-eabi-gcc "C:/Users/13410/Desktop/study/Summer Project Year 1/Self_balancing/MCSDK_v6.1.2-Full/MotorControl/MCSDK/MCLib/Any/Src/revup_ctrl.c" -mcpu=cortex-m0 -std=gnu11 -g3 -DDEBUG -DARM_MATH_CM0 -DUSE_HAL_DRIVER -DSTM32F031x6 -DUSE_FULL_LL_DRIVER -c -I../../Inc -I../../Drivers/STM32F0xx_HAL_Driver/Inc -I../../Drivers/STM32F0xx_HAL_Driver/Inc/Legacy -I../../MCSDK_v6.1.2-Full/MotorControl/MCSDK/MCLib/Any/Inc -I../../Drivers/CMSIS/Device/ST/STM32F0xx/Include -I../../Drivers/CMSIS/Include -I../../Drivers/CMSIS/DSP/Include -Ofast -ffunction-sections -fdata-sections -Wall -fstack-usage -fcyclomatic-complexity -MMD -MP -MF"Middlewares/MotorControl/revup_ctrl.d" -MT"Middlewares/MotorControl/revup_ctrl.o" --specs=nano.specs -mfloat-abi=soft -mthumb -o "Middlewares/MotorControl/revup_ctrl.o"
arm-none-eabi-gcc "C:/Users/13410/Desktop/study/Summer Project Year 1/Self_balancing/MCSDK_v6.1.2-Full/MotorControl/MCSDK/MCLib/Any/Src/speed_pos_fdbk.c" -mcpu=cortex-m0 -std=gnu11 -g3 -DDEBUG -DARM_MATH_CM0 -DUSE_HAL_DRIVER -DSTM32F031x6 -DUSE_FULL_LL_DRIVER -c -I../../Inc -I../../Drivers/STM32F0xx_HAL_Driver/Inc -I../../Drivers/STM32F0xx_HAL_Driver/Inc/Legacy -I../../MCSDK_v6.1.2-Full/MotorControl/MCSDK/MCLib/Any/Inc -I../../Drivers/CMSIS/Device/ST/STM32F0xx/Include -I../../Drivers/CMSIS/Include -I../../Drivers/CMSIS/DSP/Include -Ofast -ffunction-sections -fdata-sections -Wall -fstack-usage -fcyclomatic-complexity -MMD -MP -MF"Middlewares/MotorControl/speed_pos_fdbk.d" -MT"Middlewares/MotorControl/speed_pos_fdbk.o" --specs=nano.specs -mfloat-abi=soft -mthumb -o "Middlewares/MotorControl/speed_pos_fdbk.o"
arm-none-eabi-gcc "C:/Users/13410/Desktop/study/Summer Project Year 1/Self_balancing/MCSDK_v6.1.2-Full/MotorControl/MCSDK/MCLib/Any/Src/speed_torq_ctrl.c" -mcpu=cortex-m0 -std=gnu11 -g3 -DDEBUG -DARM_MATH_CM0 -DUSE_HAL_DRIVER -DSTM32F031x6 -DUSE_FULL_LL_DRIVER -c -I../../Inc -I../../Drivers/STM32F0xx_HAL_Driver/Inc -I../../Drivers/STM32F0xx_HAL_Driver/Inc/Legacy -I../../MCSDK_v6.1.2-Full/MotorControl/MCSDK/MCLib/Any/Inc -I../../Drivers/CMSIS/Device/ST/STM32F0xx/Include -I../../Drivers/CMSIS/Include -I../../Drivers/CMSIS/DSP/Include -Ofast -ffunction-sections -fdata-sections -Wall -fstack-usage -fcyclomatic-complexity -MMD -MP -MF"Middlewares/MotorControl/speed_torq_ctrl.d" -MT"Middlewares/MotorControl/speed_torq_ctrl.o" --specs=nano.specs -mfloat-abi=soft -mthumb -o "Middlewares/MotorControl/speed_torq_ctrl.o"
arm-none-eabi-gcc "C:/Users/13410/Desktop/study/Summer Project Year 1/Self_balancing/MCSDK_v6.1.2-Full/MotorControl/MCSDK/MCLib/Any/Src/virtual_speed_sensor.c" -mcpu=cortex-m0 -std=gnu11 -g3 -DDEBUG -DARM_MATH_CM0 -DUSE_HAL_DRIVER -DSTM32F031x6 -DUSE_FULL_LL_DRIVER -c -I../../Inc -I../../Drivers/STM32F0xx_HAL_Driver/Inc -I../../Drivers/STM32F0xx_HAL_Driver/Inc/Legacy -I../../MCSDK_v6.1.2-Full/MotorControl/MCSDK/MCLib/Any/Inc -I../../Drivers/CMSIS/Device/ST/STM32F0xx/Include -I../../Drivers/CMSIS/Include -I../../Drivers/CMSIS/DSP/Include -Ofast -ffunction-sections -fdata-sections -Wall -fstack-usage -fcyclomatic-complexity -MMD -MP -MF"Middlewares/MotorControl/virtual_speed_sensor.d" -MT"Middlewares/MotorControl/virtual_speed_sensor.o" --specs=nano.specs -mfloat-abi=soft -mthumb -o "Middlewares/MotorControl/virtual_speed_sensor.o"
arm-none-eabi-gcc "C:/Users/13410/Desktop/study/Summer Project Year 1/Self_balancing/Src/aspep.c" -mcpu=cortex-m0 -std=gnu11 -g3 -DDEBUG -DARM_MATH_CM0 -DUSE_HAL_DRIVER -DSTM32F031x6 -DUSE_FULL_LL_DRIVER -c -I../../Inc -I../../Drivers/STM32F0xx_HAL_Driver/Inc -I../../Drivers/STM32F0xx_HAL_Driver/Inc/Legacy -I../../MCSDK_v6.1.2-Full/MotorControl/MCSDK/MCLib/Any/Inc -I../../Drivers/CMSIS/Device/ST/STM32F0xx/Include -I../../Drivers/CMSIS/Include -I../../Drivers/CMSIS/DSP/Include -Ofast -ffunction-sections -fdata-sections -Wall -fstack-usage -fcyclomatic-complexity -MMD -MP -MF"Application/User/aspep.d" -MT"Application/User/aspep.o" --specs=nano.specs -mfloat-abi=soft -mthumb -o "Application/User/aspep.o"
arm-none-eabi-gcc "C:/Users/13410/Desktop/study/Summer Project Year 1/Self_balancing/Src/main.c" -mcpu=cortex-m0 -std=gnu11 -g3 -DDEBUG -DARM_MATH_CM0 -DUSE_HAL_DRIVER -DSTM32F031x6 -DUSE_FULL_LL_DRIVER -c -I../../Inc -I../../Drivers/STM32F0xx_HAL_Driver/Inc -I../../Drivers/STM32F0xx_HAL_Driver/Inc/Legacy -I../../MCSDK_v6.1.2-Full/MotorControl/MCSDK/MCLib/Any/Inc -I../../Drivers/CMSIS/Device/ST/STM32F0xx/Include -I../../Drivers/CMSIS/Include -I../../Drivers/CMSIS/DSP/Include -Ofast -ffunction-sections -fdata-sections -Wall -fstack-usage -fcyclomatic-complexity -MMD -MP -MF"Application/User/main.d" -MT"Application/User/main.o" --specs=nano.specs -mfloat-abi=soft -mthumb -o "Application/User/main.o"
arm-none-eabi-gcc "C:/Users/13410/Desktop/study/Summer Project Year 1/Self_balancing/Src/mc_api.c" -mcpu=cortex-m0 -std=gnu11 -g3 -DDEBUG -DARM_MATH_CM0 -DUSE_HAL_DRIVER -DSTM32F031x6 -DUSE_FULL_LL_DRIVER -c -I../../Inc -I../../Drivers/STM32F0xx_HAL_Driver/Inc -I../../Drivers/STM32F0xx_HAL_Driver/Inc/Legacy -I../../MCSDK_v6.1.2-Full/MotorControl/MCSDK/MCLib/Any/Inc -I../../Drivers/CMSIS/Device/ST/STM32F0xx/Include -I../../Drivers/CMSIS/Include -I../../Drivers/CMSIS/DSP/Include -Ofast -ffunction-sections -fdata-sections -Wall -fstack-usage -fcyclomatic-complexity -MMD -MP -MF"Application/User/mc_api.d" -MT"Application/User/mc_api.o" --specs=nano.specs -mfloat-abi=soft -mthumb -o "Application/User/mc_api.o"
arm-none-eabi-gcc "C:/Users/13410/Desktop/study/Summer Project Year 1/Self_balancing/Src/mc_app_hooks.c" -mcpu=cortex-m0 -std=gnu11 -g3 -DDEBUG -DARM_MATH_CM0 -DUSE_HAL_DRIVER -DSTM32F031x6 -DUSE_FULL_LL_DRIVER -c -I../../Inc -I../../Drivers/STM32F0xx_HAL_Driver/Inc -I../../Drivers/STM32F0xx_HAL_Driver/Inc/Legacy -I../../MCSDK_v6.1.2-Full/MotorControl/MCSDK/MCLib/Any/Inc -I../../Drivers/CMSIS/Device/ST/STM32F0xx/Include -I../../Drivers/CMSIS/Include -I../../Drivers/CMSIS/DSP/Include -Ofast -ffunction-sections -fdata-sections -Wall -fstack-usage -fcyclomatic-complexity -MMD -MP -MF"Application/User/mc_app_hooks.d" -MT"Application/User/mc_app_hooks.o" --specs=nano.specs -mfloat-abi=soft -mthumb -o "Application/User/mc_app_hooks.o"
arm-none-eabi-gcc "C:/Users/13410/Desktop/study/Summer Project Year 1/Self_balancing/Src/mc_config.c" -mcpu=cortex-m0 -std=gnu11 -g3 -DDEBUG -DARM_MATH_CM0 -DUSE_HAL_DRIVER -DSTM32F031x6 -DUSE_FULL_LL_DRIVER -c -I../../Inc -I../../Drivers/STM32F0xx_HAL_Driver/Inc -I../../Drivers/STM32F0xx_HAL_Driver/Inc/Legacy -I../../MCSDK_v6.1.2-Full/MotorControl/MCSDK/MCLib/Any/Inc -I../../Drivers/CMSIS/Device/ST/STM32F0xx/Include -I../../Drivers/CMSIS/Include -I../../Drivers/CMSIS/DSP/Include -Ofast -ffunction-sections -fdata-sections -Wall -fstack-usage -fcyclomatic-complexity -MMD -MP -MF"Application/User/mc_config.d" -MT"Application/User/mc_config.o" --specs=nano.specs -mfloat-abi=soft -mthumb -o "Application/User/mc_config.o"
arm-none-eabi-gcc "C:/Users/13410/Desktop/study/Summer Project Year 1/Self_balancing/Src/mc_configuration_registers.c" -mcpu=cortex-m0 -std=gnu11 -g3 -DDEBUG -DARM_MATH_CM0 -DUSE_HAL_DRIVER -DSTM32F031x6 -DUSE_FULL_LL_DRIVER -c -I../../Inc -I../../Drivers/STM32F0xx_HAL_Driver/Inc -I../../Drivers/STM32F0xx_HAL_Driver/Inc/Legacy -I../../MCSDK_v6.1.2-Full/MotorControl/MCSDK/MCLib/Any/Inc -I../../Drivers/CMSIS/Device/ST/STM32F0xx/Include -I../../Drivers/CMSIS/Include -I../../Drivers/CMSIS/DSP/Include -Ofast -ffunction-sections -fdata-sections -Wall -fstack-usage -fcyclomatic-complexity -MMD -MP -MF"Application/User/mc_configuration_registers.d" -MT"Application/User/mc_configuration_registers.o" --specs=nano.specs -mfloat-abi=soft -mthumb -o "Application/User/mc_configuration_registers.o"
arm-none-eabi-gcc "C:/Users/13410/Desktop/study/Summer Project Year 1/Self_balancing/Src/mc_interface.c" -mcpu=cortex-m0 -std=gnu11 -g3 -DDEBUG -DARM_MATH_CM0 -DUSE_HAL_DRIVER -DSTM32F031x6 -DUSE_FULL_LL_DRIVER -c -I../../Inc -I../../Drivers/STM32F0xx_HAL_Driver/Inc -I../../Drivers/STM32F0xx_HAL_Driver/Inc/Legacy -I../../MCSDK_v6.1.2-Full/MotorControl/MCSDK/MCLib/Any/Inc -I../../Drivers/CMSIS/Device/ST/STM32F0xx/Include -I../../Drivers/CMSIS/Include -I../../Drivers/CMSIS/DSP/Include -Ofast -ffunction-sections -fdata-sections -Wall -fstack-usage -fcyclomatic-complexity -MMD -MP -MF"Application/User/mc_interface.d" -MT"Application/User/mc_interface.o" --specs=nano.specs -mfloat-abi=soft -mthumb -o "Application/User/mc_interface.o"
arm-none-eabi-gcc "C:/Users/13410/Desktop/study/Summer Project Year 1/Self_balancing/Src/mc_parameters.c" -mcpu=cortex-m0 -std=gnu11 -g3 -DDEBUG -DARM_MATH_CM0 -DUSE_HAL_DRIVER -DSTM32F031x6 -DUSE_FULL_LL_DRIVER -c -I../../Inc -I../../Drivers/STM32F0xx_HAL_Driver/Inc -I../../Drivers/STM32F0xx_HAL_Driver/Inc/Legacy -I../../MCSDK_v6.1.2-Full/MotorControl/MCSDK/MCLib/Any/Inc -I../../Drivers/CMSIS/Device/ST/STM32F0xx/Include -I../../Drivers/CMSIS/Include -I../../Drivers/CMSIS/DSP/Include -Ofast -ffunction-sections -fdata-sections -Wall -fstack-usage -fcyclomatic-complexity -MMD -MP -MF"Application/User/mc_parameters.d" -MT"Application/User/mc_parameters.o" --specs=nano.specs -mfloat-abi=soft -mthumb -o "Application/User/mc_parameters.o"
arm-none-eabi-gcc "C:/Users/13410/Desktop/study/Summer Project Year 1/Self_balancing/Src/mc_tasks.c" -mcpu=cortex-m0 -std=gnu11 -g3 -DDEBUG -DARM_MATH_CM0 -DUSE_HAL_DRIVER -DSTM32F031x6 -DUSE_FULL_LL_DRIVER -c -I../../Inc -I../../Drivers/STM32F0xx_HAL_Driver/Inc -I../../Drivers/STM32F0xx_HAL_Driver/Inc/Legacy -I../../MCSDK_v6.1.2-Full/MotorControl/MCSDK/MCLib/Any/Inc -I../../Drivers/CMSIS/Device/ST/STM32F0xx/Include -I../../Drivers/CMSIS/Include -I../../Drivers/CMSIS/DSP/Include -Ofast -ffunction-sections -fdata-sections -Wall -fstack-usage -fcyclomatic-complexity -MMD -MP -MF"Application/User/mc_tasks.d" -MT"Application/User/mc_tasks.o" --specs=nano.specs -mfloat-abi=soft -mthumb -o "Application/User/mc_tasks.o"
arm-none-eabi-gcc "C:/Users/13410/Desktop/study/Summer Project Year 1/Self_balancing/Src/mcp_config.c" -mcpu=cortex-m0 -std=gnu11 -g3 -DDEBUG -DARM_MATH_CM0 -DUSE_HAL_DRIVER -DSTM32F031x6 -DUSE_FULL_LL_DRIVER -c -I../../Inc -I../../Drivers/STM32F0xx_HAL_Driver/Inc -I../../Drivers/STM32F0xx_HAL_Driver/Inc/Legacy -I../../MCSDK_v6.1.2-Full/MotorControl/MCSDK/MCLib/Any/Inc -I../../Drivers/CMSIS/Device/ST/STM32F0xx/Include -I../../Drivers/CMSIS/Include -I../../Drivers/CMSIS/DSP/Include -Ofast -ffunction-sections -fdata-sections -Wall -fstack-usage -fcyclomatic-complexity -MMD -MP -MF"Application/User/mcp_config.d" -MT"Application/User/mcp_config.o" --specs=nano.specs -mfloat-abi=soft -mthumb -o "Application/User/mcp_config.o"
arm-none-eabi-gcc "C:/Users/13410/Desktop/study/Summer Project Year 1/Self_balancing/Src/motorcontrol.c" -mcpu=cortex-m0 -std=gnu11 -g3 -DDEBUG -DARM_MATH_CM0 -DUSE_HAL_DRIVER -DSTM32F031x6 -DUSE_FULL_LL_DRIVER -c -I../../Inc -I../../Drivers/STM32F0xx_HAL_Driver/Inc -I../../Drivers/STM32F0xx_HAL_Driver/Inc/Legacy -I../../MCSDK_v6.1.2-Full/MotorControl/MCSDK/MCLib/Any/Inc -I../../Drivers/CMSIS/Device/ST/STM32F0xx/Include -I../../Drivers/CMSIS/Include -I../../Drivers/CMSIS/DSP/Include -Ofast -ffunction-sections -fdata-sections -Wall -fstack-usage -fcyclomatic-complexity -MMD -MP -MF"Application/User/motorcontrol.d" -MT"Application/User/motorcontrol.o" --specs=nano.specs -mfloat-abi=soft -mthumb -o "Application/User/motorcontrol.o"
[...]
arm-none-eabi-gcc "C:/Users/13410/Desktop/study/Summer Project Year 1/Self_balancing/Src/mc_configuration_registers.c" -mcpu=cortex-m0 -std=gnu11 -g3 -DDEBUG -DARM_MATH_CM0 -DUSE_HAL_DRIVER -DSTM32F031x6 -DUSE_FULL_LL_DRIVER -c -I../../Inc -I../../Drivers/STM32F0xx_HAL_Driver/Inc -I../../Drivers/STM32F0xx_HAL_Driver/Inc/Legacy -I../../MCSDK_v6.1.2-Full/MotorControl/MCSDK/MCLib/Any/Inc -I../../Drivers/CMSIS/Device/ST/STM32F0xx/Include -I../../Drivers/CMSIS/Include -I../../Drivers/CMSIS/DSP/Include -Ofast -ffunction-sections -fdata-sections -Wall -fstack-usage -fcyclomatic-complexity -MMD -MP -MF"Application/User/mc_configuration_registers.d" -MT"Application/User/mc_configuration_registers.o" --specs=nano.specs -mfloat-abi=soft -mthumb -o "Application/User/mc_configuration_registers.o"
arm-none-eabi-gcc "C:/Users/13410/Desktop/study/Summer Project Year 1/Self_balancing/Src/mc_interface.c" -mcpu=cortex-m0 -std=gnu11 -g3 -DDEBUG -DARM_MATH_CM0 -DUSE_HAL_DRIVER -DSTM32F031x6 -DUSE_FULL_LL_DRIVER -c -I../../Inc -I../../Drivers/STM32F0xx_HAL_Driver/Inc -I../../Drivers/STM32F0xx_HAL_Driver/Inc/Legacy -I../../MCSDK_v6.1.2-Full/MotorControl/MCSDK/MCLib/Any/Inc -I../../Drivers/CMSIS/Device/ST/STM32F0xx/Include -I../../Drivers/CMSIS/Include -I../../Drivers/CMSIS/DSP/Include -Ofast -ffunction-sections -fdata-sections -Wall -fstack-usage -fcyclomatic-complexity -MMD -MP -MF"Application/User/mc_interface.d" -MT"Application/User/mc_interface.o" --specs=nano.specs -mfloat-abi=soft -mthumb -o "Application/User/mc_interface.o"
arm-none-eabi-gcc "C:/Users/13410/Desktop/study/Summer Project Year 1/Self_balancing/Src/mc_parameters.c" -mcpu=cortex-m0 -std=gnu11 -g3 -DDEBUG -DARM_MATH_CM0 -DUSE_HAL_DRIVER -DSTM32F031x6 -DUSE_FULL_LL_DRIVER -c -I../../Inc -I../../Drivers/STM32F0xx_HAL_Driver/Inc -I../../Drivers/STM32F0xx_HAL_Driver/Inc/Legacy -I../../MCSDK_v6.1.2-Full/MotorControl/MCSDK/MCLib/Any/Inc -I../../Drivers/CMSIS/Device/ST/STM32F0xx/Include -I../../Drivers/CMSIS/Include -I../../Drivers/CMSIS/DSP/Include -Ofast -ffunction-sections -fdata-sections -Wall -fstack-usage -fcyclomatic-complexity -MMD -MP -MF"Application/User/mc_parameters.d" -MT"Application/User/mc_parameters.o" --specs=nano.specs -mfloat-abi=soft -mthumb -o "Application/User/mc_parameters.o"
arm-none-eabi-gcc "C:/Users/13410/Desktop/study/Summer Project Year 1/Self_balancing/Src/mc_tasks.c" -mcpu=cortex-m0 -std=gnu11 -g3 -DDEBUG -DARM_MATH_CM0 -DUSE_HAL_DRIVER -DSTM32F031x6 -DUSE_FULL_LL_DRIVER -c -I../../Inc -I../../Drivers/STM32F0xx_HAL_Driver/Inc -I../../Drivers/STM32F0xx_HAL_Driver/Inc/Legacy -I../../MCSDK_v6.1.2-Full/MotorControl/MCSDK/MCLib/Any/Inc -I../../Drivers/CMSIS/Device/ST/STM32F0xx/Include -I../../Drivers/CMSIS/Include -I../../Drivers/CMSIS/DSP/Include -Ofast -ffunction-sections -fdata-sections -Wall -fstack-usage -fcyclomatic-complexity -MMD -MP -MF"Application/User/mc_tasks.d" -MT"Application/User/mc_tasks.o" --specs=nano.specs -mfloat-abi=soft -mthumb -o "Application/User/mc_tasks.o"
arm-none-eabi-gcc "C:/Users/13410/Desktop/study/Summer Project Year 1/Self_balancing/Src/mcp_config.c" -mcpu=cortex-m0 -std=gnu11 -g3 -DDEBUG -DARM_MATH_CM0 -DUSE_HAL_DRIVER -DSTM32F031x6 -DUSE_FULL_LL_DRIVER -c -I../../Inc -I../../Drivers/STM32F0xx_HAL_Driver/Inc -I../../Drivers/STM32F0xx_HAL_Driver/Inc/Legacy -I../../MCSDK_v6.1.2-Full/MotorControl/MCSDK/MCLib/Any/Inc -I../../Drivers/CMSIS/Device/ST/STM32F0xx/Include -I../../Drivers/CMSIS/Include -I../../Drivers/CMSIS/DSP/Include -Ofast -ffunction-sections -fdata-sections -Wall -fstack-usage -fcyclomatic-complexity -MMD -MP -MF"Application/User/mcp_config.d" -MT"Application/User/mcp_config.o" --specs=nano.specs -mfloat-abi=soft -mthumb -o "Application/User/mcp_config.o"
arm-none-eabi-gcc "C:/Users/13410/Desktop/study/Summer Project Year 1/Self_balancing/Src/motorcontrol.c" -mcpu=cortex-m0 -std=gnu11 -g3 -DDEBUG -DARM_MATH_CM0 -DUSE_HAL_DRIVER -DSTM32F031x6 -DUSE_FULL_LL_DRIVER -c -I../../Inc -I../../Drivers/STM32F0xx_HAL_Driver/Inc -I../../Drivers/STM32F0xx_HAL_Driver/Inc/Legacy -I../../MCSDK_v6.1.2-Full/MotorControl/MCSDK/MCLib/Any/Inc -I../../Drivers/CMSIS/Device/ST/STM32F0xx/Include -I../../Drivers/CMSIS/Include -I../../Drivers/CMSIS/DSP/Include -Ofast -ffunction-sections -fdata-sections -Wall -fstack-usage -fcyclomatic-complexity -MMD -MP -MF"Application/User/motorcontrol.d" -MT"Application/User/motorcontrol.o" --specs=nano.specs -mfloat-abi=soft -mthumb -o "Application/User/motorcontrol.o"
arm-none-eabi-gcc "C:/Users/13410/Desktop/study/Summer Project Year 1/Self_balancing/Src/register_interface.c" -mcpu=cortex-m0 -std=gnu11 -g3 -DDEBUG -DARM_MATH_CM0 -DUSE_HAL_DRIVER -DSTM32F031x6 -DUSE_FULL_LL_DRIVER -c -I../../Inc -I../../Drivers/STM32F0xx_HAL_Driver/Inc -I../../Drivers/STM32F0xx_HAL_Driver/Inc/Legacy -I../../MCSDK_v6.1.2-Full/MotorControl/MCSDK/MCLib/Any/Inc -I../../Drivers/CMSIS/Device/ST/STM32F0xx/Include -I../../Drivers/CMSIS/Include -I../../Drivers/CMSIS/DSP/Include -Ofast -ffunction-sections -fdata-sections -Wall -fstack-usage -fcyclomatic-complexity -MMD -MP -MF"Application/User/register_interface.d" -MT"Application/User/register_interface.o" --specs=nano.specs -mfloat-abi=soft -mthumb -o "Application/User/register_interface.o"
arm-none-eabi-gcc "C:/Users/13410/Desktop/study/Summer Project Year 1/Self_balancing/Src/stm32f0xx_hal_msp.c" -mcpu=cortex-m0 -std=gnu11 -g3 -DDEBUG -DARM_MATH_CM0 -DUSE_HAL_DRIVER -DSTM32F031x6 -DUSE_FULL_LL_DRIVER -c -I../../Inc -I../../Drivers/STM32F0xx_HAL_Driver/Inc -I../../Drivers/STM32F0xx_HAL_Driver/Inc/Legacy -I../../MCSDK_v6.1.2-Full/MotorControl/MCSDK/MCLib/Any/Inc -I../../Drivers/CMSIS/Device/ST/STM32F0xx/Include -I../../Drivers/CMSIS/Include -I../../Drivers/CMSIS/DSP/Include -Ofast -ffunction-sections -fdata-sections -Wall -fstack-usage -fcyclomatic-complexity -MMD -MP -MF"Application/User/stm32f0xx_hal_msp.d" -MT"Application/User/stm32f0xx_hal_msp.o" --specs=nano.specs -mfloat-abi=soft -mthumb -o "Application/User/stm32f0xx_hal_msp.o"
arm-none-eabi-gcc "C:/Users/13410/Desktop/study/Summer Project Year 1/Self_balancing/Src/stm32f0xx_it.c" -mcpu=cortex-m0 -std=gnu11 -g3 -DDEBUG -DARM_MATH_CM0 -DUSE_HAL_DRIVER -DSTM32F031x6 -DUSE_FULL_LL_DRIVER -c -I../../Inc -I../../Drivers/STM32F0xx_HAL_Driver/Inc -I../../Drivers/STM32F0xx_HAL_Driver/Inc/Legacy -I../../MCSDK_v6.1.2-Full/MotorControl/MCSDK/MCLib/Any/Inc -I../../Drivers/CMSIS/Device/ST/STM32F0xx/Include -I../../Drivers/CMSIS/Include -I../../Drivers/CMSIS/DSP/Include -Ofast -ffunction-sections -fdata-sections -Wall -fstack-usage -fcyclomatic-complexity -MMD -MP -MF"Application/User/stm32f0xx_it.d" -MT"Application/User/stm32f0xx_it.o" --specs=nano.specs -mfloat-abi=soft -mthumb -o "Application/User/stm32f0xx_it.o"
arm-none-eabi-gcc "C:/Users/13410/Desktop/study/Summer Project Year 1/Self_balancing/Src/stm32f0xx_mc_it.c" -mcpu=cortex-m0 -std=gnu11 -g3 -DDEBUG -DARM_MATH_CM0 -DUSE_HAL_DRIVER -DSTM32F031x6 -DUSE_FULL_LL_DRIVER -c -I../../Inc -I../../Drivers/STM32F0xx_HAL_Driver/Inc -I../../Drivers/STM32F0xx_HAL_Driver/Inc/Legacy -I../../MCSDK_v6.1.2-Full/MotorControl/MCSDK/MCLib/Any/Inc -I../../Drivers/CMSIS/Device/ST/STM32F0xx/Include -I../../Drivers/CMSIS/Include -I../../Drivers/CMSIS/DSP/Include -Ofast -ffunction-sections -fdata-sections -Wall -fstack-usage -fcyclomatic-complexity -MMD -MP -MF"Application/User/stm32f0xx_mc_it.d" -MT"Application/User/stm32f0xx_mc_it.o" --specs=nano.specs -mfloat-abi=soft -mthumb -o "Application/User/stm32f0xx_mc_it.o"
arm-none-eabi-gcc -o "Self_balancing.elf" @"objects.list"   -mcpu=cortex-m0 -T"C:\Users\13410\Desktop\study\Summer Project Year 1\Self_balancing\STM32CubeIDE\STM32F031C6TX_FLASH.ld" --specs=nosys.specs -Wl,-Map="Self_balancing.map" -Wl,--gc-sections -static --specs=nano.specs -mfloat-abi=soft -mthumb -Wl,--start-group -lc -lm -Wl,--end-group
Finished building target: Self_balancing.elf
 
arm-none-eabi-size   Self_balancing.elf 
arm-none-eabi-objdump -h -S  Self_balancing.elf  > "Self_balancing.list"
   text	   data	    bss	    dec	    hex	filename
  28592	   1064	   1648	  31304	   7a48	Self_balancing.elf
Finished building: default.size.stdout
 
Finished building: Self_balancing.list
 
11:43:33 **** Incremental Build of configuration Debug for project Self_balancing ****
make -j8 all 
arm-none-eabi-size   Self_balancing.elf 
   text	   data	    bss	    dec	    hex	filename
  28592	   1064	   1648	  31304	   7a48	Self_balancing.elf
Finished building: default.size.stdout
 
11:43:57 **** Incremental Build of configuration Debug for project Self_balancing ****
make -j8 all 
arm-none-eabi-size   Self_balancing.elf 
   text	   data	    bss	    dec	    hex	filename
  28592	   1064	   1648	  31304	   7a48	Self_balancing.elf
Finished building: default.size.stdout
 
11:48:57 **** Incremental Build of configuration Debug for project Self_balancing ****
make -j8 all 
arm-none-eabi-gcc "C:/Users/13410/Desktop/study/Summer Project Year 1/Self_balancing/MCSDK_v6.1.2-Full/MotorControl/MCSDK/MCLib/Any/Src/mcp.c" -mcpu=cortex-m0 -std=gnu11 -g3 -DDEBUG -DARM_MATH_CM0 -DUSE_HAL_DRIVER -DSTM32F031x6 -DUSE_FULL_LL_DRIVER -c -I../../Inc -I../../Drivers/STM32F0xx_HAL_Driver/Inc -I../../Drivers/STM32F0xx_HAL_Driver/Inc/Legacy -I../../MCSDK_v6.1.2-Full/MotorControl/MCSDK/MCLib/Any/Inc -I../../Drivers/CMSIS/Device/ST/STM32F0xx/Include -I../../Drivers/CMSIS/Include -I../../Drivers/CMSIS/DSP/Include -Ofast -ffunction-sections -fdata-sections -Wall -fstack-usage -fcyclomatic-complexity -MMD -MP -MF"Middlewares/MotorControl/mcp.d" -MT"Middlewares/MotorControl/mcp.o" --specs=nano.specs -mfloat-abi=soft -mthumb -o "Middlewares/MotorControl/mcp.o"
arm-none-eabi-gcc "C:/Users/13410/Desktop/study/Summer Project Year 1/Self_balancing/Src/aspep.c" -mcpu=cortex-m0 -std=gnu11 -g3 -DDEBUG -DARM_MATH_CM0 -DUSE_HAL_DRIVER -DSTM32F031x6 -DUSE_FULL_LL_DRIVER -c -I../../Inc -I../../Drivers/STM32F0xx_HAL_Driver/Inc -I../../Drivers/STM32F0xx_HAL_Driver/Inc/Legacy -I../../MCSDK_v6.1.2-Full/MotorControl/MCSDK/MCLib/Any/Inc -I../../Drivers/CMSIS/Device/ST/STM32F0xx/Include -I../../Drivers/CMSIS/Include -I../../Drivers/CMSIS/DSP/Include -Ofast -ffunction-sections -fdata-sections -Wall -fstack-usage -fcyclomatic-complexity -MMD -MP -MF"Application/User/aspep.d" -MT"Application/User/aspep.o" --specs=nano.specs -mfloat-abi=soft -mthumb -o "Application/User/aspep.o"
arm-none-eabi-gcc "C:/Users/13410/Desktop/study/Summer Project Year 1/Self_balancing/Src/main.c" -mcpu=cortex-m0 -std=gnu11 -g3 -DDEBUG -DARM_MATH_CM0 -DUSE_HAL_DRIVER -DSTM32F031x6 -DUSE_FULL_LL_DRIVER -c -I../../Inc -I../../Drivers/STM32F0xx_HAL_Driver/Inc -I../../Drivers/STM32F0xx_HAL_Driver/Inc/Legacy -I../../MCSDK_v6.1.2-Full/MotorControl/MCSDK/MCLib/Any/Inc -I../../Drivers/CMSIS/Device/ST/STM32F0xx/Include -I../../Drivers/CMSIS/Include -I../../Drivers/CMSIS/DSP/Include -Ofast -ffunction-sections -fdata-sections -Wall -fstack-usage -fcyclomatic-complexity -MMD -MP -MF"Application/User/main.d" -MT"Application/User/main.o" --specs=nano.specs -mfloat-abi=soft -mthumb -o "Application/User/main.o"
arm-none-eabi-gcc "C:/Users/13410/Desktop/study/Summer Project Year 1/Self_balancing/Src/mc_config.c" -mcpu=cortex-m0 -std=gnu11 -g3 -DDEBUG -DARM_MATH_CM0 -DUSE_HAL_DRIVER -DSTM32F031x6 -DUSE_FULL_LL_DRIVER -c -I../../Inc -I../../Drivers/STM32F0xx_HAL_Driver/Inc -I../../Drivers/STM32F0xx_HAL_Driver/Inc/Legacy -I../../MCSDK_v6.1.2-Full/MotorControl/MCSDK/MCLib/Any/Inc -I../../Drivers/CMSIS/Device/ST/STM32F0xx/Include -I../../Drivers/CMSIS/Include -I../../Drivers/CMSIS/DSP/Include -Ofast -ffunction-sections -fdata-sections -Wall -fstack-usage -fcyclomatic-complexity -MMD -MP -MF"Application/User/mc_config.d" -MT"Application/User/mc_config.o" --specs=nano.specs -mfloat-abi=soft -mthumb -o "Application/User/mc_config.o"
arm-none-eabi-gcc "C:/Users/13410/Desktop/study/Summer Project Year 1/Self_balancing/Src/mc_configuration_registers.c" -mcpu=cortex-m0 -std=gnu11 -g3 -DDEBUG -DARM_MATH_CM0 -DUSE_HAL_DRIVER -DSTM32F031x6 -DUSE_FULL_LL_DRIVER -c -I../../Inc -I../../Drivers/STM32F0xx_HAL_Driver/Inc -I../../Drivers/STM32F0xx_HAL_Driver/Inc/Legacy -I../../MCSDK_v6.1.2-Full/MotorControl/MCSDK/MCLib/Any/Inc -I../../Drivers/CMSIS/Device/ST/STM32F0xx/Include -I../../Drivers/CMSIS/Include -I../../Drivers/CMSIS/DSP/Include -Ofast -ffunction-sections -fdata-sections -Wall -fstack-usage -fcyclomatic-complexity -MMD -MP -MF"Application/User/mc_configuration_registers.d" -MT"Application/User/mc_configuration_registers.o" --specs=nano.specs -mfloat-abi=soft -mthumb -o "Application/User/mc_configuration_registers.o"
arm-none-eabi-gcc "C:/Users/13410/Desktop/study/Summer Project Year 1/Self_balancing/Src/mc_interface.c" -mcpu=cortex-m0 -std=gnu11 -g3 -DDEBUG -DARM_MATH_CM0 -DUSE_HAL_DRIVER -DSTM32F031x6 -DUSE_FULL_LL_DRIVER -c -I../../Inc -I../../Drivers/STM32F0xx_HAL_Driver/Inc -I../../Drivers/STM32F0xx_HAL_Driver/Inc/Legacy -I../../MCSDK_v6.1.2-Full/MotorControl/MCSDK/MCLib/Any/Inc -I../../Drivers/CMSIS/Device/ST/STM32F0xx/Include -I../../Drivers/CMSIS/Include -I../../Drivers/CMSIS/DSP/Include -Ofast -ffunction-sections -fdata-sections -Wall -fstack-usage -fcyclomatic-complexity -MMD -MP -MF"Application/User/mc_interface.d" -MT"Application/User/mc_interface.o" --specs=nano.specs -mfloat-abi=soft -mthumb -o "Application/User/mc_interface.o"
arm-none-eabi-gcc "C:/Users/13410/Desktop/study/Summer Project Year 1/Self_balancing/Src/mc_parameters.c" -mcpu=cortex-m0 -std=gnu11 -g3 -DDEBUG -DARM_MATH_CM0 -DUSE_HAL_DRIVER -DSTM32F031x6 -DUSE_FULL_LL_DRIVER -c -I../../Inc -I../../Drivers/STM32F0xx_HAL_Driver/Inc -I../../Drivers/STM32F0xx_HAL_Driver/Inc/Legacy -I../../MCSDK_v6.1.2-Full/MotorControl/MCSDK/MCLib/Any/Inc -I../../Drivers/CMSIS/Device/ST/STM32F0xx/Include -I../../Drivers/CMSIS/Include -I../../Drivers/CMSIS/DSP/Include -Ofast -ffunction-sections -fdata-sections -Wall -fstack-usage -fcyclomatic-complexity -MMD -MP -MF"Application/User/mc_parameters.d" -MT"Application/User/mc_parameters.o" --specs=nano.specs -mfloat-abi=soft -mthumb -o "Application/User/mc_parameters.o"
arm-none-eabi-gcc "C:/Users/13410/Desktop/study/Summer Project Year 1/Self_balancing/Src/mc_tasks.c" -mcpu=cortex-m0 -std=gnu11 -g3 -DDEBUG -DARM_MATH_CM0 -DUSE_HAL_DRIVER -DSTM32F031x6 -DUSE_FULL_LL_DRIVER -c -I../../Inc -I../../Drivers/STM32F0xx_HAL_Driver/Inc -I../../Drivers/STM32F0xx_HAL_Driver/Inc/Legacy -I../../MCSDK_v6.1.2-Full/MotorControl/MCSDK/MCLib/Any/Inc -I../../Drivers/CMSIS/Device/ST/STM32F0xx/Include -I../../Drivers/CMSIS/Include -I../../Drivers/CMSIS/DSP/Include -Ofast -ffunction-sections -fdata-sections -Wall -fstack-usage -fcyclomatic-complexity -MMD -MP -MF"Application/User/mc_tasks.d" -MT"Application/User/mc_tasks.o" --specs=nano.specs -mfloat-abi=soft -mthumb -o "Application/User/mc_tasks.o"
arm-none-eabi-gcc "C:/Users/13410/Desktop/study/Summer Project Year 1/Self_balancing/Src/mcp_config.c" -mcpu=cortex-m0 -std=gnu11 -g3 -DDEBUG -DARM_MATH_CM0 -DUSE_HAL_DRIVER -DSTM32F031x6 -DUSE_FULL_LL_DRIVER -c -I../../Inc -I../../Drivers/STM32F0xx_HAL_Driver/Inc -I../../Drivers/STM32F0xx_HAL_Driver/Inc/Legacy -I../../MCSDK_v6.1.2-Full/MotorControl/MCSDK/MCLib/Any/Inc -I../../Drivers/CMSIS/Device/ST/STM32F0xx/Include -I../../Drivers/CMSIS/Include -I../../Drivers/CMSIS/DSP/Include -Ofast -ffunction-sections -fdata-sections -Wall -fstack-usage -fcyclomatic-complexity -MMD -MP -MF"Application/User/mcp_config.d" -MT"Application/User/mcp_config.o" --specs=nano.specs -mfloat-abi=soft -mthumb -o "Application/User/mcp_config.o"
arm-none-eabi-gcc "C:/Users/13410/Desktop/study/Summer Project Year 1/Self_balancing/Src/motorcontrol.c" -mcpu=cortex-m0 -std=gnu11 -g3 -DDEBUG -DARM_MATH_CM0 -DUSE_HAL_DRIVER -DSTM32F031x6 -DUSE_FULL_LL_DRIVER -c -I../../Inc -I../../Drivers/STM32F0xx_HAL_Driver/Inc -I../../Drivers/STM32F0xx_HAL_Driver/Inc/Legacy -I../../MCSDK_v6.1.2-Full/MotorControl/MCSDK/MCLib/Any/Inc -I../../Drivers/CMSIS/Device/ST/STM32F0xx/Include -I../../Drivers/CMSIS/Include -I../../Drivers/CMSIS/DSP/Include -Ofast -ffunction-sections -fdata-sections -Wall -fstack-usage -fcyclomatic-complexity -MMD -MP -MF"Application/User/motorcontrol.d" -MT"Application/User/motorcontrol.o" --specs=nano.specs -mfloat-abi=soft -mthumb -o "Application/User/motorcontrol.o"
arm-none-eabi-gcc "C:/Users/13410/Desktop/study/Summer Project Year 1/Self_balancing/Src/register_interface.c" -mcpu=cortex-m0 -std=gnu11 -g3 -DDEBUG -DARM_MATH_CM0 -DUSE_HAL_DRIVER -DSTM32F031x6 -DUSE_FULL_LL_DRIVER -c -I../../Inc -I../../Drivers/STM32F0xx_HAL_Driver/Inc -I../../Drivers/STM32F0xx_HAL_Driver/Inc/Legacy -I../../MCSDK_v6.1.2-Full/MotorControl/MCSDK/MCLib/Any/Inc -I../../Drivers/CMSIS/Device/ST/STM32F0xx/Include -I../../Drivers/CMSIS/Include -I../../Drivers/CMSIS/DSP/Include -Ofast -ffunction-sections -fdata-sections -Wall -fstack-usage -fcyclomatic-complexity -MMD -MP -MF"Application/User/register_interface.d" -MT"Application/User/register_interface.o" --specs=nano.specs -mfloat-abi=soft -mthumb -o "Application/User/register_interface.o"
arm-none-eabi-gcc "C:/Users/13410/Desktop/study/Summer Project Year 1/Self_balancing/Src/stm32f0xx_hal_msp.c" -mcpu=cortex-m0 -std=gnu11 -g3 -DDEBUG -DARM_MATH_CM0 -DUSE_HAL_DRIVER -DSTM32F031x6 -DUSE_FULL_LL_DRIVER -c -I../../Inc -I../../Drivers/STM32F0xx_HAL_Driver/Inc -I../../Drivers/STM32F0xx_HAL_Driver/Inc/Legacy -I../../MCSDK_v6.1.2-Full/MotorControl/MCSDK/MCLib/Any/Inc -I../../Drivers/CMSIS/Device/ST/STM32F0xx/Include -I../../Drivers/CMSIS/Include -I../../Drivers/CMSIS/DSP/Include -Ofast -ffunction-sections -fdata-sections -Wall -fstack-usage -fcyclomatic-complexity -MMD -MP -MF"Application/User/stm32f0xx_hal_msp.d" -MT"Application/User/stm32f0xx_hal_msp.o" --specs=nano.specs -mfloat-abi=soft -mthumb -o "Application/User/stm32f0xx_hal_msp.o"
arm-none-eabi-gcc "C:/Users/13410/Desktop/study/Summer Project Year 1/Self_balancing/Src/stm32f0xx_it.c" -mcpu=cortex-m0 -std=gnu11 -g3 -DDEBUG -DARM_MATH_CM0 -DUSE_HAL_DRIVER -DSTM32F031x6 -DUSE_FULL_LL_DRIVER -c -I../../Inc -I../../Drivers/STM32F0xx_HAL_Driver/Inc -I../../Drivers/STM32F0xx_HAL_Driver/Inc/Legacy -I../../MCSDK_v6.1.2-Full/MotorControl/MCSDK/MCLib/Any/Inc -I../../Drivers/CMSIS/Device/ST/STM32F0xx/Include -I../../Drivers/CMSIS/Include -I../../Drivers/CMSIS/DSP/Include -Ofast -ffunction-sections -fdata-sections -Wall -fstack-usage -fcyclomatic-complexity -MMD -MP -MF"Application/User/stm32f0xx_it.d" -MT"Application/User/stm32f0xx_it.o" --specs=nano.specs -mfloat-abi=soft -mthumb -o "Application/User/stm32f0xx_it.o"
arm-none-eabi-gcc "C:/Users/13410/Desktop/study/Summer Project Year 1/Self_balancing/Src/stm32f0xx_mc_it.c" -mcpu=cortex-m0 -std=gnu11 -g3 -DDEBUG -DARM_MATH_CM0 -DUSE_HAL_DRIVER -DSTM32F031x6 -DUSE_FULL_LL_DRIVER -c -I../../Inc -I../../Drivers/STM32F0xx_HAL_Driver/Inc -I../../Drivers/STM32F0xx_HAL_Driver/Inc/Legacy -I../../MCSDK_v6.1.2-Full/MotorControl/MCSDK/MCLib/Any/Inc -I../../Drivers/CMSIS/Device/ST/STM32F0xx/Include -I../../Drivers/CMSIS/Include -I../../Drivers/CMSIS/DSP/Include -Ofast -ffunction-sections -fdata-sections -Wall -fstack-usage -fcyclomatic-complexity -MMD -MP -MF"Application/User/stm32f0xx_mc_it.d" -MT"Application/User/stm32f0xx_mc_it.o" --specs=nano.specs -mfloat-abi=soft -mthumb -o "Application/User/stm32f0xx_mc_it.o"
arm-none-eabi-gcc -o "Self_balancing.elf" @"objects.list"   -mcpu=cortex-m0 -T"C:\Users\13410\Desktop\study\Summer Project Year 1\Self_balancing\STM32CubeIDE\STM32F031C6TX_FLASH.ld" --specs=nosys.specs -Wl,-Map="Self_balancing.map" -Wl,--gc-sections -static --specs=nano.specs -mfloat-abi=soft -mthumb -Wl,--start-group -lc -lm -Wl,--end-group
Finished building target: Self_balancing.elf
 
arm-none-eabi-size   Self_balancing.elf 
arm-none-eabi-objdump -h -S  Self_balancing.elf  > "Self_balancing.list"
   text	   data	    bss	    dec	    hex	filename
  28592	   1064	   1648	  31304	   7a48	Self_balancing.elf
Finished building: default.size.stdout
 
Finished building: Self_balancing.list
 
