11:48:57 **** Incremental Build of configuration Debug for project Self_balancing ****
make -j8 all 
arm-none-eabi-gcc "C:/Users/13410/Desktop/study/Summer Project Year 1/Self_balancing/MCSDK_v6.1.2-Full/MotorControl/MCSDK/MCLib/Any/Src/mcp.c" -mcpu=cortex-m0 -std=gnu11 -g3 -DDEBUG -DARM_MATH_CM0 -DUSE_HAL_DRIVER -DSTM32F031x6 -DUSE_FULL_LL_DRIVER -c -I../../Inc -I../../Drivers/STM32F0xx_HAL_Driver/Inc -I../../Drivers/STM32F0xx_HAL_Driver/Inc/Legacy -I../../MCSDK_v6.1.2-Full/MotorControl/MCSDK/MCLib/Any/Inc -I../../Drivers/CMSIS/Device/ST/STM32F0xx/Include -I../../Drivers/CMSIS/Include -I../../Drivers/CMSIS/DSP/Include -Ofast -ffunction-sections -fdata-sections -Wall -fstack-usage -fcyclomatic-complexity -MMD -MP -MF"Middlewares/MotorControl/mcp.d" -MT"Middlewares/MotorControl/mcp.o" --specs=nano.specs -mfloat-abi=soft -mthumb -o "Middlewares/MotorControl/mcp.o"
arm-none-eabi-gcc "C:/Users/13410/Desktop/study/Summer Project Year 1/Self_balancing/Src/aspep.c" -mcpu=cortex-m0 -std=gnu11 -g3 -DDEBUG -DARM_MATH_CM0 -DUSE_HAL_DRIVER -DSTM32F031x6 -DUSE_FULL_LL_DRIVER -c -I../../Inc -I../../Drivers/STM32F0xx_HAL_Driver/Inc -I../../Drivers/STM32F0xx_HAL_Driver/Inc/Legacy -I../../MCSDK_v6.1.2-Full/MotorControl/MCSDK/MCLib/Any/Inc -I../../Drivers/CMSIS/Device/ST/STM32F0xx/Include -I../../Drivers/CMSIS/Include -I../../Drivers/CMSIS/DSP/Include -Ofast -ffunction-sections -fdata-sections -Wall -fstack-usage -fcyclomatic-complexity -MMD -MP -MF"Application/User/aspep.d" -MT"Application/User/aspep.o" --specs=nano.specs -mfloat-abi=soft -mthumb -o "Application/User/aspep.o"
arm-none-eabi-gcc "C:/Users/13410/Desktop/study/Summer Project Year 1/Self_balancing/Src/main.c" -mcpu=cortex-m0 -std=gnu11 -g3 -DDEBUG -DARM_MATH_CM0 -DUSE_HAL_DRIVER -DSTM32F031x6 -DUSE_FULL_LL_DRIVER -c -I../../Inc -I../../Drivers/STM32F0xx_HAL_Driver/Inc -I../../Drivers/STM32F0xx_HAL_Driver/Inc/Legacy -I../../MCSDK_v6.1.2-Full/MotorControl/MCSDK/MCLib/Any/Inc -I../../Drivers/CMSIS/Device/ST/STM32F0xx/Include -I../../Drivers/CMSIS/Include -I../../Drivers/CMSIS/DSP/Include -Ofast -ffunction-sections -fdata-sections -Wall -fstack-usage -fcyclomatic-complexity -MMD -MP -MF"Application/User/main.d" -MT"Application/User/main.o" --specs=nano.specs -mfloat-abi=soft -mthumb -o "Application/User/main.o"
arm-none-eabi-gcc "C:/Users/13410/Desktop/study/Summer Project Year 1/Self_balancing/Src/mc_config.c" -mcpu=cortex-m0 -std=gnu11 -g3 -DDEBUG -DARM_MATH_CM0 -DUSE_HAL_DRIVER -DSTM32F031x6 -DUSE_FULL_LL_DRIVER -c -I../../Inc -I../../Drivers/STM32F0xx_HAL_Driver/Inc -I../../Drivers/STM32F0xx_HAL_Driver/Inc/Legacy -I../../MCSDK_v6.1.2-Full/MotorControl/MCSDK/MCLib/Any/Inc -I../../Drivers/CMSIS/Device/ST/STM32F0xx/Include -I../../Drivers/CMSIS/Include -I../../Drivers/CMSIS/DSP/Include -Ofast -ffunction-sections -fdata-sections -Wall -fstack-usage -fcyclomatic-complexity -MMD -MP -MF"Application/User/mc_config.d" -MT"Application/User/mc_config.o" --specs=nano.specs -mfloat-abi=soft -mthumb -o "Application/User/mc_config.o"
arm-none-eabi-gcc "C:/Users/13410/Desktop/study/Summer Project Year 1/Self_balancing/Src/mc_configuration_registers.c" -mcpu=cortex-m0 -std=gnu11 -g3 -DDEBUG -DARM_MATH_CM0 -DUSE_HAL_DRIVER -DSTM32F031x6 -DUSE_FULL_LL_DRIVER -c -I../../Inc -I../../Drivers/STM32F0xx_HAL_Driver/Inc -I../../Drivers/STM32F0xx_HAL_Driver/Inc/Legacy -I../../MCSDK_v6.1.2-Full/MotorControl/MCSDK/MCLib/Any/Inc -I../../Drivers/CMSIS/Device/ST/STM32F0xx/Include -I../../Drivers/CMSIS/Include -I../../Drivers/CMSIS/DSP/Include -Ofast -ffunction-sections -fdata-sections -Wall -fstack-usage -fcyclomatic-complexity -MMD -MP -MF"Application/User/mc_configuration_registers.d" -MT"Application/User/mc_configuration_registers.o" --specs=nano.specs -mfloat-abi=soft -mthumb -o "Application/User/mc_configuration_registers.o"
arm-none-eabi-gcc "C:/Users/13410/Desktop/study/Summer Project Year 1/Self_balancing/Src/mc_interface.c" -mcpu=cortex-m0 -std=gnu11 -g3 -DDEBUG -DARM_MATH_CM0 -DUSE_HAL_DRIVER -DSTM32F031x6 -DUSE_FULL_LL_DRIVER -c -I../../Inc -I../../Drivers/STM32F0xx_HAL_Driver/Inc -I../../Drivers/STM32F0xx_HAL_Driver/Inc/Legacy -I../../MCSDK_v6.1.2-Full/MotorControl/MCSDK/MCLib/Any/Inc -I../../Drivers/CMSIS/Device/ST/STM32F0xx/Include -I../../Drivers/CMSIS/Include -I../../Drivers/CMSIS/DSP/Include -Ofast -ffunction-sections -fdata-sections -Wall -fstack-usage -fcyclomatic-complexity -MMD -MP -MF"Application/User/mc_interface.d" -MT"Application/User/mc_interface.o" --specs=nano.specs -mfloat-abi=soft -mthumb -o "Application/User/mc_interface.o"
arm-none-eabi-gcc "C:/Users/13410/Desktop/study/Summer Project Year 1/Self_balancing/Src/mc_parameters.c" -mcpu=cortex-m0 -std=gnu11 -g3 -DDEBUG -DARM_MATH_CM0 -DUSE_HAL_DRIVER -DSTM32F031x6 -DUSE_FULL_LL_DRIVER -c -I../../Inc -I../../Drivers/STM32F0xx_HAL_Driver/Inc -I../../Drivers/STM32F0xx_HAL_Driver/Inc/Legacy -I../../MCSDK_v6.1.2-Full/MotorControl/MCSDK/MCLib/Any/Inc -I../../Drivers/CMSIS/Device/ST/STM32F0xx/Include -I../../Drivers/CMSIS/Include -I../../Drivers/CMSIS/DSP/Include -Ofast -ffunction-sections -fdata-sections -Wall -fstack-usage -fcyclomatic-complexity -MMD -MP -MF"Application/User/mc_parameters.d" -MT"Application/User/mc_parameters.o" --specs=nano.specs -mfloat-abi=soft -mthumb -o "Application/User/mc_parameters.o"
arm-none-eabi-gcc "C:/Users/13410/Desktop/study/Summer Project Year 1/Self_balancing/Src/mc_tasks.c" -mcpu=cortex-m0 -std=gnu11 -g3 -DDEBUG -DARM_MATH_CM0 -DUSE_HAL_DRIVER -DSTM32F031x6 -DUSE_FULL_LL_DRIVER -c -I../../Inc -I../../Drivers/STM32F0xx_HAL_Driver/Inc -I../../Drivers/STM32F0xx_HAL_Driver/Inc/Legacy -I../../MCSDK_v6.1.2-Full/MotorControl/MCSDK/MCLib/Any/Inc -I../../Drivers/CMSIS/Device/ST/STM32F0xx/Include -I../../Drivers/CMSIS/Include -I../../Drivers/CMSIS/DSP/Include -Ofast -ffunction-sections -fdata-sections -Wall -fstack-usage -fcyclomatic-complexity -MMD -MP -MF"Application/User/mc_tasks.d" -MT"Application/User/mc_tasks.o" --specs=nano.specs -mfloat-abi=soft -mthumb -o "Application/User/mc_tasks.o"
arm-none-eabi-gcc "C:/Users/13410/Desktop/study/Summer Project Year 1/Self_balancing/Src/mcp_config.c" -mcpu=cortex-m0 -std=gnu11 -g3 -DDEBUG -DARM_MATH_CM0 -DUSE_HAL_DRIVER -DSTM32F031x6 -DUSE_FULL_LL_DRIVER -c -I../../Inc -I../../Drivers/STM32F0xx_HAL_Driver/Inc -I../../Drivers/STM32F0xx_HAL_Driver/Inc/Legacy -I../../MCSDK_v6.1.2-Full/MotorControl/MCSDK/MCLib/Any/Inc -I../../Drivers/CMSIS/Device/ST/STM32F0xx/Include -I../../Drivers/CMSIS/Include -I../../Drivers/CMSIS/DSP/Include -Ofast -ffunction-sections -fdata-sections -Wall -fstack-usage -fcyclomatic-complexity -MMD -MP -MF"Application/User/mcp_config.d" -MT"Application/User/mcp_config.o" --specs=nano.specs -mfloat-abi=soft -mthumb -o "Application/User/mcp_config.o"
arm-none-eabi-gcc "C:/Users/13410/Desktop/study/Summer Project Year 1/Self_balancing/Src/motorcontrol.c" -mcpu=cortex-m0 -std=gnu11 -g3 -DDEBUG -DARM_MATH_CM0 -DUSE_HAL_DRIVER -DSTM32F031x6 -DUSE_FULL_LL_DRIVER -c -I../../Inc -I../../Drivers/STM32F0xx_HAL_Driver/Inc -I../../Drivers/STM32F0xx_HAL_Driver/Inc/Legacy -I../../MCSDK_v6.1.2-Full/MotorControl/MCSDK/MCLib/Any/Inc -I../../Drivers/CMSIS/Device/ST/STM32F0xx/Include -I../../Drivers/CMSIS/Include -I../../Drivers/CMSIS/DSP/Include -Ofast -ffunction-sections -fdata-sections -Wall -fstack-usage -fcyclomatic-complexity -MMD -MP -MF"Application/User/motorcontrol.d" -MT"Application/User/motorcontrol.o" --specs=nano.specs -mfloat-abi=soft -mthumb -o "Application/User/motorcontrol.o"
arm-none-eabi-gcc "C:/Users/13410/Desktop/study/Summer Project Year 1/Self_balancing/Src/register_interface.c" -mcpu=cortex-m0 -std=gnu11 -g3 -DDEBUG -DARM_MATH_CM0 -DUSE_HAL_DRIVER -DSTM32F031x6 -DUSE_FULL_LL_DRIVER -c -I../../Inc -I../../Drivers/STM32F0xx_HAL_Driver/Inc -I../../Drivers/STM32F0xx_HAL_Driver/Inc/Legacy -I../../MCSDK_v6.1.2-Full/MotorControl/MCSDK/MCLib/Any/Inc -I../../Drivers/CMSIS/Device/ST/STM32F0xx/Include -I../../Drivers/CMSIS/Include -I../../Drivers/CMSIS/DSP/Include -Ofast -ffunction-sections -fdata-sections -Wall -fstack-usage -fcyclomatic-complexity -MMD -MP -MF"Application/User/register_interface.d" -MT"Application/User/register_interface.o" --specs=nano.specs -mfloat-abi=soft -mthumb -o "Application/User/register_interface.o"
arm-none-eabi-gcc "C:/Users/13410/Desktop/study/Summer Project Year 1/Self_balancing/Src/stm32f0xx_hal_msp.c" -mcpu=cortex-m0 -std=gnu11 -g3 -DDEBUG -DARM_MATH_CM0 -DUSE_HAL_DRIVER -DSTM32F031x6 -DUSE_FULL_LL_DRIVER -c -I../../Inc -I../../Drivers/STM32F0xx_HAL_Driver/Inc -I../../Drivers/STM32F0xx_HAL_Driver/Inc/Legacy -I../../MCSDK_v6.1.2-Full/MotorControl/MCSDK/MCLib/Any/Inc -I../../Drivers/CMSIS/Device/ST/STM32F0xx/Include -I../../Drivers/CMSIS/Include -I../../Drivers/CMSIS/DSP/Include -Ofast -ffunction-sections -fdata-sections -Wall -fstack-usage -fcyclomatic-complexity -MMD -MP -MF"Application/User/stm32f0xx_hal_msp.d" -MT"Application/User/stm32f0xx_hal_msp.o" --specs=nano.specs -mfloat-abi=soft -mthumb -o "Application/User/stm32f0xx_hal_msp.o"
arm-none-eabi-gcc "C:/Users/13410/Desktop/study/Summer Project Year 1/Self_balancing/Src/stm32f0xx_it.c" -mcpu=cortex-m0 -std=gnu11 -g3 -DDEBUG -DARM_MATH_CM0 -DUSE_HAL_DRIVER -DSTM32F031x6 -DUSE_FULL_LL_DRIVER -c -I../../Inc -I../../Drivers/STM32F0xx_HAL_Driver/Inc -I../../Drivers/STM32F0xx_HAL_Driver/Inc/Legacy -I../../MCSDK_v6.1.2-Full/MotorControl/MCSDK/MCLib/Any/Inc -I../../Drivers/CMSIS/Device/ST/STM32F0xx/Include -I../../Drivers/CMSIS/Include -I../../Drivers/CMSIS/DSP/Include -Ofast -ffunction-sections -fdata-sections -Wall -fstack-usage -fcyclomatic-complexity -MMD -MP -MF"Application/User/stm32f0xx_it.d" -MT"Application/User/stm32f0xx_it.o" --specs=nano.specs -mfloat-abi=soft -mthumb -o "Application/User/stm32f0xx_it.o"
arm-none-eabi-gcc "C:/Users/13410/Desktop/study/Summer Project Year 1/Self_balancing/Src/stm32f0xx_mc_it.c" -mcpu=cortex-m0 -std=gnu11 -g3 -DDEBUG -DARM_MATH_CM0 -DUSE_HAL_DRIVER -DSTM32F031x6 -DUSE_FULL_LL_DRIVER -c -I../../Inc -I../../Drivers/STM32F0xx_HAL_Driver/Inc -I../../Drivers/STM32F0xx_HAL_Driver/Inc/Legacy -I../../MCSDK_v6.1.2-Full/MotorControl/MCSDK/MCLib/Any/Inc -I../../Drivers/CMSIS/Device/ST/STM32F0xx/Include -I../../Drivers/CMSIS/Include -I../../Drivers/CMSIS/DSP/Include -Ofast -ffunction-sections -fdata-sections -Wall -fstack-usage -fcyclomatic-complexity -MMD -MP -MF"Application/User/stm32f0xx_mc_it.d" -MT"Application/User/stm32f0xx_mc_it.o" --specs=nano.specs -mfloat-abi=soft -mthumb -o "Application/User/stm32f0xx_mc_it.o"
arm-none-eabi-gcc -o "Self_balancing.elf" @"objects.list"   -mcpu=cortex-m0 -T"C:\Users\13410\Desktop\study\Summer Project Year 1\Self_balancing\STM32CubeIDE\STM32F031C6TX_FLASH.ld" --specs=nosys.specs -Wl,-Map="Self_balancing.map" -Wl,--gc-sections -static --specs=nano.specs -mfloat-abi=soft -mthumb -Wl,--start-group -lc -lm -Wl,--end-group
Finished building target: Self_balancing.elf
 
arm-none-eabi-size   Self_balancing.elf 
arm-none-eabi-objdump -h -S  Self_balancing.elf  > "Self_balancing.list"
   text	   data	    bss	    dec	    hex	filename
  28592	   1064	   1648	  31304	   7a48	Self_balancing.elf
Finished building: default.size.stdout
 
Finished building: Self_balancing.list
 

11:49:00 Build Finished. 0 errors, 0 warnings. (took 3s.19ms)

