C:/Users/13410/Desktop/study/Summer Project Year 1/Self_balancing/Src/aspep.c:163:6:ASPEP_start	8	static
C:/Users/13410/Desktop/study/Summer Project Year 1/Self_balancing/Src/aspep.c:185:6:ASPEP_sendBeacon	24	static,ignoring_inline_asm
C:/Users/13410/Desktop/study/Summer Project Year 1/Self_balancing/Src/aspep.c:216:6:ASPEP_sendPing	16	static,ignoring_inline_asm
C:/Users/13410/Desktop/study/Summer Project Year 1/Self_balancing/Src/aspep.c:241:6:ASPEP_getBuffer	8	static
C:/Users/13410/Desktop/study/Summer Project Year 1/Self_balancing/Src/aspep.c:276:6:ASPEP_CheckBeacon	48	static
C:/Users/13410/Desktop/study/Summer Project Year 1/Self_balancing/Src/aspep.c:317:9:ASPEP_sendPacket	24	static,ignoring_inline_asm
C:/Users/13410/Desktop/study/Summer Project Year 1/Self_balancing/Src/aspep.c:459:6:ASPEP_HWDataTransmittedIT	16	static
C:/Users/13410/Desktop/study/Summer Project Year 1/Self_balancing/Src/aspep.c:501:10:ASPEP_RXframeProcess	48	static,ignoring_inline_asm
C:/Users/13410/Desktop/study/Summer Project Year 1/Self_balancing/Src/aspep.c:655:6:ASPEP_HWDataReceivedIT	16	static
C:/Users/13410/Desktop/study/Summer Project Year 1/Self_balancing/Src/aspep.c:744:6:ASPEP_HWDMAReset	8	static
