Archive member included to satisfy reference by file (symbol)

c:/st/stm32cubeide_1.12.1/stm32cubeide/plugins/com.st.stm32cube.ide.mcu.externaltools.gnu-tools-for-stm32.10.3-2021.10.win32_1.0.200.202301161003/tools/bin/../lib/gcc/arm-none-eabi/10.3.1/../../../../arm-none-eabi/lib/thumb/v7e-m+dp/hard\libc_nano.a(lib_a-errno.o)
                              ./Core/Src/syscalls.o (__errno)
c:/st/stm32cubeide_1.12.1/stm32cubeide/plugins/com.st.stm32cube.ide.mcu.externaltools.gnu-tools-for-stm32.10.3-2021.10.win32_1.0.200.202301161003/tools/bin/../lib/gcc/arm-none-eabi/10.3.1/../../../../arm-none-eabi/lib/thumb/v7e-m+dp/hard\libc_nano.a(lib_a-exit.o)
                              c:/st/stm32cubeide_1.12.1/stm32cubeide/plugins/com.st.stm32cube.ide.mcu.externaltools.gnu-tools-for-stm32.10.3-2021.10.win32_1.0.200.202301161003/tools/bin/../lib/gcc/arm-none-eabi/10.3.1/../../../../arm-none-eabi/lib/thumb/v7e-m+dp/hard/crt0.o (exit)
c:/st/stm32cubeide_1.12.1/stm32cubeide/plugins/com.st.stm32cube.ide.mcu.externaltools.gnu-tools-for-stm32.10.3-2021.10.win32_1.0.200.202301161003/tools/bin/../lib/gcc/arm-none-eabi/10.3.1/../../../../arm-none-eabi/lib/thumb/v7e-m+dp/hard\libc_nano.a(lib_a-impure.o)
                              c:/st/stm32cubeide_1.12.1/stm32cubeide/plugins/com.st.stm32cube.ide.mcu.externaltools.gnu-tools-for-stm32.10.3-2021.10.win32_1.0.200.202301161003/tools/bin/../lib/gcc/arm-none-eabi/10.3.1/../../../../arm-none-eabi/lib/thumb/v7e-m+dp/hard\libc_nano.a(lib_a-exit.o) (_global_impure_ptr)
c:/st/stm32cubeide_1.12.1/stm32cubeide/plugins/com.st.stm32cube.ide.mcu.externaltools.gnu-tools-for-stm32.10.3-2021.10.win32_1.0.200.202301161003/tools/bin/../lib/gcc/arm-none-eabi/10.3.1/../../../../arm-none-eabi/lib/thumb/v7e-m+dp/hard\libc_nano.a(lib_a-init.o)
                              c:/st/stm32cubeide_1.12.1/stm32cubeide/plugins/com.st.stm32cube.ide.mcu.externaltools.gnu-tools-for-stm32.10.3-2021.10.win32_1.0.200.202301161003/tools/bin/../lib/gcc/arm-none-eabi/10.3.1/../../../../arm-none-eabi/lib/thumb/v7e-m+dp/hard/crt0.o (__libc_init_array)
c:/st/stm32cubeide_1.12.1/stm32cubeide/plugins/com.st.stm32cube.ide.mcu.externaltools.gnu-tools-for-stm32.10.3-2021.10.win32_1.0.200.202301161003/tools/bin/../lib/gcc/arm-none-eabi/10.3.1/../../../../arm-none-eabi/lib/thumb/v7e-m+dp/hard\libc_nano.a(lib_a-memset.o)
                              c:/st/stm32cubeide_1.12.1/stm32cubeide/plugins/com.st.stm32cube.ide.mcu.externaltools.gnu-tools-for-stm32.10.3-2021.10.win32_1.0.200.202301161003/tools/bin/../lib/gcc/arm-none-eabi/10.3.1/../../../../arm-none-eabi/lib/thumb/v7e-m+dp/hard/crt0.o (memset)
c:/st/stm32cubeide_1.12.1/stm32cubeide/plugins/com.st.stm32cube.ide.mcu.externaltools.gnu-tools-for-stm32.10.3-2021.10.win32_1.0.200.202301161003/tools/bin/../lib/gcc/arm-none-eabi/10.3.1/../../../../arm-none-eabi/lib/thumb/v7e-m+dp/hard\libm.a(lib_a-s_atan.o)
                              ./Drivers/MPU6050-master/Src/mpu6050.o (atan)
c:/st/stm32cubeide_1.12.1/stm32cubeide/plugins/com.st.stm32cube.ide.mcu.externaltools.gnu-tools-for-stm32.10.3-2021.10.win32_1.0.200.202301161003/tools/bin/../lib/gcc/arm-none-eabi/10.3.1/../../../../arm-none-eabi/lib/thumb/v7e-m+dp/hard\libm.a(lib_a-s_fabs.o)
                              c:/st/stm32cubeide_1.12.1/stm32cubeide/plugins/com.st.stm32cube.ide.mcu.externaltools.gnu-tools-for-stm32.10.3-2021.10.win32_1.0.200.202301161003/tools/bin/../lib/gcc/arm-none-eabi/10.3.1/../../../../arm-none-eabi/lib/thumb/v7e-m+dp/hard\libm.a(lib_a-s_atan.o) (fabs)
c:/st/stm32cubeide_1.12.1/stm32cubeide/plugins/com.st.stm32cube.ide.mcu.externaltools.gnu-tools-for-stm32.10.3-2021.10.win32_1.0.200.202301161003/tools/bin/../lib/gcc/arm-none-eabi/10.3.1/../../../../arm-none-eabi/lib/thumb/v7e-m+dp/hard\libm.a(lib_a-w_atan2.o)
                              ./Drivers/MPU6050-master/Src/mpu6050.o (atan2)
c:/st/stm32cubeide_1.12.1/stm32cubeide/plugins/com.st.stm32cube.ide.mcu.externaltools.gnu-tools-for-stm32.10.3-2021.10.win32_1.0.200.202301161003/tools/bin/../lib/gcc/arm-none-eabi/10.3.1/../../../../arm-none-eabi/lib/thumb/v7e-m+dp/hard\libm.a(lib_a-w_sqrt.o)
                              ./Drivers/MPU6050-master/Src/mpu6050.o (sqrt)
c:/st/stm32cubeide_1.12.1/stm32cubeide/plugins/com.st.stm32cube.ide.mcu.externaltools.gnu-tools-for-stm32.10.3-2021.10.win32_1.0.200.202301161003/tools/bin/../lib/gcc/arm-none-eabi/10.3.1/../../../../arm-none-eabi/lib/thumb/v7e-m+dp/hard\libm.a(lib_a-e_atan2.o)
                              c:/st/stm32cubeide_1.12.1/stm32cubeide/plugins/com.st.stm32cube.ide.mcu.externaltools.gnu-tools-for-stm32.10.3-2021.10.win32_1.0.200.202301161003/tools/bin/../lib/gcc/arm-none-eabi/10.3.1/../../../../arm-none-eabi/lib/thumb/v7e-m+dp/hard\libm.a(lib_a-w_atan2.o) (__ieee754_atan2)
[...]
Memory Configuration

Name             Origin             Length             Attributes
RAM              0x0000000020000000 0x0000000000080000 xrw
FLASH            0x0000000008000000 0x0000000000200000 xr
*default*        0x0000000000000000 0xffffffffffffffff

Linker script and memory map

LOAD c:/st/stm32cubeide_1.12.1/stm32cubeide/plugins/com.st.stm32cube.ide.mcu.externaltools.gnu-tools-for-stm32.10.3-2021.10.win32_1.0.200.202301161003/tools/bin/../lib/gcc/arm-none-eabi/10.3.1/thumb/v7e-m+dp/hard/crti.o
LOAD c:/st/stm32cubeide_1.12.1/stm32cubeide/plugins/com.st.stm32cube.ide.mcu.externaltools.gnu-tools-for-stm32.10.3-2021.10.win32_1.0.200.202301161003/tools/bin/../lib/gcc/arm-none-eabi/10.3.1/thumb/v7e-m+dp/hard/crtbegin.o
LOAD c:/st/stm32cubeide_1.12.1/stm32cubeide/plugins/com.st.stm32cube.ide.mcu.externaltools.gnu-tools-for-stm32.10.3-2021.10.win32_1.0.200.202301161003/tools/bin/../lib/gcc/arm-none-eabi/10.3.1/../../../../arm-none-eabi/lib/thumb/v7e-m+dp/hard/crt0.o
LOAD ./Core/Src/eth.o
LOAD ./Core/Src/gpio.o
LOAD ./Core/Src/i2c.o
LOAD ./Core/Src/main.o
LOAD ./Core/Src/stm32f7xx_hal_msp.o
LOAD ./Core/Src/stm32f7xx_it.o
LOAD ./Core/Src/syscalls.o
LOAD ./Core/Src/sysmem.o
LOAD ./Core/Src/system_stm32f7xx.o
LOAD ./Core/Src/usart.o
LOAD ./Core/Src/usb_otg.o
LOAD ./Core/Startup/startup_stm32f767zitx.o
LOAD ./Drivers/MPU6050-master/Src/mpu6050.o
LOAD ./Drivers/STM32F7xx_HAL_Driver/Src/stm32f7xx_hal.o
LOAD ./Drivers/STM32F7xx_HAL_Driver/Src/stm32f7xx_hal_cortex.o
LOAD ./Drivers/STM32F7xx_HAL_Driver/Src/stm32f7xx_hal_dma.o
LOAD ./Drivers/STM32F7xx_HAL_Driver/Src/stm32f7xx_hal_dma_ex.o
LOAD ./Drivers/STM32F7xx_HAL_Driver/Src/stm32f7xx_hal_eth.o
LOAD ./Drivers/STM32F7xx_HAL_Driver/Src/stm32f7xx_hal_exti.o
LOAD ./Drivers/STM32F7xx_HAL_Driver/Src/stm32f7xx_hal_flash.o
LOAD ./Drivers/STM32F7xx_HAL_Driver/Src/stm32f7xx_hal_flash_ex.o
LOAD ./Drivers/STM32F7xx_HAL_Driver/Src/stm32f7xx_hal_gpio.o
LOAD ./Drivers/STM32F7xx_HAL_Driver/Src/stm32f7xx_hal_i2c.o
LOAD ./Drivers/STM32F7xx_HAL_Driver/Src/stm32f7xx_hal_i2c_ex.o
LOAD ./Drivers/STM32F7xx_HAL_Driver/Src/stm32f7xx_hal_pcd.o
LOAD ./Drivers/STM32F7xx_HAL_Driver/Src/stm32f7xx_hal_pcd_ex.o
LOAD ./Drivers/STM32F7xx_HAL_Driver/Src/stm32f7xx_hal_pwr.o
LOAD ./Drivers/STM32F7xx_HAL_Driver/Src/stm32f7xx_hal_pwr_ex.o
LOAD ./Drivers/STM32F7xx_HAL_Driver/Src/stm32f7xx_hal_rcc.o
LOAD ./Drivers/STM32F7xx_HAL_Driver/Src/stm32f7xx_hal_rcc_ex.o
LOAD ./Drivers/STM32F7xx_HAL_Driver/Src/stm32f7xx_hal_tim.o
LOAD ./Drivers/STM32F7xx_HAL_Driver/Src/stm32f7xx_hal_tim_ex.o
LOAD ./Drivers/STM32F7xx_HAL_Driver/Src/stm32f7xx_hal_uart.o
LOAD ./Drivers/STM32F7xx_HAL_Driver/Src/stm32f7xx_hal_uart_ex.o
LOAD ./Drivers/STM32F7xx_HAL_Driver/Src/stm32f7xx_ll_usb.o
LOAD ./Drivers/STM32F7xx_Nucleo_144/stm32f7xx_nucleo_144.o
START GROUP
LOAD c:/st/stm32cubeide_1.12.1/stm32cubeide/plugins/com.st.stm32cube.ide.mcu.externaltools.gnu-tools-for-stm32.10.3-2021.10.win32_1.0.200.202301161003/tools/bin/../lib/gcc/arm-none-eabi/10.3.1/../../../../arm-none-eabi/lib/thumb/v7e-m+dp/hard\libc_nano.a
LOAD c:/st/stm32cubeide_1.12.1/stm32cubeide/plugins/com.st.stm32cube.ide.mcu.externaltools.gnu-tools-for-stm32.10.3-2021.10.win32_1.0.200.202301161003/tools/bin/../lib/gcc/arm-none-eabi/10.3.1/../../../../arm-none-eabi/lib/thumb/v7e-m+dp/hard\libm.a
END GROUP
START GROUP
LOAD c:/st/stm32cubeide_1.12.1/stm32cubeide/plugins/com.st.stm32cube.ide.mcu.externaltools.gnu-tools-for-stm32.10.3-2021.10.win32_1.0.200.202301161003/tools/bin/../lib/gcc/arm-none-eabi/10.3.1/thumb/v7e-m+dp/hard\libgcc.a
LOAD c:/st/stm32cubeide_1.12.1/stm32cubeide/plugins/com.st.stm32cube.ide.mcu.externaltools.gnu-tools-for-stm32.10.3-2021.10.win32_1.0.200.202301161003/tools/bin/../lib/gcc/arm-none-eabi/10.3.1/../../../../arm-none-eabi/lib/thumb/v7e-m+dp/hard\libc_nano.a
END GROUP
START GROUP
LOAD c:/st/stm32cubeide_1.12.1/stm32cubeide/plugins/com.st.stm32cube.ide.mcu.externaltools.gnu-tools-for-stm32.10.3-2021.10.win32_1.0.200.202301161003/tools/bin/../lib/gcc/arm-none-eabi/10.3.1/thumb/v7e-m+dp/hard\libgcc.a
LOAD c:/st/stm32cubeide_1.12.1/stm32cubeide/plugins/com.st.stm32cube.ide.mcu.externaltools.gnu-tools-for-stm32.10.3-2021.10.win32_1.0.200.202301161003/tools/bin/../lib/gcc/arm-none-eabi/10.3.1/../../../../arm-none-eabi/lib/thumb/v7e-m+dp/hard\libc_nano.a
LOAD c:/st/stm32cubeide_1.12.1/stm32cubeide/plugins/com.st.stm32cube.ide.mcu.externaltools.gnu-tools-for-stm32.10.3-2021.10.win32_1.0.200.202301161003/tools/bin/../lib/gcc/arm-none-eabi/10.3.1/../../../../arm-none-eabi/lib/thumb/v7e-m+dp/hard\libnosys.a
END GROUP
START GROUP
LOAD c:/st/stm32cubeide_1.12.1/stm32cubeide/plugins/com.st.stm32cube.ide.mcu.externaltools.gnu-tools-for-stm32.10.3-2021.10.win32_1.0.200.202301161003/tools/bin/../lib/gcc/arm-none-eabi/10.3.1/thumb/v7e-m+dp/hard\libgcc.a
LOAD c:/st/stm32cubeide_1.12.1/stm32cubeide/plugins/com.st.stm32cube.ide.mcu.externaltools.gnu-tools-for-stm32.10.3-2021.10.win32_1.0.200.202301161003/tools/bin/../lib/gcc/arm-none-eabi/10.3.1/../../../../arm-none-eabi/lib/thumb/v7e-m+dp/hard\libc_nano.a
LOAD c:/st/stm32cubeide_1.12.1/stm32cubeide/plugins/com.st.stm32cube.ide.mcu.externaltools.gnu-tools-for-stm32.10.3-2021.10.win32_1.0.200.202301161003/tools/bin/../lib/gcc/arm-none-eabi/10.3.1/../../../../arm-none-eabi/lib/thumb/v7e-m+dp/hard\libnosys.a
END GROUP
LOAD c:/st/stm32cubeide_1.12.1/stm32cubeide/plugins/com.st.stm32cube.ide.mcu.externaltools.gnu-tools-for-stm32.10.3-2021.10.win32_1.0.200.202301161003/tools/bin/../lib/gcc/arm-none-eabi/10.3.1/thumb/v7e-m+dp/hard/crtend.o
LOAD c:/st/stm32cubeide_1.12.1/stm32cubeide/plugins/com.st.stm32cube.ide.mcu.externaltools.gnu-tools-for-stm32.10.3-2021.10.win32_1.0.200.202301161003/tools/bin/../lib/gcc/arm-none-eabi/10.3.1/thumb/v7e-m+dp/hard/crtn.o
                0x0000000020080000                _estack = (ORIGIN (RAM) + LENGTH (RAM))
                0x0000000000000200                _Min_Heap_Size = 0x200
                0x0000000000000400                _Min_Stack_Size = 0x400

.isr_vector     0x0000000008000000      0x1f8
                0x0000000008000000                . = ALIGN (0x4)
 *(.isr_vector)
 .isr_vector    0x0000000008000000      0x1f8 ./Core/Startup/startup_stm32f767zitx.o
                0x0000000008000000                g_pfnVectors
                0x00000000080001f8                . = ALIGN (0x4)

.text           0x00000000080001f8     0x4b5c
                0x00000000080001f8                . = ALIGN (0x4)
 *(.text)
 .text          0x00000000080001f8       0x40 c:/st/stm32cubeide_1.12.1/stm32cubeide/plugins/com.st.stm32cube.ide.mcu.externaltools.gnu-tools-for-stm32.10.3-2021.10.win32_1.0.200.202301161003/tools/bin/../lib/gcc/arm-none-eabi/10.3.1/thumb/v7e-m+dp/hard/crtbegin.o
 .text          0x0000000008000238       0x30 c:/st/stm32cubeide_1.12.1/stm32cubeide/plugins/com.st.stm32cube.ide.mcu.externaltools.gnu-tools-for-stm32.10.3-2021.10.win32_1.0.200.202301161003/tools/bin/../lib/gcc/arm-none-eabi/10.3.1/thumb/v7e-m+dp/hard\libgcc.a(_aeabi_uldivmod.o)
                0x0000000008000238                __aeabi_uldivmod
 .text          0x0000000008000268      0x2d0 c:/st/stm32cubeide_1.12.1/stm32cubeide/plugins/com.st.stm32cube.ide.mcu.externaltools.gnu-tools-for-stm32.10.3-2021.10.win32_1.0.200.202301161003/tools/bin/../lib/gcc/arm-none-eabi/10.3.1/thumb/v7e-m+dp/hard\libgcc.a(_udivmoddi4.o)
                0x0000000008000268                __udivmoddi4
 .text          0x0000000008000538        0x4 c:/st/stm32cubeide_1.12.1/stm32cubeide/plugins/com.st.stm32cube.ide.mcu.externaltools.gnu-tools-for-stm32.10.3-2021.10.win32_1.0.200.202301161003/tools/bin/../lib/gcc/arm-none-eabi/10.3.1/thumb/v7e-m+dp/hard\libgcc.a(_dvmd_tls.o)
                0x0000000008000538                __aeabi_idiv0
                0x0000000008000538                __aeabi_ldiv0
 *(.text*)
 .text.MX_ETH_Init
                0x000000000800053c       0x9c ./Core/Src/eth.o
                0x000000000800053c                MX_ETH_Init
 .text.HAL_ETH_MspInit
                0x00000000080005d8      0x170 ./Core/Src/eth.o
                0x00000000080005d8                HAL_ETH_MspInit
 .text.MX_GPIO_Init
                0x0000000008000748      0x144 ./Core/Src/gpio.o
                0x0000000008000748                MX_GPIO_Init
 .text.MX_I2C1_Init
                0x000000000800088c       0x80 ./Core/Src/i2c.o
                0x000000000800088c                MX_I2C1_Init
 .text.HAL_I2C_MspInit
                0x000000000800090c       0xc0 ./Core/Src/i2c.o
                0x000000000800090c                HAL_I2C_MspInit
 .text.main     0x00000000080009cc       0x68 ./Core/Src/main.o
                0x00000000080009cc                main
 .text.SystemClock_Config
                0x0000000008000a34       0xe4 ./Core/Src/main.o
                0x0000000008000a34                SystemClock_Config
 .text.Error_Handler
                0x0000000008000b18        0xa ./Core/Src/main.o
                0x0000000008000b18                Error_Handler
 *fill*         0x0000000008000b22        0x2 
 .text.HAL_MspInit
                0x0000000008000b24       0x48 ./Core/Src/stm32f7xx_hal_msp.o
                0x0000000008000b24                HAL_MspInit
 .text.NMI_Handler
                0x0000000008000b6c        0x6 ./Core/Src/stm32f7xx_it.o
                0x0000000008000b6c                NMI_Handler
 .text.HardFault_Handler
                0x0000000008000b72        0x6 ./Core/Src/stm32f7xx_it.o
                0x0000000008000b72                HardFault_Handler
 .text.MemManage_Handler
                0x0000000008000b78        0x6 ./Core/Src/stm32f7xx_it.o
                0x0000000008000b78                MemManage_Handler
 .text.BusFault_Handler
                0x0000000008000b7e        0x6 ./Core/Src/stm32f7xx_it.o
                0x0000000008000b7e                BusFault_Handler
 .text.UsageFault_Handler
                0x0000000008000b84        0x6 ./Core/Src/stm32f7xx_it.o
                0x0000000008000b84                UsageFault_Handler
 .text.SVC_Handler
                0x0000000008000b8a        0xe ./Core/Src/stm32f7xx_it.o
                0x0000000008000b8a                SVC_Handler
 .text.DebugMon_Handler
                0x0000000008000b98        0xe ./Core/Src/stm32f7xx_it.o
                0x0000000008000b98                DebugMon_Handler
 .text.PendSV_Handler
                0x0000000008000ba6        0xe ./Core/Src/stm32f7xx_it.o
                0x0000000008000ba6                PendSV_Handler
 .text.SysTick_Handler
                0x0000000008000bb4        0xc ./Core/Src/stm32f7xx_it.o
                0x0000000008000bb4                SysTick_Handler
 .text.SystemInit
                0x0000000008000bc0       0x24 ./Core/Src/system_stm32f7xx.o
                0x0000000008000bc0                SystemInit
 .text.MX_USART3_UART_Init
                0x0000000008000be4       0x60 ./Core/Src/usart.o
                0x0000000008000be4                MX_USART3_UART_Init
 .text.HAL_UART_MspInit
                0x0000000008000c44       0xc0 ./Core/Src/usart.o
                0x0000000008000c44                HAL_UART_MspInit
 .text.MX_USB_OTG_FS_PCD_Init
                0x0000000008000d04       0x5c ./Core/Src/usb_otg.o
                0x0000000008000d04                MX_USB_OTG_FS_PCD_Init
 .text.HAL_PCD_MspInit
                0x0000000008000d60       0xf4 ./Core/Src/usb_otg.o
                0x0000000008000d60                HAL_PCD_MspInit
 .text.Reset_Handler
                0x0000000008000e54       0x50 ./Core/Startup/startup_stm32f767zitx.o
                0x0000000008000e54                Reset_Handler
 .text.Default_Handler
                0x0000000008000ea4        0x2 ./Core/Startup/startup_stm32f767zitx.o
                0x0000000008000ea4                RTC_Alarm_IRQHandler
                0x0000000008000ea4                EXTI2_IRQHandler
                0x0000000008000ea4                TIM8_CC_IRQHandler
                0x0000000008000ea4                UART8_IRQHandler
                0x0000000008000ea4                SPI4_IRQHandler
                0x0000000008000ea4                TIM1_CC_IRQHandler
                0x0000000008000ea4                DMA2_Stream5_IRQHandler
                0x0000000008000ea4                JPEG_IRQHandler
                0x0000000008000ea4                DMA1_Stream5_IRQHandler
                0x0000000008000ea4                CAN3_RX1_IRQHandler
                0x0000000008000ea4                PVD_IRQHandler
                0x0000000008000ea4                TAMP_STAMP_IRQHandler
                0x0000000008000ea4                CAN2_RX1_IRQHandler
                0x0000000008000ea4                EXTI3_IRQHandler
                0x0000000008000ea4                TIM8_TRG_COM_TIM14_IRQHandler
                0x0000000008000ea4                DFSDM1_FLT1_IRQHandler
                0x0000000008000ea4                TIM1_UP_TIM10_IRQHandler
                0x0000000008000ea4                TIM8_UP_TIM13_IRQHandler
                0x0000000008000ea4                I2C3_ER_IRQHandler
                0x0000000008000ea4                DFSDM1_FLT2_IRQHandler
                0x0000000008000ea4                EXTI0_IRQHandler
                0x0000000008000ea4                I2C2_EV_IRQHandler
                0x0000000008000ea4                DMA1_Stream2_IRQHandler
                0x0000000008000ea4                CAN1_RX0_IRQHandler
                0x0000000008000ea4                FPU_IRQHandler
                0x0000000008000ea4                OTG_HS_WKUP_IRQHandler
                0x0000000008000ea4                CAN3_SCE_IRQHandler
                0x0000000008000ea4                LTDC_ER_IRQHandler
                0x0000000008000ea4                CAN2_SCE_IRQHandler
                0x0000000008000ea4                DMA2_Stream2_IRQHandler
                0x0000000008000ea4                SPI1_IRQHandler
                0x0000000008000ea4                TIM6_DAC_IRQHandler
                0x0000000008000ea4                TIM1_BRK_TIM9_IRQHandler
                0x0000000008000ea4                DCMI_IRQHandler
                0x0000000008000ea4                CAN2_RX0_IRQHandler
                0x0000000008000ea4                DMA2_Stream3_IRQHandler
                0x0000000008000ea4                SAI2_IRQHandler
                0x0000000008000ea4                DFSDM1_FLT3_IRQHandler
                0x0000000008000ea4                USART6_IRQHandler
                0x0000000008000ea4                CAN3_RX0_IRQHandler
                0x0000000008000ea4                USART3_IRQHandler
                0x0000000008000ea4                CAN1_RX1_IRQHandler
                0x0000000008000ea4                UART5_IRQHandler
                0x0000000008000ea4                DMA2_Stream0_IRQHandler
                0x0000000008000ea4                TIM4_IRQHandler
                0x0000000008000ea4                QUADSPI_IRQHandler
                0x0000000008000ea4                I2C1_EV_IRQHandler
                0x0000000008000ea4                DMA1_Stream6_IRQHandler
                0x0000000008000ea4                DMA1_Stream1_IRQHandler
                0x0000000008000ea4                UART4_IRQHandler
                0x0000000008000ea4                TIM3_IRQHandler
                0x0000000008000ea4                RCC_IRQHandler
                0x0000000008000ea4                TIM8_BRK_TIM12_IRQHandler
                0x0000000008000ea4                Default_Handler
                0x0000000008000ea4                CEC_IRQHandler
                0x0000000008000ea4                EXTI15_10_IRQHandler
                0x0000000008000ea4                ADC_IRQHandler
                0x0000000008000ea4                DMA1_Stream7_IRQHandler
                0x0000000008000ea4                SPI5_IRQHandler
                0x0000000008000ea4                TIM7_IRQHandler
                0x0000000008000ea4                SDMMC1_IRQHandler
                0x0000000008000ea4                CAN2_TX_IRQHandler
                0x0000000008000ea4                TIM5_IRQHandler
                0x0000000008000ea4                DMA2_Stream7_IRQHandler
                0x0000000008000ea4                I2C3_EV_IRQHandler
                0x0000000008000ea4                EXTI9_5_IRQHandler
                0x0000000008000ea4                RTC_WKUP_IRQHandler
                0x0000000008000ea4                LTDC_IRQHandler
                0x0000000008000ea4                ETH_WKUP_IRQHandler
                0x0000000008000ea4                SPDIF_RX_IRQHandler
                0x0000000008000ea4                SPI2_IRQHandler
                0x0000000008000ea4                OTG_HS_EP1_IN_IRQHandler
                0x0000000008000ea4                DMA1_Stream0_IRQHandler
                0x0000000008000ea4                CAN1_TX_IRQHandler
                0x0000000008000ea4                EXTI4_IRQHandler
                0x0000000008000ea4                RNG_IRQHandler
                0x0000000008000ea4                ETH_IRQHandler
                0x0000000008000ea4                OTG_HS_EP1_OUT_IRQHandler
                0x0000000008000ea4                WWDG_IRQHandler
                0x0000000008000ea4                SPI6_IRQHandler
                0x0000000008000ea4                MDIOS_IRQHandler
                0x0000000008000ea4                I2C4_EV_IRQHandler
                0x0000000008000ea4                CAN3_TX_IRQHandler
                0x0000000008000ea4                TIM2_IRQHandler
                0x0000000008000ea4                OTG_FS_WKUP_IRQHandler
                0x0000000008000ea4                TIM1_TRG_COM_TIM11_IRQHandler
                0x0000000008000ea4                OTG_HS_IRQHandler
                0x0000000008000ea4                DMA2D_IRQHandler
                0x0000000008000ea4                EXTI1_IRQHandler
                0x0000000008000ea4                SDMMC2_IRQHandler
                0x0000000008000ea4                UART7_IRQHandler
                0x0000000008000ea4                USART2_IRQHandler
                0x0000000008000ea4                DFSDM1_FLT0_IRQHandler
                0x0000000008000ea4                I2C2_ER_IRQHandler
                0x0000000008000ea4                DMA2_Stream1_IRQHandler
                0x0000000008000ea4                CAN1_SCE_IRQHandler
                0x0000000008000ea4                FLASH_IRQHandler
                0x0000000008000ea4                DMA2_Stream4_IRQHandler
                0x0000000008000ea4                USART1_IRQHandler
                0x0000000008000ea4                OTG_FS_IRQHandler
                0x0000000008000ea4                SPI3_IRQHandler
                0x0000000008000ea4                DMA1_Stream4_IRQHandler
                0x0000000008000ea4                I2C1_ER_IRQHandler
                0x0000000008000ea4                FMC_IRQHandler
                0x0000000008000ea4                LPTIM1_IRQHandler
                0x0000000008000ea4                I2C4_ER_IRQHandler
                0x0000000008000ea4                DMA2_Stream6_IRQHandler
                0x0000000008000ea4                SAI1_IRQHandler
                0x0000000008000ea4                DMA1_Stream3_IRQHandler
 .text.MPU6050_Init
                0x0000000008000ea6       0xae ./Drivers/MPU6050-master/Src/mpu6050.o
                0x0000000008000ea6                MPU6050_Init
 .text.HAL_Init
                0x0000000008000f54       0x1a ./Drivers/STM32F7xx_HAL_Driver/Src/stm32f7xx_hal.o
                0x0000000008000f54                HAL_Init
 *fill*         0x0000000008000f6e        0x2 
 .text.HAL_InitTick
                0x0000000008000f70       0x60 ./Drivers/STM32F7xx_HAL_Driver/Src/stm32f7xx_hal.o
                0x0000000008000f70                HAL_InitTick
 .text.HAL_IncTick
                0x0000000008000fd0       0x28 ./Drivers/STM32F7xx_HAL_Driver/Src/stm32f7xx_hal.o
                0x0000000008000fd0                HAL_IncTick
 .text.HAL_GetTick
                0x0000000008000ff8       0x18 ./Drivers/STM32F7xx_HAL_Driver/Src/stm32f7xx_hal.o
                0x0000000008000ff8                HAL_GetTick
 .text.HAL_Delay
                0x0000000008001010       0x48 ./Drivers/STM32F7xx_HAL_Driver/Src/stm32f7xx_hal.o
                0x0000000008001010                HAL_Delay
 .text.__NVIC_SetPriorityGrouping
                0x0000000008001058       0x48 ./Drivers/STM32F7xx_HAL_Driver/Src/stm32f7xx_hal_cortex.o
 .text.__NVIC_GetPriorityGrouping
                0x00000000080010a0       0x1c ./Drivers/STM32F7xx_HAL_Driver/Src/stm32f7xx_hal_cortex.o
 .text.__NVIC_SetPriority
                0x00000000080010bc       0x54 ./Drivers/STM32F7xx_HAL_Driver/Src/stm32f7xx_hal_cortex.o
 .text.NVIC_EncodePriority
                0x0000000008001110       0x66 ./Drivers/STM32F7xx_HAL_Driver/Src/stm32f7xx_hal_cortex.o
 *fill*         0x0000000008001176        0x2 
 .text.SysTick_Config
                0x0000000008001178       0x44 ./Drivers/STM32F7xx_HAL_Driver/Src/stm32f7xx_hal_cortex.o
 .text.HAL_NVIC_SetPriorityGrouping
                0x00000000080011bc       0x16 ./Drivers/STM32F7xx_HAL_Driver/Src/stm32f7xx_hal_cortex.o
                0x00000000080011bc                HAL_NVIC_SetPriorityGrouping
 .text.HAL_NVIC_SetPriority
                0x00000000080011d2       0x38 ./Drivers/STM32F7xx_HAL_Driver/Src/stm32f7xx_hal_cortex.o
                0x00000000080011d2                HAL_NVIC_SetPriority
 .text.HAL_SYSTICK_Config
                0x000000000800120a       0x18 ./Drivers/STM32F7xx_HAL_Driver/Src/stm32f7xx_hal_cortex.o
                0x000000000800120a                HAL_SYSTICK_Config
 *fill*         0x0000000008001222        0x2 
 .text.HAL_ETH_Init
                0x0000000008001224       0xf8 ./Drivers/STM32F7xx_HAL_Driver/Src/stm32f7xx_hal_eth.o
                0x0000000008001224                HAL_ETH_Init
 .text.ETH_SetMACConfig
                0x000000000800131c      0x160 ./Drivers/STM32F7xx_HAL_Driver/Src/stm32f7xx_hal_eth.o
 .text.ETH_SetDMAConfig
                0x000000000800147c      0x114 ./Drivers/STM32F7xx_HAL_Driver/Src/stm32f7xx_hal_eth.o
 .text.ETH_MACDMAConfig
                0x0000000008001590       0xe4 ./Drivers/STM32F7xx_HAL_Driver/Src/stm32f7xx_hal_eth.o
 .text.ETH_MACAddressConfig
                0x0000000008001674       0x70 ./Drivers/STM32F7xx_HAL_Driver/Src/stm32f7xx_hal_eth.o
 .text.ETH_DMATxDescListInit
                0x00000000080016e4       0xb2 ./Drivers/STM32F7xx_HAL_Driver/Src/stm32f7xx_hal_eth.o
 .text.ETH_DMARxDescListInit
                0x0000000008001796       0xda ./Drivers/STM32F7xx_HAL_Driver/Src/stm32f7xx_hal_eth.o
 .text.HAL_GPIO_Init
                0x0000000008001870      0x358 ./Drivers/STM32F7xx_HAL_Driver/Src/stm32f7xx_hal_gpio.o
                0x0000000008001870                HAL_GPIO_Init
 .text.HAL_GPIO_WritePin
                0x0000000008001bc8       0x32 ./Drivers/STM32F7xx_HAL_Driver/Src/stm32f7xx_hal_gpio.o
                0x0000000008001bc8                HAL_GPIO_WritePin
 *fill*         0x0000000008001bfa        0x2 
 .text.HAL_I2C_Init
                0x0000000008001bfc      0x120 ./Drivers/STM32F7xx_HAL_Driver/Src/stm32f7xx_hal_i2c.o
                0x0000000008001bfc                HAL_I2C_Init
 .text.HAL_I2C_Mem_Write
                0x0000000008001d1c      0x228 ./Drivers/STM32F7xx_HAL_Driver/Src/stm32f7xx_hal_i2c.o
                0x0000000008001d1c                HAL_I2C_Mem_Write
 .text.HAL_I2C_Mem_Read
                0x0000000008001f44      0x234 ./Drivers/STM32F7xx_HAL_Driver/Src/stm32f7xx_hal_i2c.o
                0x0000000008001f44                HAL_I2C_Mem_Read
 .text.I2C_RequestMemoryWrite
                0x0000000008002178       0xa8 ./Drivers/STM32F7xx_HAL_Driver/Src/stm32f7xx_hal_i2c.o
 .text.I2C_RequestMemoryRead
                0x0000000008002220       0xa8 ./Drivers/STM32F7xx_HAL_Driver/Src/stm32f7xx_hal_i2c.o
 .text.I2C_Flush_TXDR
                0x00000000080022c8       0x48 ./Drivers/STM32F7xx_HAL_Driver/Src/stm32f7xx_hal_i2c.o
 .text.I2C_WaitOnFlagUntilTimeout
                0x0000000008002310       0x80 ./Drivers/STM32F7xx_HAL_Driver/Src/stm32f7xx_hal_i2c.o
 .text.I2C_WaitOnTXISFlagUntilTimeout
                0x0000000008002390       0x80 ./Drivers/STM32F7xx_HAL_Driver/Src/stm32f7xx_hal_i2c.o
 .text.I2C_WaitOnSTOPFlagUntilTimeout
                0x0000000008002410       0x78 ./Drivers/STM32F7xx_HAL_Driver/Src/stm32f7xx_hal_i2c.o
 .text.I2C_IsErrorOccurred
                0x0000000008002488      0x1c0 ./Drivers/STM32F7xx_HAL_Driver/Src/stm32f7xx_hal_i2c.o
 .text.I2C_TransferConfig
                0x0000000008002648       0x64 ./Drivers/STM32F7xx_HAL_Driver/Src/stm32f7xx_hal_i2c.o
 .text.HAL_I2CEx_ConfigAnalogFilter
                0x00000000080026ac       0x96 ./Drivers/STM32F7xx_HAL_Driver/Src/stm32f7xx_hal_i2c_ex.o
                0x00000000080026ac                HAL_I2CEx_ConfigAnalogFilter
 .text.HAL_I2CEx_ConfigDigitalFilter
                0x0000000008002742       0x98 ./Drivers/STM32F7xx_HAL_Driver/Src/stm32f7xx_hal_i2c_ex.o
                0x0000000008002742                HAL_I2CEx_ConfigDigitalFilter
 .text.HAL_PCD_Init
                0x00000000080027da      0x248 ./Drivers/STM32F7xx_HAL_Driver/Src/stm32f7xx_hal_pcd.o
                0x00000000080027da                HAL_PCD_Init
 *fill*         0x0000000008002a22        0x2 
 .text.HAL_PCDEx_ActivateLPM
                0x0000000008002a24       0x48 ./Drivers/STM32F7xx_HAL_Driver/Src/stm32f7xx_hal_pcd_ex.o
                0x0000000008002a24                HAL_PCDEx_ActivateLPM
 .text.HAL_PWR_EnableBkUpAccess
                0x0000000008002a6c       0x20 ./Drivers/STM32F7xx_HAL_Driver/Src/stm32f7xx_hal_pwr.o
                0x0000000008002a6c                HAL_PWR_EnableBkUpAccess
 .text.HAL_PWREx_EnableOverDrive
                0x0000000008002a8c       0xa0 ./Drivers/STM32F7xx_HAL_Driver/Src/stm32f7xx_hal_pwr_ex.o
                0x0000000008002a8c                HAL_PWREx_EnableOverDrive
 .text.HAL_RCC_OscConfig
                0x0000000008002b2c      0x55c ./Drivers/STM32F7xx_HAL_Driver/Src/stm32f7xx_hal_rcc.o
                0x0000000008002b2c                HAL_RCC_OscConfig
 .text.HAL_RCC_ClockConfig
                0x0000000008003088      0x1d8 ./Drivers/STM32F7xx_HAL_Driver/Src/stm32f7xx_hal_rcc.o
                0x0000000008003088                HAL_RCC_ClockConfig
 .text.HAL_RCC_GetSysClockFreq
                0x0000000008003260      0x20c ./Drivers/STM32F7xx_HAL_Driver/Src/stm32f7xx_hal_rcc.o
                0x0000000008003260                HAL_RCC_GetSysClockFreq
 .text.HAL_RCC_GetHCLKFreq
                0x000000000800346c       0x18 ./Drivers/STM32F7xx_HAL_Driver/Src/stm32f7xx_hal_rcc.o
                0x000000000800346c                HAL_RCC_GetHCLKFreq
 .text.HAL_RCC_GetPCLK1Freq
                0x0000000008003484       0x28 ./Drivers/STM32F7xx_HAL_Driver/Src/stm32f7xx_hal_rcc.o
                0x0000000008003484                HAL_RCC_GetPCLK1Freq
 .text.HAL_RCC_GetPCLK2Freq
                0x00000000080034ac       0x28 ./Drivers/STM32F7xx_HAL_Driver/Src/stm32f7xx_hal_rcc.o
                0x00000000080034ac                HAL_RCC_GetPCLK2Freq
 .text.HAL_RCCEx_PeriphCLKConfig
                0x00000000080034d4      0x850 ./Drivers/STM32F7xx_HAL_Driver/Src/stm32f7xx_hal_rcc_ex.o
                0x00000000080034d4                HAL_RCCEx_PeriphCLKConfig
 .text.HAL_UART_Init
                0x0000000008003d24       0x9c ./Drivers/STM32F7xx_HAL_Driver/Src/stm32f7xx_hal_uart.o
                0x0000000008003d24                HAL_UART_Init
 .text.HAL_UART_Transmit
                0x0000000008003dc0      0x106 ./Drivers/STM32F7xx_HAL_Driver/Src/stm32f7xx_hal_uart.o
                0x0000000008003dc0                HAL_UART_Transmit
 *fill*         0x0000000008003ec6        0x2 
 .text.UART_SetConfig
                0x0000000008003ec8      0x4c8 ./Drivers/STM32F7xx_HAL_Driver/Src/stm32f7xx_hal_uart.o
                0x0000000008003ec8                UART_SetConfig
 .text.UART_AdvFeatureConfig
                0x0000000008004390      0x144 ./Drivers/STM32F7xx_HAL_Driver/Src/stm32f7xx_hal_uart.o
                0x0000000008004390                UART_AdvFeatureConfig
 .text.UART_CheckIdleState
                0x00000000080044d4       0x9a ./Drivers/STM32F7xx_HAL_Driver/Src/stm32f7xx_hal_uart.o
                0x00000000080044d4                UART_CheckIdleState
 .text.UART_WaitOnFlagUntilTimeout
                0x000000000800456e      0x18c ./Drivers/STM32F7xx_HAL_Driver/Src/stm32f7xx_hal_uart.o
                0x000000000800456e                UART_WaitOnFlagUntilTimeout
 *fill*         0x00000000080046fa        0x2 
 .text.USB_CoreInit
                0x00000000080046fc       0xb0 ./Drivers/STM32F7xx_HAL_Driver/Src/stm32f7xx_ll_usb.o
                0x00000000080046fc                USB_CoreInit
 .text.USB_DisableGlobalInt
                0x00000000080047ac       0x22 ./Drivers/STM32F7xx_HAL_Driver/Src/stm32f7xx_ll_usb.o
                0x00000000080047ac                USB_DisableGlobalInt
 .text.USB_SetCurrentMode
                0x00000000080047ce       0x98 ./Drivers/STM32F7xx_HAL_Driver/Src/stm32f7xx_ll_usb.o
                0x00000000080047ce                USB_SetCurrentMode
 *fill*         0x0000000008004866        0x2 
 .text.USB_DevInit
                0x0000000008004868      0x2bc ./Drivers/STM32F7xx_HAL_Driver/Src/stm32f7xx_ll_usb.o
                0x0000000008004868                USB_DevInit
 .text.USB_FlushTxFifo
                0x0000000008004b24       0x68 ./Drivers/STM32F7xx_HAL_Driver/Src/stm32f7xx_ll_usb.o
                0x0000000008004b24                USB_FlushTxFifo
 .text.USB_FlushRxFifo
                0x0000000008004b8c       0x60 ./Drivers/STM32F7xx_HAL_Driver/Src/stm32f7xx_ll_usb.o
                0x0000000008004b8c                USB_FlushRxFifo
 .text.USB_SetDevSpeed
                0x0000000008004bec       0x32 ./Drivers/STM32F7xx_HAL_Driver/Src/stm32f7xx_ll_usb.o
                0x0000000008004bec                USB_SetDevSpeed
 .text.USB_DevDisconnect
                0x0000000008004c1e       0x42 ./Drivers/STM32F7xx_HAL_Driver/Src/stm32f7xx_ll_usb.o
                0x0000000008004c1e                USB_DevDisconnect
 .text.USB_GetMode
                0x0000000008004c60       0x1c ./Drivers/STM32F7xx_HAL_Driver/Src/stm32f7xx_ll_usb.o
                0x0000000008004c60                USB_GetMode
 .text.USB_CoreReset
                0x0000000008004c7c       0x68 ./Drivers/STM32F7xx_HAL_Driver/Src/stm32f7xx_ll_usb.o
 .text.__libc_init_array
                0x0000000008004ce4       0x48 c:/st/stm32cubeide_1.12.1/stm32cubeide/plugins/com.st.stm32cube.ide.mcu.externaltools.gnu-tools-for-stm32.10.3-2021.10.win32_1.0.200.202301161003/tools/bin/../lib/gcc/arm-none-eabi/10.3.1/../../../../arm-none-eabi/lib/thumb/v7e-m+dp/hard\libc_nano.a(lib_a-init.o)
                0x0000000008004ce4                __libc_init_array
 .text.memset   0x0000000008004d2c       0x10 c:/st/stm32cubeide_1.12.1/stm32cubeide/plugins/com.st.stm32cube.ide.mcu.externaltools.gnu-tools-for-stm32.10.3-2021.10.win32_1.0.200.202301161003/tools/bin/../lib/gcc/arm-none-eabi/10.3.1/../../../../arm-none-eabi/lib/thumb/v7e-m+dp/hard\libc_nano.a(lib_a-memset.o)
                0x0000000008004d2c                memset
 *(.glue_7)
 .glue_7        0x0000000008004d3c        0x0 linker stubs
 *(.glue_7t)
 .glue_7t       0x0000000008004d3c        0x0 linker stubs
 *(.eh_frame)
 .eh_frame      0x0000000008004d3c        0x0 c:/st/stm32cubeide_1.12.1/stm32cubeide/plugins/com.st.stm32cube.ide.mcu.externaltools.gnu-tools-for-stm32.10.3-2021.10.win32_1.0.200.202301161003/tools/bin/../lib/gcc/arm-none-eabi/10.3.1/thumb/v7e-m+dp/hard/crtbegin.o
 *(.init)
 .init          0x0000000008004d3c        0x4 c:/st/stm32cubeide_1.12.1/stm32cubeide/plugins/com.st.stm32cube.ide.mcu.externaltools.gnu-tools-for-stm32.10.3-2021.10.win32_1.0.200.202301161003/tools/bin/../lib/gcc/arm-none-eabi/10.3.1/thumb/v7e-m+dp/hard/crti.o
                0x0000000008004d3c                _init
 .init          0x0000000008004d40        0x8 c:/st/stm32cubeide_1.12.1/stm32cubeide/plugins/com.st.stm32cube.ide.mcu.externaltools.gnu-tools-for-stm32.10.3-2021.10.win32_1.0.200.202301161003/tools/bin/../lib/gcc/arm-none-eabi/10.3.1/thumb/v7e-m+dp/hard/crtn.o
 *(.fini)
 .fini          0x0000000008004d48        0x4 c:/st/stm32cubeide_1.12.1/stm32cubeide/plugins/com.st.stm32cube.ide.mcu.externaltools.gnu-tools-for-stm32.10.3-2021.10.win32_1.0.200.202301161003/tools/bin/../lib/gcc/arm-none-eabi/10.3.1/thumb/v7e-m+dp/hard/crti.o
                0x0000000008004d48                _fini
 .fini          0x0000000008004d4c        0x8 c:/st/stm32cubeide_1.12.1/stm32cubeide/plugins/com.st.stm32cube.ide.mcu.externaltools.gnu-tools-for-stm32.10.3-2021.10.win32_1.0.200.202301161003/tools/bin/../lib/gcc/arm-none-eabi/10.3.1/thumb/v7e-m+dp/hard/crtn.o
                0x0000000008004d54                . = ALIGN (0x4)
                0x0000000008004d54                _etext = .

.vfp11_veneer   0x0000000008004d54        0x0
 .vfp11_veneer  0x0000000008004d54        0x0 linker stubs

.v4_bx          0x0000000008004d54        0x0
 .v4_bx         0x0000000008004d54        0x0 linker stubs

.iplt           0x0000000008004d54        0x0
 .iplt          0x0000000008004d54        0x0 c:/st/stm32cubeide_1.12.1/stm32cubeide/plugins/com.st.stm32cube.ide.mcu.externaltools.gnu-tools-for-stm32.10.3-2021.10.win32_1.0.200.202301161003/tools/bin/../lib/gcc/arm-none-eabi/10.3.1/thumb/v7e-m+dp/hard/crtbegin.o

.rodata         0x0000000008004d54       0x58
                0x0000000008004d54                . = ALIGN (0x4)
 *(.rodata)
 .rodata        0x0000000008004d54       0x3f ./Core/Src/main.o
 *(.rodata*)
 *fill*         0x0000000008004d93        0x1 
 .rodata.AHBPrescTable
                0x0000000008004d94       0x10 ./Core/Src/system_stm32f7xx.o
                0x0000000008004d94                AHBPrescTable
 .rodata.APBPrescTable
                0x0000000008004da4        0x8 ./Core/Src/system_stm32f7xx.o
                0x0000000008004da4                APBPrescTable
                0x0000000008004dac                . = ALIGN (0x4)

.ARM.extab      0x0000000008004dac        0x0
                0x0000000008004dac                . = ALIGN (0x4)
 *(.ARM.extab* .gnu.linkonce.armextab.*)
                0x0000000008004dac                . = ALIGN (0x4)

.ARM            0x0000000008004dac        0x8
                0x0000000008004dac                . = ALIGN (0x4)
                0x0000000008004dac                __exidx_start = .
 *(.ARM.exidx*)
 .ARM.exidx     0x0000000008004dac        0x8 c:/st/stm32cubeide_1.12.1/stm32cubeide/plugins/com.st.stm32cube.ide.mcu.externaltools.gnu-tools-for-stm32.10.3-2021.10.win32_1.0.200.202301161003/tools/bin/../lib/gcc/arm-none-eabi/10.3.1/thumb/v7e-m+dp/hard\libgcc.a(_udivmoddi4.o)
                0x0000000008004db4                __exidx_end = .
                0x0000000008004db4                . = ALIGN (0x4)

.rel.dyn        0x0000000008004db4        0x0
 .rel.iplt      0x0000000008004db4        0x0 c:/st/stm32cubeide_1.12.1/stm32cubeide/plugins/com.st.stm32cube.ide.mcu.externaltools.gnu-tools-for-stm32.10.3-2021.10.win32_1.0.200.202301161003/tools/bin/../lib/gcc/arm-none-eabi/10.3.1/thumb/v7e-m+dp/hard/crtbegin.o

.preinit_array  0x0000000008004db4        0x0
                0x0000000008004db4                . = ALIGN (0x4)
                0x0000000008004db4                PROVIDE (__preinit_array_start = .)
 *(.preinit_array*)
                0x0000000008004db4                PROVIDE (__preinit_array_end = .)
                0x0000000008004db4                . = ALIGN (0x4)

.init_array     0x0000000008004db4        0x4
                0x0000000008004db4                . = ALIGN (0x4)
                0x0000000008004db4                PROVIDE (__init_array_start = .)
 *(SORT_BY_NAME(.init_array.*))
 *(.init_array*)
 .init_array    0x0000000008004db4        0x4 c:/st/stm32cubeide_1.12.1/stm32cubeide/plugins/com.st.stm32cube.ide.mcu.externaltools.gnu-tools-for-stm32.10.3-2021.10.win32_1.0.200.202301161003/tools/bin/../lib/gcc/arm-none-eabi/10.3.1/thumb/v7e-m+dp/hard/crtbegin.o
                0x0000000008004db8                PROVIDE (__init_array_end = .)
                0x0000000008004db8                . = ALIGN (0x4)

.fini_array     0x0000000008004db8        0x4
                0x0000000008004db8                . = ALIGN (0x4)
                [!provide]                        PROVIDE (__fini_array_start = .)
 *(SORT_BY_NAME(.fini_array.*))
 *(.fini_array*)
 .fini_array    0x0000000008004db8        0x4 c:/st/stm32cubeide_1.12.1/stm32cubeide/plugins/com.st.stm32cube.ide.mcu.externaltools.gnu-tools-for-stm32.10.3-2021.10.win32_1.0.200.202301161003/tools/bin/../lib/gcc/arm-none-eabi/10.3.1/thumb/v7e-m+dp/hard/crtbegin.o
                [!provide]                        PROVIDE (__fini_array_end = .)
                0x0000000008004dbc                . = ALIGN (0x4)
                0x0000000008004dbc                _sidata = LOADADDR (.data)

.data           0x0000000020000000        0xc load address 0x0000000008004dbc
                0x0000000020000000                . = ALIGN (0x4)
                0x0000000020000000                _sdata = .
 *(.data)
 *(.data*)
 .data.SystemCoreClock
                0x0000000020000000        0x4 ./Core/Src/system_stm32f7xx.o
                0x0000000020000000                SystemCoreClock
 .data.uwTickPrio
                0x0000000020000004        0x4 ./Drivers/STM32F7xx_HAL_Driver/Src/stm32f7xx_hal.o
                0x0000000020000004                uwTickPrio
 .data.uwTickFreq
                0x0000000020000008        0x1 ./Drivers/STM32F7xx_HAL_Driver/Src/stm32f7xx_hal.o
                0x0000000020000008                uwTickFreq
 *(.RamFunc)
 *(.RamFunc*)
                0x000000002000000c                . = ALIGN (0x4)
 *fill*         0x0000000020000009        0x3 
                0x000000002000000c                _edata = .

.igot.plt       0x000000002000000c        0x0 load address 0x0000000008004dc8
 .igot.plt      0x000000002000000c        0x0 c:/st/stm32cubeide_1.12.1/stm32cubeide/plugins/com.st.stm32cube.ide.mcu.externaltools.gnu-tools-for-stm32.10.3-2021.10.win32_1.0.200.202301161003/tools/bin/../lib/gcc/arm-none-eabi/10.3.1/thumb/v7e-m+dp/hard/crtbegin.o

.RxDecripSection
                0x000000002000000c       0xa0 load address 0x0000000008004dc8
 .RxDecripSection
                0x000000002000000c       0xa0 ./Core/Src/eth.o
                0x000000002000000c                DMARxDscrTab

.TxDecripSection
                0x00000000200000ac       0xa0 load address 0x0000000008004e68
 .TxDecripSection
                0x00000000200000ac       0xa0 ./Core/Src/eth.o
                0x00000000200000ac                DMATxDscrTab
                0x000000002000014c                . = ALIGN (0x4)

.bss            0x000000002000014c      0x6f4 load address 0x0000000008004f08
                0x000000002000014c                _sbss = .
                0x000000002000014c                __bss_start__ = _sbss
 *(.bss)
 .bss           0x000000002000014c       0x1c c:/st/stm32cubeide_1.12.1/stm32cubeide/plugins/com.st.stm32cube.ide.mcu.externaltools.gnu-tools-for-stm32.10.3-2021.10.win32_1.0.200.202301161003/tools/bin/../lib/gcc/arm-none-eabi/10.3.1/thumb/v7e-m+dp/hard/crtbegin.o
 *(.bss*)
 .bss.TxConfig  0x0000000020000168       0x38 ./Core/Src/eth.o
                0x0000000020000168                TxConfig
 .bss.heth      0x00000000200001a0       0xb0 ./Core/Src/eth.o
                0x00000000200001a0                heth
 .bss.MACAddr.0
                0x0000000020000250        0x6 ./Core/Src/eth.o
 *fill*         0x0000000020000256        0x2 
 .bss.hi2c1     0x0000000020000258       0x54 ./Core/Src/i2c.o
                0x0000000020000258                hi2c1
 .bss.huart3    0x00000000200002ac       0x88 ./Core/Src/usart.o
                0x00000000200002ac                huart3
 .bss.hpcd_USB_OTG_FS
                0x0000000020000334      0x508 ./Core/Src/usb_otg.o
                0x0000000020000334                hpcd_USB_OTG_FS
 .bss.uwTick    0x000000002000083c        0x4 ./Drivers/STM32F7xx_HAL_Driver/Src/stm32f7xx_hal.o
                0x000000002000083c                uwTick
 *(COMMON)
                0x0000000020000840                . = ALIGN (0x4)
                0x0000000020000840                _ebss = .
                0x0000000020000840                __bss_end__ = _ebss

._user_heap_stack
                0x0000000020000840      0x600 load address 0x0000000008004f08
                0x0000000020000840                . = ALIGN (0x8)
                [!provide]                        PROVIDE (end = .)
                0x0000000020000840                PROVIDE (_end = .)
                0x0000000020000a40                . = (. + _Min_Heap_Size)
 *fill*         0x0000000020000840      0x200 
                0x0000000020000e40                . = (. + _Min_Stack_Size)
 *fill*         0x0000000020000a40      0x400 
                0x0000000020000e40                . = ALIGN (0x8)

/DISCARD/
 libc.a(*)
 libm.a(*)
 libgcc.a(*)

.ARM.attributes
                0x0000000000000000       0x2e
 *(.ARM.attributes)
 .ARM.attributes
                0x0000000000000000       0x1e c:/st/stm32cubeide_1.12.1/stm32cubeide/plugins/com.st.stm32cube.ide.mcu.externaltools.gnu-tools-for-stm32.10.3-2021.10.win32_1.0.200.202301161003/tools/bin/../lib/gcc/arm-none-eabi/10.3.1/thumb/v7e-m+dp/hard/crti.o
 .ARM.attributes
                0x000000000000001e       0x32 c:/st/stm32cubeide_1.12.1/stm32cubeide/plugins/com.st.stm32cube.ide.mcu.externaltools.gnu-tools-for-stm32.10.3-2021.10.win32_1.0.200.202301161003/tools/bin/../lib/gcc/arm-none-eabi/10.3.1/thumb/v7e-m+dp/hard/crtbegin.o
 .ARM.attributes
                0x0000000000000050       0x32 ./Core/Src/eth.o
 .ARM.attributes
                0x0000000000000082       0x32 ./Core/Src/gpio.o
 .ARM.attributes
                0x00000000000000b4       0x32 ./Core/Src/i2c.o
 .ARM.attributes
                0x00000000000000e6       0x32 ./Core/Src/main.o
 .ARM.attributes
                0x0000000000000118       0x32 ./Core/Src/stm32f7xx_hal_msp.o
 .ARM.attributes
                0x000000000000014a       0x32 ./Core/Src/stm32f7xx_it.o
 .ARM.attributes
                0x000000000000017c       0x32 ./Core/Src/system_stm32f7xx.o
 .ARM.attributes
                0x00000000000001ae       0x32 ./Core/Src/usart.o
 .ARM.attributes
                0x00000000000001e0       0x32 ./Core/Src/usb_otg.o
 .ARM.attributes
                0x0000000000000212       0x21 ./Core/Startup/startup_stm32f767zitx.o
 .ARM.attributes
                0x0000000000000233       0x32 ./Drivers/MPU6050-master/Src/mpu6050.o
 .ARM.attributes
                0x0000000000000265       0x32 ./Drivers/STM32F7xx_HAL_Driver/Src/stm32f7xx_hal.o
 .ARM.attributes
                0x0000000000000297       0x32 ./Drivers/STM32F7xx_HAL_Driver/Src/stm32f7xx_hal_cortex.o
 .ARM.attributes
                0x00000000000002c9       0x32 ./Drivers/STM32F7xx_HAL_Driver/Src/stm32f7xx_hal_eth.o
 .ARM.attributes
                0x00000000000002fb       0x32 ./Drivers/STM32F7xx_HAL_Driver/Src/stm32f7xx_hal_gpio.o
 .ARM.attributes
                0x000000000000032d       0x32 ./Drivers/STM32F7xx_HAL_Driver/Src/stm32f7xx_hal_i2c.o
 .ARM.attributes
                0x000000000000035f       0x32 ./Drivers/STM32F7xx_HAL_Driver/Src/stm32f7xx_hal_i2c_ex.o
 .ARM.attributes
                0x0000000000000391       0x32 ./Drivers/STM32F7xx_HAL_Driver/Src/stm32f7xx_hal_pcd.o
 .ARM.attributes
                0x00000000000003c3       0x32 ./Drivers/STM32F7xx_HAL_Driver/Src/stm32f7xx_hal_pcd_ex.o
 .ARM.attributes
                0x00000000000003f5       0x32 ./Drivers/STM32F7xx_HAL_Driver/Src/stm32f7xx_hal_pwr.o
 .ARM.attributes
                0x0000000000000427       0x32 ./Drivers/STM32F7xx_HAL_Driver/Src/stm32f7xx_hal_pwr_ex.o
 .ARM.attributes
                0x0000000000000459       0x32 ./Drivers/STM32F7xx_HAL_Driver/Src/stm32f7xx_hal_rcc.o
 .ARM.attributes
                0x000000000000048b       0x32 ./Drivers/STM32F7xx_HAL_Driver/Src/stm32f7xx_hal_rcc_ex.o
 .ARM.attributes
                0x00000000000004bd       0x32 ./Drivers/STM32F7xx_HAL_Driver/Src/stm32f7xx_hal_uart.o
 .ARM.attributes
                0x00000000000004ef       0x32 ./Drivers/STM32F7xx_HAL_Driver/Src/stm32f7xx_ll_usb.o
 .ARM.attributes
                0x0000000000000521       0x32 c:/st/stm32cubeide_1.12.1/stm32cubeide/plugins/com.st.stm32cube.ide.mcu.externaltools.gnu-tools-for-stm32.10.3-2021.10.win32_1.0.200.202301161003/tools/bin/../lib/gcc/arm-none-eabi/10.3.1/../../../../arm-none-eabi/lib/thumb/v7e-m+dp/hard\libc_nano.a(lib_a-init.o)
 .ARM.attributes
                0x0000000000000553       0x32 c:/st/stm32cubeide_1.12.1/stm32cubeide/plugins/com.st.stm32cube.ide.mcu.externaltools.gnu-tools-for-stm32.10.3-2021.10.win32_1.0.200.202301161003/tools/bin/../lib/gcc/arm-none-eabi/10.3.1/../../../../arm-none-eabi/lib/thumb/v7e-m+dp/hard\libc_nano.a(lib_a-memset.o)
 .ARM.attributes
                0x0000000000000585       0x1e c:/st/stm32cubeide_1.12.1/stm32cubeide/plugins/com.st.stm32cube.ide.mcu.externaltools.gnu-tools-for-stm32.10.3-2021.10.win32_1.0.200.202301161003/tools/bin/../lib/gcc/arm-none-eabi/10.3.1/thumb/v7e-m+dp/hard\libgcc.a(_aeabi_uldivmod.o)
 .ARM.attributes
                0x00000000000005a3       0x32 c:/st/stm32cubeide_1.12.1/stm32cubeide/plugins/com.st.stm32cube.ide.mcu.externaltools.gnu-tools-for-stm32.10.3-2021.10.win32_1.0.200.202301161003/tools/bin/../lib/gcc/arm-none-eabi/10.3.1/thumb/v7e-m+dp/hard\libgcc.a(_udivmoddi4.o)
 .ARM.attributes
                0x00000000000005d5       0x1e c:/st/stm32cubeide_1.12.1/stm32cubeide/plugins/com.st.stm32cube.ide.mcu.externaltools.gnu-tools-for-stm32.10.3-2021.10.win32_1.0.200.202301161003/tools/bin/../lib/gcc/arm-none-eabi/10.3.1/thumb/v7e-m+dp/hard\libgcc.a(_dvmd_tls.o)
 .ARM.attributes
                0x00000000000005f3       0x1e c:/st/stm32cubeide_1.12.1/stm32cubeide/plugins/com.st.stm32cube.ide.mcu.externaltools.gnu-tools-for-stm32.10.3-2021.10.win32_1.0.200.202301161003/tools/bin/../lib/gcc/arm-none-eabi/10.3.1/thumb/v7e-m+dp/hard/crtn.o
OUTPUT(Speed Control.elf elf32-littlearm)
LOAD linker stubs
LOAD c:/st/stm32cubeide_1.12.1/stm32cubeide/plugins/com.st.stm32cube.ide.mcu.externaltools.gnu-tools-for-stm32.10.3-2021.10.win32_1.0.200.202301161003/tools/bin/../lib/gcc/arm-none-eabi/10.3.1/../../../../arm-none-eabi/lib/thumb/v7e-m+dp/hard\libc.a
LOAD c:/st/stm32cubeide_1.12.1/stm32cubeide/plugins/com.st.stm32cube.ide.mcu.externaltools.gnu-tools-for-stm32.10.3-2021.10.win32_1.0.200.202301161003/tools/bin/../lib/gcc/arm-none-eabi/10.3.1/../../../../arm-none-eabi/lib/thumb/v7e-m+dp/hard\libm.a
LOAD c:/st/stm32cubeide_1.12.1/stm32cubeide/plugins/com.st.stm32cube.ide.mcu.externaltools.gnu-tools-for-stm32.10.3-2021.10.win32_1.0.200.202301161003/tools/bin/../lib/gcc/arm-none-eabi/10.3.1/thumb/v7e-m+dp/hard\libgcc.a

.debug_info     0x0000000000000000    0x16fab
 .debug_info    0x0000000000000000     0x1010 ./Core/Src/eth.o
 .debug_info    0x0000000000001010      0x4d5 ./Core/Src/gpio.o
 .debug_info    0x00000000000014e5      0xd14 ./Core/Src/i2c.o
 .debug_info    0x00000000000021f9      0xffe ./Core/Src/main.o
 .debug_info    0x00000000000031f7      0x2d2 ./Core/Src/stm32f7xx_hal_msp.o
 .debug_info    0x00000000000034c9      0x121 ./Core/Src/stm32f7xx_it.o
 .debug_info    0x00000000000035ea      0x72c ./Core/Src/system_stm32f7xx.o
 .debug_info    0x0000000000003d16      0xd34 ./Core/Src/usart.o
 .debug_info    0x0000000000004a4a      0xc8f ./Core/Src/usb_otg.o
 .debug_info    0x00000000000056d9       0x22 ./Core/Startup/startup_stm32f767zitx.o
 .debug_info    0x00000000000056fb      0xbb3 ./Drivers/MPU6050-master/Src/mpu6050.o
 .debug_info    0x00000000000062ae      0xa82 ./Drivers/STM32F7xx_HAL_Driver/Src/stm32f7xx_hal.o
 .debug_info    0x0000000000006d30     0x109c ./Drivers/STM32F7xx_HAL_Driver/Src/stm32f7xx_hal_cortex.o
 .debug_info    0x0000000000007dcc     0x2266 ./Drivers/STM32F7xx_HAL_Driver/Src/stm32f7xx_hal_eth.o
 .debug_info    0x000000000000a032      0x7a2 ./Drivers/STM32F7xx_HAL_Driver/Src/stm32f7xx_hal_gpio.o
 .debug_info    0x000000000000a7d4     0x22d3 ./Drivers/STM32F7xx_HAL_Driver/Src/stm32f7xx_hal_i2c.o
 .debug_info    0x000000000000caa7      0x9e2 ./Drivers/STM32F7xx_HAL_Driver/Src/stm32f7xx_hal_i2c_ex.o
 .debug_info    0x000000000000d489     0x16c1 ./Drivers/STM32F7xx_HAL_Driver/Src/stm32f7xx_hal_pcd.o
 .debug_info    0x000000000000eb4a      0x7df ./Drivers/STM32F7xx_HAL_Driver/Src/stm32f7xx_hal_pcd_ex.o
 .debug_info    0x000000000000f329      0x978 ./Drivers/STM32F7xx_HAL_Driver/Src/stm32f7xx_hal_pwr.o
 .debug_info    0x000000000000fca1      0x92e ./Drivers/STM32F7xx_HAL_Driver/Src/stm32f7xx_hal_pwr_ex.o
 .debug_info    0x00000000000105cf      0x9f8 ./Drivers/STM32F7xx_HAL_Driver/Src/stm32f7xx_hal_rcc.o
 .debug_info    0x0000000000010fc7      0x78b ./Drivers/STM32F7xx_HAL_Driver/Src/stm32f7xx_hal_rcc_ex.o
 .debug_info    0x0000000000011752     0x3cf4 ./Drivers/STM32F7xx_HAL_Driver/Src/stm32f7xx_hal_uart.o
 .debug_info    0x0000000000015446     0x1b65 ./Drivers/STM32F7xx_HAL_Driver/Src/stm32f7xx_ll_usb.o

.debug_abbrev   0x0000000000000000     0x2feb
 .debug_abbrev  0x0000000000000000      0x23c ./Core/Src/eth.o
 .debug_abbrev  0x000000000000023c      0x146 ./Core/Src/gpio.o
 .debug_abbrev  0x0000000000000382      0x202 ./Core/Src/i2c.o
 .debug_abbrev  0x0000000000000584      0x251 ./Core/Src/main.o
 .debug_abbrev  0x00000000000007d5       0xd4 ./Core/Src/stm32f7xx_hal_msp.o
 .debug_abbrev  0x00000000000008a9       0x74 ./Core/Src/stm32f7xx_it.o
 .debug_abbrev  0x000000000000091d      0x136 ./Core/Src/system_stm32f7xx.o
 .debug_abbrev  0x0000000000000a53      0x1e7 ./Core/Src/usart.o
 .debug_abbrev  0x0000000000000c3a      0x21d ./Core/Src/usb_otg.o
 .debug_abbrev  0x0000000000000e57       0x12 ./Core/Startup/startup_stm32f767zitx.o
 .debug_abbrev  0x0000000000000e69      0x215 ./Drivers/MPU6050-master/Src/mpu6050.o
 .debug_abbrev  0x000000000000107e      0x20d ./Drivers/STM32F7xx_HAL_Driver/Src/stm32f7xx_hal.o
 .debug_abbrev  0x000000000000128b      0x316 ./Drivers/STM32F7xx_HAL_Driver/Src/stm32f7xx_hal_cortex.o
 .debug_abbrev  0x00000000000015a1      0x2d3 ./Drivers/STM32F7xx_HAL_Driver/Src/stm32f7xx_hal_eth.o
 .debug_abbrev  0x0000000000001874      0x1c4 ./Drivers/STM32F7xx_HAL_Driver/Src/stm32f7xx_hal_gpio.o
 .debug_abbrev  0x0000000000001a38      0x243 ./Drivers/STM32F7xx_HAL_Driver/Src/stm32f7xx_hal_i2c.o
 .debug_abbrev  0x0000000000001c7b      0x18e ./Drivers/STM32F7xx_HAL_Driver/Src/stm32f7xx_hal_i2c_ex.o
 .debug_abbrev  0x0000000000001e09      0x2d2 ./Drivers/STM32F7xx_HAL_Driver/Src/stm32f7xx_hal_pcd.o
 .debug_abbrev  0x00000000000020db      0x1bd ./Drivers/STM32F7xx_HAL_Driver/Src/stm32f7xx_hal_pcd_ex.o
 .debug_abbrev  0x0000000000002298      0x1b8 ./Drivers/STM32F7xx_HAL_Driver/Src/stm32f7xx_hal_pwr.o
 .debug_abbrev  0x0000000000002450      0x1cb ./Drivers/STM32F7xx_HAL_Driver/Src/stm32f7xx_hal_pwr_ex.o
 .debug_abbrev  0x000000000000261b      0x2d1 ./Drivers/STM32F7xx_HAL_Driver/Src/stm32f7xx_hal_rcc.o
 .debug_abbrev  0x00000000000028ec      0x1b9 ./Drivers/STM32F7xx_HAL_Driver/Src/stm32f7xx_hal_rcc_ex.o
 .debug_abbrev  0x0000000000002aa5      0x2ce ./Drivers/STM32F7xx_HAL_Driver/Src/stm32f7xx_hal_uart.o
 .debug_abbrev  0x0000000000002d73      0x278 ./Drivers/STM32F7xx_HAL_Driver/Src/stm32f7xx_ll_usb.o

.debug_aranges  0x0000000000000000     0x10c0
 .debug_aranges
                0x0000000000000000       0x30 ./Core/Src/eth.o
 .debug_aranges
                0x0000000000000030       0x20 ./Core/Src/gpio.o
 .debug_aranges
                0x0000000000000050       0x30 ./Core/Src/i2c.o
 .debug_aranges
                0x0000000000000080       0x30 ./Core/Src/main.o
 .debug_aranges
                0x00000000000000b0       0x20 ./Core/Src/stm32f7xx_hal_msp.o
 .debug_aranges
                0x00000000000000d0       0x60 ./Core/Src/stm32f7xx_it.o
 .debug_aranges
                0x0000000000000130       0x28 ./Core/Src/system_stm32f7xx.o
 .debug_aranges
                0x0000000000000158       0x30 ./Core/Src/usart.o
 .debug_aranges
                0x0000000000000188       0x30 ./Core/Src/usb_otg.o
 .debug_aranges
                0x00000000000001b8       0x28 ./Core/Startup/startup_stm32f767zitx.o
 .debug_aranges
                0x00000000000001e0       0x48 ./Drivers/MPU6050-master/Src/mpu6050.o
 .debug_aranges
                0x0000000000000228      0x110 ./Drivers/STM32F7xx_HAL_Driver/Src/stm32f7xx_hal.o
 .debug_aranges
                0x0000000000000338      0x118 ./Drivers/STM32F7xx_HAL_Driver/Src/stm32f7xx_hal_cortex.o
 .debug_aranges
                0x0000000000000450      0x1e0 ./Drivers/STM32F7xx_HAL_Driver/Src/stm32f7xx_hal_eth.o
 .debug_aranges
                0x0000000000000630       0x58 ./Drivers/STM32F7xx_HAL_Driver/Src/stm32f7xx_hal_gpio.o
 .debug_aranges
                0x0000000000000688      0x2a0 ./Drivers/STM32F7xx_HAL_Driver/Src/stm32f7xx_hal_i2c.o
 .debug_aranges
                0x0000000000000928       0x38 ./Drivers/STM32F7xx_HAL_Driver/Src/stm32f7xx_hal_i2c_ex.o
 .debug_aranges
                0x0000000000000960      0x148 ./Drivers/STM32F7xx_HAL_Driver/Src/stm32f7xx_hal_pcd.o
 .debug_aranges
                0x0000000000000aa8       0x48 ./Drivers/STM32F7xx_HAL_Driver/Src/stm32f7xx_hal_pcd_ex.o
 .debug_aranges
                0x0000000000000af0       0xa0 ./Drivers/STM32F7xx_HAL_Driver/Src/stm32f7xx_hal_pwr.o
 .debug_aranges
                0x0000000000000b90       0x80 ./Drivers/STM32F7xx_HAL_Driver/Src/stm32f7xx_hal_pwr_ex.o
 .debug_aranges
                0x0000000000000c10       0x88 ./Drivers/STM32F7xx_HAL_Driver/Src/stm32f7xx_hal_rcc.o
 .debug_aranges
                0x0000000000000c98       0x50 ./Drivers/STM32F7xx_HAL_Driver/Src/stm32f7xx_hal_rcc_ex.o
 .debug_aranges
                0x0000000000000ce8      0x230 ./Drivers/STM32F7xx_HAL_Driver/Src/stm32f7xx_hal_uart.o
 .debug_aranges
                0x0000000000000f18      0x1a8 ./Drivers/STM32F7xx_HAL_Driver/Src/stm32f7xx_ll_usb.o

.debug_ranges   0x0000000000000000      0xf68
 .debug_ranges  0x0000000000000000       0x20 ./Core/Src/eth.o
 .debug_ranges  0x0000000000000020       0x10 ./Core/Src/gpio.o
 .debug_ranges  0x0000000000000030       0x20 ./Core/Src/i2c.o
 .debug_ranges  0x0000000000000050       0x20 ./Core/Src/main.o
 .debug_ranges  0x0000000000000070       0x10 ./Core/Src/stm32f7xx_hal_msp.o
 .debug_ranges  0x0000000000000080       0x50 ./Core/Src/stm32f7xx_it.o
 .debug_ranges  0x00000000000000d0       0x18 ./Core/Src/system_stm32f7xx.o
 .debug_ranges  0x00000000000000e8       0x20 ./Core/Src/usart.o
 .debug_ranges  0x0000000000000108       0x20 ./Core/Src/usb_otg.o
 .debug_ranges  0x0000000000000128       0x20 ./Core/Startup/startup_stm32f767zitx.o
 .debug_ranges  0x0000000000000148       0x38 ./Drivers/MPU6050-master/Src/mpu6050.o
 .debug_ranges  0x0000000000000180      0x100 ./Drivers/STM32F7xx_HAL_Driver/Src/stm32f7xx_hal.o
 .debug_ranges  0x0000000000000280      0x108 ./Drivers/STM32F7xx_HAL_Driver/Src/stm32f7xx_hal_cortex.o
 .debug_ranges  0x0000000000000388      0x1d0 ./Drivers/STM32F7xx_HAL_Driver/Src/stm32f7xx_hal_eth.o
 .debug_ranges  0x0000000000000558       0x48 ./Drivers/STM32F7xx_HAL_Driver/Src/stm32f7xx_hal_gpio.o
 .debug_ranges  0x00000000000005a0      0x290 ./Drivers/STM32F7xx_HAL_Driver/Src/stm32f7xx_hal_i2c.o
 .debug_ranges  0x0000000000000830       0x28 ./Drivers/STM32F7xx_HAL_Driver/Src/stm32f7xx_hal_i2c_ex.o
 .debug_ranges  0x0000000000000858      0x138 ./Drivers/STM32F7xx_HAL_Driver/Src/stm32f7xx_hal_pcd.o
 .debug_ranges  0x0000000000000990       0x38 ./Drivers/STM32F7xx_HAL_Driver/Src/stm32f7xx_hal_pcd_ex.o
 .debug_ranges  0x00000000000009c8       0x90 ./Drivers/STM32F7xx_HAL_Driver/Src/stm32f7xx_hal_pwr.o
 .debug_ranges  0x0000000000000a58       0x70 ./Drivers/STM32F7xx_HAL_Driver/Src/stm32f7xx_hal_pwr_ex.o
 .debug_ranges  0x0000000000000ac8       0x78 ./Drivers/STM32F7xx_HAL_Driver/Src/stm32f7xx_hal_rcc.o
 .debug_ranges  0x0000000000000b40       0x40 ./Drivers/STM32F7xx_HAL_Driver/Src/stm32f7xx_hal_rcc_ex.o
 .debug_ranges  0x0000000000000b80      0x250 ./Drivers/STM32F7xx_HAL_Driver/Src/stm32f7xx_hal_uart.o
 .debug_ranges  0x0000000000000dd0      0x198 ./Drivers/STM32F7xx_HAL_Driver/Src/stm32f7xx_ll_usb.o

.debug_macro    0x0000000000000000    0x29f5e
 .debug_macro   0x0000000000000000      0x2e4 ./Core/Src/eth.o
 .debug_macro   0x00000000000002e4      0xa90 ./Core/Src/eth.o
 .debug_macro   0x0000000000000d74      0x299 ./Core/Src/eth.o
 .debug_macro   0x000000000000100d       0x2e ./Core/Src/eth.o
 .debug_macro   0x000000000000103b       0x3b ./Core/Src/eth.o
 .debug_macro   0x0000000000001076       0x22 ./Core/Src/eth.o
 .debug_macro   0x0000000000001098       0x8e ./Core/Src/eth.o
 .debug_macro   0x0000000000001126       0x51 ./Core/Src/eth.o
 .debug_macro   0x0000000000001177      0x103 ./Core/Src/eth.o
 .debug_macro   0x000000000000127a       0x6a ./Core/Src/eth.o
 .debug_macro   0x00000000000012e4      0x1df ./Core/Src/eth.o
 .debug_macro   0x00000000000014c3       0x1c ./Core/Src/eth.o
 .debug_macro   0x00000000000014df       0x22 ./Core/Src/eth.o
 .debug_macro   0x0000000000001501       0xd9 ./Core/Src/eth.o
 .debug_macro   0x00000000000015da     0x12cd ./Core/Src/eth.o
 .debug_macro   0x00000000000028a7      0x11f ./Core/Src/eth.o
 .debug_macro   0x00000000000029c6       0x19 ./Core/Src/eth.o
 .debug_macro   0x00000000000029df    0x1aa0d ./Core/Src/eth.o
 .debug_macro   0x000000000001d3ec       0x6d ./Core/Src/eth.o
 .debug_macro   0x000000000001d459     0x3749 ./Core/Src/eth.o
 .debug_macro   0x0000000000020ba2      0x174 ./Core/Src/eth.o
 .debug_macro   0x0000000000020d16       0x63 ./Core/Src/eth.o
 .debug_macro   0x0000000000020d79     0x1add ./Core/Src/eth.o
 .debug_macro   0x0000000000022856      0x6c4 ./Core/Src/eth.o
 .debug_macro   0x0000000000022f1a      0x18b ./Core/Src/eth.o
 .debug_macro   0x00000000000230a5      0x115 ./Core/Src/eth.o
 .debug_macro   0x00000000000231ba      0x26e ./Core/Src/eth.o
 .debug_macro   0x0000000000023428       0xa5 ./Core/Src/eth.o
 .debug_macro   0x00000000000234cd      0x24f ./Core/Src/eth.o
 .debug_macro   0x000000000002371c       0x71 ./Core/Src/eth.o
 .debug_macro   0x000000000002378d       0x58 ./Core/Src/eth.o
 .debug_macro   0x00000000000237e5      0x236 ./Core/Src/eth.o
 .debug_macro   0x0000000000023a1b      0xd44 ./Core/Src/eth.o
 .debug_macro   0x000000000002475f      0x14e ./Core/Src/eth.o
 .debug_macro   0x00000000000248ad      0x3db ./Core/Src/eth.o
 .debug_macro   0x0000000000024c88       0x12 ./Core/Src/eth.o
 .debug_macro   0x0000000000024c9a      0x22c ./Core/Src/eth.o
 .debug_macro   0x0000000000024ec6       0x61 ./Core/Src/eth.o
 .debug_macro   0x0000000000024f27       0xa5 ./Core/Src/eth.o
 .debug_macro   0x0000000000024fcc      0x12e ./Core/Src/eth.o
 .debug_macro   0x00000000000250fa      0x108 ./Core/Src/eth.o
 .debug_macro   0x0000000000025202       0x35 ./Core/Src/eth.o
 .debug_macro   0x0000000000025237      0x5ba ./Core/Src/eth.o
 .debug_macro   0x00000000000257f1       0x44 ./Core/Src/eth.o
 .debug_macro   0x0000000000025835      0x256 ./Core/Src/eth.o
 .debug_macro   0x0000000000025a8b       0xba ./Core/Src/eth.o
 .debug_macro   0x0000000000025b45      0x15b ./Core/Src/eth.o
 .debug_macro   0x0000000000025ca0      0x13c ./Core/Src/eth.o
 .debug_macro   0x0000000000025ddc       0x52 ./Core/Src/eth.o
 .debug_macro   0x0000000000025e2e       0x1d ./Core/Src/eth.o
 .debug_macro   0x0000000000025e4b       0x3c ./Core/Src/eth.o
 .debug_macro   0x0000000000025e87       0x34 ./Core/Src/eth.o
 .debug_macro   0x0000000000025ebb       0x16 ./Core/Src/eth.o
 .debug_macro   0x0000000000025ed1       0x43 ./Core/Src/eth.o
 .debug_macro   0x0000000000025f14       0x34 ./Core/Src/eth.o
 .debug_macro   0x0000000000025f48       0x10 ./Core/Src/eth.o
 .debug_macro   0x0000000000025f58       0x58 ./Core/Src/eth.o
 .debug_macro   0x0000000000025fb0       0x71 ./Core/Src/eth.o
 .debug_macro   0x0000000000026021       0x1c ./Core/Src/eth.o
 .debug_macro   0x000000000002603d      0x12a ./Core/Src/eth.o
 .debug_macro   0x0000000000026167      0x341 ./Core/Src/eth.o
 .debug_macro   0x00000000000264a8       0x10 ./Core/Src/eth.o
 .debug_macro   0x00000000000264b8       0x35 ./Core/Src/eth.o
 .debug_macro   0x00000000000264ed       0x20 ./Core/Src/eth.o
 .debug_macro   0x000000000002650d      0x216 ./Core/Src/gpio.o
 .debug_macro   0x0000000000026723      0x216 ./Core/Src/i2c.o
 .debug_macro   0x0000000000026939      0x3ee ./Core/Src/main.o
 .debug_macro   0x0000000000026d27      0x103 ./Core/Src/main.o
 .debug_macro   0x0000000000026e2a       0x16 ./Core/Src/main.o
 .debug_macro   0x0000000000026e40       0x10 ./Core/Src/main.o
 .debug_macro   0x0000000000026e50       0x10 ./Core/Src/main.o
 .debug_macro   0x0000000000026e60       0x1c ./Core/Src/main.o
 .debug_macro   0x0000000000026e7c       0x52 ./Core/Src/main.o
 .debug_macro   0x0000000000026ece       0x22 ./Core/Src/main.o
 .debug_macro   0x0000000000026ef0       0x10 ./Core/Src/main.o
 .debug_macro   0x0000000000026f00       0x52 ./Core/Src/main.o
 .debug_macro   0x0000000000026f52       0xd5 ./Core/Src/main.o
 .debug_macro   0x0000000000027027       0x1c ./Core/Src/main.o
 .debug_macro   0x0000000000027043       0x3d ./Core/Src/main.o
 .debug_macro   0x0000000000027080       0x16 ./Core/Src/main.o
 .debug_macro   0x0000000000027096      0x145 ./Core/Src/main.o
 .debug_macro   0x00000000000271db       0x16 ./Core/Src/main.o
 .debug_macro   0x00000000000271f1      0x20c ./Core/Src/stm32f7xx_hal_msp.o
 .debug_macro   0x00000000000273fd      0x216 ./Core/Src/stm32f7xx_it.o
 .debug_macro   0x0000000000027613      0x1fd ./Core/Src/system_stm32f7xx.o
 .debug_macro   0x0000000000027810      0x216 ./Core/Src/usart.o
 .debug_macro   0x0000000000027a26      0x216 ./Core/Src/usb_otg.o
 .debug_macro   0x0000000000027c3c      0x301 ./Drivers/MPU6050-master/Src/mpu6050.o
 .debug_macro   0x0000000000027f3d      0x19b ./Drivers/MPU6050-master/Src/mpu6050.o
 .debug_macro   0x00000000000280d8       0x5d ./Drivers/MPU6050-master/Src/mpu6050.o
 .debug_macro   0x0000000000028135      0x221 ./Drivers/STM32F7xx_HAL_Driver/Src/stm32f7xx_hal.o
 .debug_macro   0x0000000000028356      0x1fd ./Drivers/STM32F7xx_HAL_Driver/Src/stm32f7xx_hal_cortex.o
 .debug_macro   0x0000000000028553      0x2d7 ./Drivers/STM32F7xx_HAL_Driver/Src/stm32f7xx_hal_eth.o
 .debug_macro   0x000000000002882a      0x203 ./Drivers/STM32F7xx_HAL_Driver/Src/stm32f7xx_hal_gpio.o
 .debug_macro   0x0000000000028a2d      0x2c9 ./Drivers/STM32F7xx_HAL_Driver/Src/stm32f7xx_hal_i2c.o
 .debug_macro   0x0000000000028cf6      0x1fd ./Drivers/STM32F7xx_HAL_Driver/Src/stm32f7xx_hal_i2c_ex.o
 .debug_macro   0x0000000000028ef3      0x209 ./Drivers/STM32F7xx_HAL_Driver/Src/stm32f7xx_hal_pcd.o
 .debug_macro   0x00000000000290fc      0x1fd ./Drivers/STM32F7xx_HAL_Driver/Src/stm32f7xx_hal_pcd_ex.o
 .debug_macro   0x00000000000292f9      0x21b ./Drivers/STM32F7xx_HAL_Driver/Src/stm32f7xx_hal_pwr.o
 .debug_macro   0x0000000000029514      0x215 ./Drivers/STM32F7xx_HAL_Driver/Src/stm32f7xx_hal_pwr_ex.o
 .debug_macro   0x0000000000029729      0x221 ./Drivers/STM32F7xx_HAL_Driver/Src/stm32f7xx_hal_rcc.o
 .debug_macro   0x000000000002994a      0x1fd ./Drivers/STM32F7xx_HAL_Driver/Src/stm32f7xx_hal_rcc_ex.o
 .debug_macro   0x0000000000029b47      0x21a ./Drivers/STM32F7xx_HAL_Driver/Src/stm32f7xx_hal_uart.o
 .debug_macro   0x0000000000029d61      0x1fd ./Drivers/STM32F7xx_HAL_Driver/Src/stm32f7xx_ll_usb.o

.debug_line     0x0000000000000000    0x16941
 .debug_line    0x0000000000000000      0x929 ./Core/Src/eth.o
 .debug_line    0x0000000000000929      0x74f ./Core/Src/gpio.o
 .debug_line    0x0000000000001078      0x7ac ./Core/Src/i2c.o
 .debug_line    0x0000000000001824      0xaea ./Core/Src/main.o
 .debug_line    0x000000000000230e      0x71b ./Core/Src/stm32f7xx_hal_msp.o
 .debug_line    0x0000000000002a29      0x7de ./Core/Src/stm32f7xx_it.o
 .debug_line    0x0000000000003207      0x79b ./Core/Src/system_stm32f7xx.o
 .debug_line    0x00000000000039a2      0x79d ./Core/Src/usart.o
 .debug_line    0x000000000000413f      0x7ac ./Core/Src/usb_otg.o
 .debug_line    0x00000000000048eb       0x88 ./Core/Startup/startup_stm32f767zitx.o
 .debug_line    0x0000000000004973      0xbcc ./Drivers/MPU6050-master/Src/mpu6050.o
 .debug_line    0x000000000000553f      0xa5c ./Drivers/STM32F7xx_HAL_Driver/Src/stm32f7xx_hal.o
 .debug_line    0x0000000000005f9b      0xcb2 ./Drivers/STM32F7xx_HAL_Driver/Src/stm32f7xx_hal_cortex.o
 .debug_line    0x0000000000006c4d     0x1974 ./Drivers/STM32F7xx_HAL_Driver/Src/stm32f7xx_hal_eth.o
 .debug_line    0x00000000000085c1      0xba0 ./Drivers/STM32F7xx_HAL_Driver/Src/stm32f7xx_hal_gpio.o
 .debug_line    0x0000000000009161     0x36f9 ./Drivers/STM32F7xx_HAL_Driver/Src/stm32f7xx_hal_i2c.o
 .debug_line    0x000000000000c85a      0x857 ./Drivers/STM32F7xx_HAL_Driver/Src/stm32f7xx_hal_i2c_ex.o
 .debug_line    0x000000000000d0b1     0x1477 ./Drivers/STM32F7xx_HAL_Driver/Src/stm32f7xx_hal_pcd.o
 .debug_line    0x000000000000e528      0x82d ./Drivers/STM32F7xx_HAL_Driver/Src/stm32f7xx_hal_pcd_ex.o
 .debug_line    0x000000000000ed55      0x930 ./Drivers/STM32F7xx_HAL_Driver/Src/stm32f7xx_hal_pwr.o
 .debug_line    0x000000000000f685      0x9a1 ./Drivers/STM32F7xx_HAL_Driver/Src/stm32f7xx_hal_pwr_ex.o
 .debug_line    0x0000000000010026      0xe9e ./Drivers/STM32F7xx_HAL_Driver/Src/stm32f7xx_hal_rcc.o
 .debug_line    0x0000000000010ec4      0xe7a ./Drivers/STM32F7xx_HAL_Driver/Src/stm32f7xx_hal_rcc_ex.o
 .debug_line    0x0000000000011d3e     0x311f ./Drivers/STM32F7xx_HAL_Driver/Src/stm32f7xx_hal_uart.o
 .debug_line    0x0000000000014e5d     0x1ae4 ./Drivers/STM32F7xx_HAL_Driver/Src/stm32f7xx_ll_usb.o

.debug_str      0x0000000000000000    0xfc596
 .debug_str     0x0000000000000000    0xf44d4 ./Core/Src/eth.o
                                      0xf4c2c (size before relaxing)
 .debug_str     0x00000000000f44d4       0x68 ./Core/Src/gpio.o
                                      0xf1738 (size before relaxing)
 .debug_str     0x00000000000f453c      0x745 ./Core/Src/i2c.o
                                      0xf1faa (size before relaxing)
 .debug_str     0x00000000000f4c81     0x1b44 ./Core/Src/main.o
                                      0xf65b7 (size before relaxing)
 .debug_str     0x00000000000f67c5       0x2c ./Core/Src/stm32f7xx_hal_msp.o
                                      0xf166d (size before relaxing)
 .debug_str     0x00000000000f67f1       0xb7 ./Core/Src/stm32f7xx_it.o
                                      0xf15d6 (size before relaxing)
 .debug_str     0x00000000000f68a8      0x190 ./Core/Src/system_stm32f7xx.o
                                      0xf12fe (size before relaxing)
 .debug_str     0x00000000000f6a38       0x51 ./Core/Src/usart.o
                                      0xf1ef7 (size before relaxing)
 .debug_str     0x00000000000f6a89      0x3c4 ./Core/Src/usb_otg.o
                                      0xf1e69 (size before relaxing)
 .debug_str     0x00000000000f6e4d       0x36 ./Core/Startup/startup_stm32f767zitx.o
                                         0x7d (size before relaxing)
 .debug_str     0x00000000000f6e83      0xa5f ./Drivers/MPU6050-master/Src/mpu6050.o
                                      0xf535c (size before relaxing)
 .debug_str     0x00000000000f78e2      0xa7f ./Drivers/STM32F7xx_HAL_Driver/Src/stm32f7xx_hal.o
                                      0xf1d3e (size before relaxing)
 .debug_str     0x00000000000f8361      0x33e ./Drivers/STM32F7xx_HAL_Driver/Src/stm32f7xx_hal_cortex.o
                                      0xf1cee (size before relaxing)
 .debug_str     0x00000000000f869f     0x11c7 ./Drivers/STM32F7xx_HAL_Driver/Src/stm32f7xx_hal_eth.o
                                      0xf2acb (size before relaxing)
 .debug_str     0x00000000000f9866       0xe8 ./Drivers/STM32F7xx_HAL_Driver/Src/stm32f7xx_hal_gpio.o
                                      0xf13bc (size before relaxing)
 .debug_str     0x00000000000f994e      0xdd4 ./Drivers/STM32F7xx_HAL_Driver/Src/stm32f7xx_hal_i2c.o
                                      0xf2514 (size before relaxing)
 .debug_str     0x00000000000fa722       0x89 ./Drivers/STM32F7xx_HAL_Driver/Src/stm32f7xx_hal_i2c_ex.o
                                      0xf17ba (size before relaxing)
 .debug_str     0x00000000000fa7ab      0x823 ./Drivers/STM32F7xx_HAL_Driver/Src/stm32f7xx_hal_pcd.o
                                      0xf1d1b (size before relaxing)
 .debug_str     0x00000000000fafce      0x12d ./Drivers/STM32F7xx_HAL_Driver/Src/stm32f7xx_hal_pcd_ex.o
                                      0xf161c (size before relaxing)
 .debug_str     0x00000000000fb0fb      0x2ac ./Drivers/STM32F7xx_HAL_Driver/Src/stm32f7xx_hal_pwr.o
                                      0xf159f (size before relaxing)
 .debug_str     0x00000000000fb3a7      0x1bd ./Drivers/STM32F7xx_HAL_Driver/Src/stm32f7xx_hal_pwr_ex.o
                                      0xf156d (size before relaxing)
 .debug_str     0x00000000000fb564      0x241 ./Drivers/STM32F7xx_HAL_Driver/Src/stm32f7xx_hal_rcc.o
                                      0xf1679 (size before relaxing)
 .debug_str     0x00000000000fb7a5      0x13f ./Drivers/STM32F7xx_HAL_Driver/Src/stm32f7xx_hal_rcc_ex.o
                                      0xf15dc (size before relaxing)
 .debug_str     0x00000000000fb8e4      0x857 ./Drivers/STM32F7xx_HAL_Driver/Src/stm32f7xx_hal_uart.o
                                      0xf1fc7 (size before relaxing)
 .debug_str     0x00000000000fc13b      0x45b ./Drivers/STM32F7xx_HAL_Driver/Src/stm32f7xx_ll_usb.o
                                      0xf1ba1 (size before relaxing)

.comment        0x0000000000000000       0x50
 .comment       0x0000000000000000       0x50 ./Core/Src/eth.o
                                         0x51 (size before relaxing)
 .comment       0x0000000000000050       0x51 ./Core/Src/gpio.o
 .comment       0x0000000000000050       0x51 ./Core/Src/i2c.o
 .comment       0x0000000000000050       0x51 ./Core/Src/main.o
 .comment       0x0000000000000050       0x51 ./Core/Src/stm32f7xx_hal_msp.o
 .comment       0x0000000000000050       0x51 ./Core/Src/stm32f7xx_it.o
 .comment       0x0000000000000050       0x51 ./Core/Src/system_stm32f7xx.o
 .comment       0x0000000000000050       0x51 ./Core/Src/usart.o
 .comment       0x0000000000000050       0x51 ./Core/Src/usb_otg.o
 .comment       0x0000000000000050       0x51 ./Drivers/MPU6050-master/Src/mpu6050.o
 .comment       0x0000000000000050       0x51 ./Drivers/STM32F7xx_HAL_Driver/Src/stm32f7xx_hal.o
 .comment       0x0000000000000050       0x51 ./Drivers/STM32F7xx_HAL_Driver/Src/stm32f7xx_hal_cortex.o
 .comment       0x0000000000000050       0x51 ./Drivers/STM32F7xx_HAL_Driver/Src/stm32f7xx_hal_eth.o
 .comment       0x0000000000000050       0x51 ./Drivers/STM32F7xx_HAL_Driver/Src/stm32f7xx_hal_gpio.o
 .comment       0x0000000000000050       0x51 ./Drivers/STM32F7xx_HAL_Driver/Src/stm32f7xx_hal_i2c.o
 .comment       0x0000000000000050       0x51 ./Drivers/STM32F7xx_HAL_Driver/Src/stm32f7xx_hal_i2c_ex.o
 .comment       0x0000000000000050       0x51 ./Drivers/STM32F7xx_HAL_Driver/Src/stm32f7xx_hal_pcd.o
 .comment       0x0000000000000050       0x51 ./Drivers/STM32F7xx_HAL_Driver/Src/stm32f7xx_hal_pcd_ex.o
 .comment       0x0000000000000050       0x51 ./Drivers/STM32F7xx_HAL_Driver/Src/stm32f7xx_hal_pwr.o
 .comment       0x0000000000000050       0x51 ./Drivers/STM32F7xx_HAL_Driver/Src/stm32f7xx_hal_pwr_ex.o
 .comment       0x0000000000000050       0x51 ./Drivers/STM32F7xx_HAL_Driver/Src/stm32f7xx_hal_rcc.o
 .comment       0x0000000000000050       0x51 ./Drivers/STM32F7xx_HAL_Driver/Src/stm32f7xx_hal_rcc_ex.o
 .comment       0x0000000000000050       0x51 ./Drivers/STM32F7xx_HAL_Driver/Src/stm32f7xx_hal_uart.o
 .comment       0x0000000000000050       0x51 ./Drivers/STM32F7xx_HAL_Driver/Src/stm32f7xx_ll_usb.o

.debug_frame    0x0000000000000000     0x44f0
 .debug_frame   0x0000000000000000       0x74 ./Core/Src/eth.o
 .debug_frame   0x0000000000000074       0x34 ./Core/Src/gpio.o
 .debug_frame   0x00000000000000a8       0x78 ./Core/Src/i2c.o
 .debug_frame   0x0000000000000120       0x6c ./Core/Src/main.o
 .debug_frame   0x000000000000018c       0x38 ./Core/Src/stm32f7xx_hal_msp.o
 .debug_frame   0x00000000000001c4      0x104 ./Core/Src/stm32f7xx_it.o
 .debug_frame   0x00000000000002c8       0x58 ./Core/Src/system_stm32f7xx.o
 .debug_frame   0x0000000000000320       0x78 ./Core/Src/usart.o
 .debug_frame   0x0000000000000398       0x78 ./Core/Src/usb_otg.o
 .debug_frame   0x0000000000000410       0xfc ./Drivers/MPU6050-master/Src/mpu6050.o
 .debug_frame   0x000000000000050c      0x3f4 ./Drivers/STM32F7xx_HAL_Driver/Src/stm32f7xx_hal.o
 .debug_frame   0x0000000000000900      0x498 ./Drivers/STM32F7xx_HAL_Driver/Src/stm32f7xx_hal_cortex.o
 .debug_frame   0x0000000000000d98      0x898 ./Drivers/STM32F7xx_HAL_Driver/Src/stm32f7xx_hal_eth.o
 .debug_frame   0x0000000000001630      0x14c ./Drivers/STM32F7xx_HAL_Driver/Src/stm32f7xx_hal_gpio.o
 .debug_frame   0x000000000000177c      0xc38 ./Drivers/STM32F7xx_HAL_Driver/Src/stm32f7xx_hal_i2c.o
 .debug_frame   0x00000000000023b4       0xb0 ./Drivers/STM32F7xx_HAL_Driver/Src/stm32f7xx_hal_i2c_ex.o
 .debug_frame   0x0000000000002464      0x5bc ./Drivers/STM32F7xx_HAL_Driver/Src/stm32f7xx_hal_pcd.o
 .debug_frame   0x0000000000002a20      0x100 ./Drivers/STM32F7xx_HAL_Driver/Src/stm32f7xx_hal_pcd_ex.o
 .debug_frame   0x0000000000002b20      0x254 ./Drivers/STM32F7xx_HAL_Driver/Src/stm32f7xx_hal_pwr.o
 .debug_frame   0x0000000000002d74      0x1c8 ./Drivers/STM32F7xx_HAL_Driver/Src/stm32f7xx_hal_pwr_ex.o
 .debug_frame   0x0000000000002f3c      0x1f8 ./Drivers/STM32F7xx_HAL_Driver/Src/stm32f7xx_hal_rcc.o
 .debug_frame   0x0000000000003134      0x118 ./Drivers/STM32F7xx_HAL_Driver/Src/stm32f7xx_hal_rcc_ex.o
 .debug_frame   0x000000000000324c      0xa10 ./Drivers/STM32F7xx_HAL_Driver/Src/stm32f7xx_hal_uart.o
 .debug_frame   0x0000000000003c5c      0x7e8 ./Drivers/STM32F7xx_HAL_Driver/Src/stm32f7xx_ll_usb.o
 .debug_frame   0x0000000000004444       0x2c c:/st/stm32cubeide_1.12.1/stm32cubeide/plugins/com.st.stm32cube.ide.mcu.externaltools.gnu-tools-for-stm32.10.3-2021.10.win32_1.0.200.202301161003/tools/bin/../lib/gcc/arm-none-eabi/10.3.1/../../../../arm-none-eabi/lib/thumb/v7e-m+dp/hard\libc_nano.a(lib_a-init.o)
 .debug_frame   0x0000000000004470       0x20 c:/st/stm32cubeide_1.12.1/stm32cubeide/plugins/com.st.stm32cube.ide.mcu.externaltools.gnu-tools-for-stm32.10.3-2021.10.win32_1.0.200.202301161003/tools/bin/../lib/gcc/arm-none-eabi/10.3.1/../../../../arm-none-eabi/lib/thumb/v7e-m+dp/hard\libc_nano.a(lib_a-memset.o)
 .debug_frame   0x0000000000004490       0x2c c:/st/stm32cubeide_1.12.1/stm32cubeide/plugins/com.st.stm32cube.ide.mcu.externaltools.gnu-tools-for-stm32.10.3-2021.10.win32_1.0.200.202301161003/tools/bin/../lib/gcc/arm-none-eabi/10.3.1/thumb/v7e-m+dp/hard\libgcc.a(_aeabi_uldivmod.o)
 .debug_frame   0x00000000000044bc       0x34 c:/st/stm32cubeide_1.12.1/stm32cubeide/plugins/com.st.stm32cube.ide.mcu.externaltools.gnu-tools-for-stm32.10.3-2021.10.win32_1.0.200.202301161003/tools/bin/../lib/gcc/arm-none-eabi/10.3.1/thumb/v7e-m+dp/hard\libgcc.a(_udivmoddi4.o)
