Archive member included to satisfy reference by file (symbol)

c:/st/stm32cubeide_1.12.1/stm32cubeide/plugins/com.st.stm32cube.ide.mcu.externaltools.gnu-tools-for-stm32.10.3-2021.10.win32_1.0.200.202301161003/tools/bin/../lib/gcc/arm-none-eabi/10.3.1/../../../../arm-none-eabi/lib/thumb/v6-m/nofp\libc_nano.a(lib_a-errno.o)
                              ./Application/User/syscalls.o (__errno)
c:/st/stm32cubeide_1.12.1/stm32cubeide/plugins/com.st.stm32cube.ide.mcu.externaltools.gnu-tools-for-stm32.10.3-2021.10.win32_1.0.200.202301161003/tools/bin/../lib/gcc/arm-none-eabi/10.3.1/../../../../arm-none-eabi/lib/thumb/v6-m/nofp\libc_nano.a(lib_a-exit.o)
                              c:/st/stm32cubeide_1.12.1/stm32cubeide/plugins/com.st.stm32cube.ide.mcu.externaltools.gnu-tools-for-stm32.10.3-2021.10.win32_1.0.200.202301161003/tools/bin/../lib/gcc/arm-none-eabi/10.3.1/../../../../arm-none-eabi/lib/thumb/v6-m/nofp/crt0.o (exit)
c:/st/stm32cubeide_1.12.1/stm32cubeide/plugins/com.st.stm32cube.ide.mcu.externaltools.gnu-tools-for-stm32.10.3-2021.10.win32_1.0.200.202301161003/tools/bin/../lib/gcc/arm-none-eabi/10.3.1/../../../../arm-none-eabi/lib/thumb/v6-m/nofp\libc_nano.a(lib_a-impure.o)
                              c:/st/stm32cubeide_1.12.1/stm32cubeide/plugins/com.st.stm32cube.ide.mcu.externaltools.gnu-tools-for-stm32.10.3-2021.10.win32_1.0.200.202301161003/tools/bin/../lib/gcc/arm-none-eabi/10.3.1/../../../../arm-none-eabi/lib/thumb/v6-m/nofp\libc_nano.a(lib_a-exit.o) (_global_impure_ptr)
c:/st/stm32cubeide_1.12.1/stm32cubeide/plugins/com.st.stm32cube.ide.mcu.externaltools.gnu-tools-for-stm32.10.3-2021.10.win32_1.0.200.202301161003/tools/bin/../lib/gcc/arm-none-eabi/10.3.1/../../../../arm-none-eabi/lib/thumb/v6-m/nofp\libc_nano.a(lib_a-init.o)
                              c:/st/stm32cubeide_1.12.1/stm32cubeide/plugins/com.st.stm32cube.ide.mcu.externaltools.gnu-tools-for-stm32.10.3-2021.10.win32_1.0.200.202301161003/tools/bin/../lib/gcc/arm-none-eabi/10.3.1/../../../../arm-none-eabi/lib/thumb/v6-m/nofp/crt0.o (__libc_init_array)
c:/st/stm32cubeide_1.12.1/stm32cubeide/plugins/com.st.stm32cube.ide.mcu.externaltools.gnu-tools-for-stm32.10.3-2021.10.win32_1.0.200.202301161003/tools/bin/../lib/gcc/arm-none-eabi/10.3.1/../../../../arm-none-eabi/lib/thumb/v6-m/nofp\libc_nano.a(lib_a-memcpy-stub.o)
                              ./Application/User/mc_interface.o (memcpy)
c:/st/stm32cubeide_1.12.1/stm32cubeide/plugins/com.st.stm32cube.ide.mcu.externaltools.gnu-tools-for-stm32.10.3-2021.10.win32_1.0.200.202301161003/tools/bin/../lib/gcc/arm-none-eabi/10.3.1/../../../../arm-none-eabi/lib/thumb/v6-m/nofp\libc_nano.a(lib_a-memset.o)
                              c:/st/stm32cubeide_1.12.1/stm32cubeide/plugins/com.st.stm32cube.ide.mcu.externaltools.gnu-tools-for-stm32.10.3-2021.10.win32_1.0.200.202301161003/tools/bin/../lib/gcc/arm-none-eabi/10.3.1/../../../../arm-none-eabi/lib/thumb/v6-m/nofp/crt0.o (memset)
c:/st/stm32cubeide_1.12.1/stm32cubeide/plugins/com.st.stm32cube.ide.mcu.externaltools.gnu-tools-for-stm32.10.3-2021.10.win32_1.0.200.202301161003/tools/bin/../lib/gcc/arm-none-eabi/10.3.1/thumb/v6-m/nofp\libgcc.a(_udivsi3.o)
                              ./Application/User/hall_speed_pos_fdbk.o (__aeabi_uidiv)
c:/st/stm32cubeide_1.12.1/stm32cubeide/plugins/com.st.stm32cube.ide.mcu.externaltools.gnu-tools-for-stm32.10.3-2021.10.win32_1.0.200.202301161003/tools/bin/../lib/gcc/arm-none-eabi/10.3.1/thumb/v6-m/nofp\libgcc.a(_divsi3.o)
                              ./Application/User/hall_speed_pos_fdbk.o (__aeabi_idiv)
c:/st/stm32cubeide_1.12.1/stm32cubeide/plugins/com.st.stm32cube.ide.mcu.externaltools.gnu-tools-for-stm32.10.3-2021.10.win32_1.0.200.202301161003/tools/bin/../lib/gcc/arm-none-eabi/10.3.1/thumb/v6-m/nofp\libgcc.a(_dvmd_tls.o)
                              c:/st/stm32cubeide_1.12.1/stm32cubeide/plugins/com.st.stm32cube.ide.mcu.externaltools.gnu-tools-for-stm32.10.3-2021.10.win32_1.0.200.202301161003/tools/bin/../lib/gcc/arm-none-eabi/10.3.1/thumb/v6-m/nofp\libgcc.a(_udivsi3.o) (__aeabi_idiv0)
c:/st/stm32cubeide_1.12.1/stm32cubeide/plugins/com.st.stm32cube.ide.mcu.externaltools.gnu-tools-for-stm32.10.3-2021.10.win32_1.0.200.202301161003/tools/bin/../lib/gcc/arm-none-eabi/10.3.1/thumb/v6-m/nofp\libgcc.a(mulsf3.o)
                              ./Application/User/mc_interface.o (__aeabi_fmul)
c:/st/stm32cubeide_1.12.1/stm32cubeide/plugins/com.st.stm32cube.ide.mcu.externaltools.gnu-tools-for-stm32.10.3-2021.10.win32_1.0.200.202301161003/tools/bin/../lib/gcc/arm-none-eabi/10.3.1/thumb/v6-m/nofp\libgcc.a(fixsfsi.o)
                              ./Application/User/mc_interface.o (__aeabi_f2iz)
c:/st/stm32cubeide_1.12.1/stm32cubeide/plugins/com.st.stm32cube.ide.mcu.externaltools.gnu-tools-for-stm32.10.3-2021.10.win32_1.0.200.202301161003/tools/bin/../lib/gcc/arm-none-eabi/10.3.1/thumb/v6-m/nofp\libgcc.a(floatsisf.o)
                              ./Application/User/mc_interface.o (__aeabi_i2f)
[...]
Memory Configuration

Name             Origin             Length             Attributes
RAM              0x0000000020000000 0x0000000000001000 xrw
FLASH            0x0000000008000000 0x0000000000008000 xr
*default*        0x0000000000000000 0xffffffffffffffff

Linker script and memory map

LOAD c:/st/stm32cubeide_1.12.1/stm32cubeide/plugins/com.st.stm32cube.ide.mcu.externaltools.gnu-tools-for-stm32.10.3-2021.10.win32_1.0.200.202301161003/tools/bin/../lib/gcc/arm-none-eabi/10.3.1/thumb/v6-m/nofp/crti.o
LOAD c:/st/stm32cubeide_1.12.1/stm32cubeide/plugins/com.st.stm32cube.ide.mcu.externaltools.gnu-tools-for-stm32.10.3-2021.10.win32_1.0.200.202301161003/tools/bin/../lib/gcc/arm-none-eabi/10.3.1/thumb/v6-m/nofp/crtbegin.o
LOAD c:/st/stm32cubeide_1.12.1/stm32cubeide/plugins/com.st.stm32cube.ide.mcu.externaltools.gnu-tools-for-stm32.10.3-2021.10.win32_1.0.200.202301161003/tools/bin/../lib/gcc/arm-none-eabi/10.3.1/../../../../arm-none-eabi/lib/thumb/v6-m/nofp/crt0.o
LOAD ./Application/Startup/startup_stm32f031c6tx.o
LOAD ./Application/User/aspep.o
LOAD ./Application/User/hall_speed_pos_fdbk.o
LOAD ./Application/User/main.o
LOAD ./Application/User/mc_api.o
LOAD ./Application/User/mc_app_hooks.o
LOAD ./Application/User/mc_config.o
LOAD ./Application/User/mc_configuration_registers.o
LOAD ./Application/User/mc_interface.o
LOAD ./Application/User/mc_math.o
LOAD ./Application/User/mc_parameters.o
LOAD ./Application/User/mc_tasks.o
LOAD ./Application/User/mcp_config.o
LOAD ./Application/User/motorcontrol.o
LOAD ./Application/User/pwm_curr_fdbk.o
LOAD ./Application/User/r1_ps_pwm_curr_fdbk.o
LOAD ./Application/User/register_interface.o
LOAD ./Application/User/regular_conversion_manager.o
LOAD ./Application/User/stm32f0xx_hal_msp.o
LOAD ./Application/User/stm32f0xx_it.o
LOAD ./Application/User/stm32f0xx_mc_it.o
LOAD ./Application/User/syscalls.o
LOAD ./Application/User/sysmem.o
LOAD ./Application/User/usart_aspep_driver.o
LOAD ./Drivers/CMSIS/system_stm32f0xx.o
LOAD ./Drivers/STM32F0xx_HAL_Driver/stm32f0xx_hal.o
LOAD ./Drivers/STM32F0xx_HAL_Driver/stm32f0xx_hal_cortex.o
LOAD ./Drivers/STM32F0xx_HAL_Driver/stm32f0xx_hal_dma.o
LOAD ./Drivers/STM32F0xx_HAL_Driver/stm32f0xx_hal_exti.o
LOAD ./Drivers/STM32F0xx_HAL_Driver/stm32f0xx_hal_flash.o
LOAD ./Drivers/STM32F0xx_HAL_Driver/stm32f0xx_hal_flash_ex.o
LOAD ./Drivers/STM32F0xx_HAL_Driver/stm32f0xx_hal_gpio.o
LOAD ./Drivers/STM32F0xx_HAL_Driver/stm32f0xx_hal_i2c.o
LOAD ./Drivers/STM32F0xx_HAL_Driver/stm32f0xx_hal_i2c_ex.o
LOAD ./Drivers/STM32F0xx_HAL_Driver/stm32f0xx_hal_pwr.o
LOAD ./Drivers/STM32F0xx_HAL_Driver/stm32f0xx_hal_pwr_ex.o
LOAD ./Drivers/STM32F0xx_HAL_Driver/stm32f0xx_hal_rcc.o
LOAD ./Drivers/STM32F0xx_HAL_Driver/stm32f0xx_hal_rcc_ex.o
LOAD ./Drivers/STM32F0xx_HAL_Driver/stm32f0xx_hal_tim.o
LOAD ./Drivers/STM32F0xx_HAL_Driver/stm32f0xx_hal_tim_ex.o
LOAD ./Drivers/STM32F0xx_HAL_Driver/stm32f0xx_ll_adc.o
LOAD ./Drivers/STM32F0xx_HAL_Driver/stm32f0xx_ll_dma.o
LOAD ./Drivers/STM32F0xx_HAL_Driver/stm32f0xx_ll_exti.o
LOAD ./Drivers/STM32F0xx_HAL_Driver/stm32f0xx_ll_gpio.o
LOAD ./Drivers/STM32F0xx_HAL_Driver/stm32f0xx_ll_rcc.o
LOAD ./Drivers/STM32F0xx_HAL_Driver/stm32f0xx_ll_tim.o
LOAD ./Drivers/STM32F0xx_HAL_Driver/stm32f0xx_ll_usart.o
LOAD ./Drivers/STM32F0xx_HAL_Driver/stm32f0xx_ll_utils.o
LOAD ./Middlewares/MotorControl/bus_voltage_sensor.o
LOAD ./Middlewares/MotorControl/circle_limitation.o
LOAD ./Middlewares/MotorControl/digital_output.o
LOAD ./Middlewares/MotorControl/mcp.o
LOAD ./Middlewares/MotorControl/ntc_temperature_sensor.o
LOAD ./Middlewares/MotorControl/open_loop.o
LOAD ./Middlewares/MotorControl/pid_regulator.o
LOAD ./Middlewares/MotorControl/pqd_motor_power_measurement.o
LOAD ./Middlewares/MotorControl/pwm_common.o
LOAD ./Middlewares/MotorControl/r_divider_bus_voltage_sensor.o
LOAD ./Middlewares/MotorControl/ramp_ext_mngr.o
LOAD ./Middlewares/MotorControl/revup_ctrl.o
LOAD ./Middlewares/MotorControl/speed_pos_fdbk.o
LOAD ./Middlewares/MotorControl/speed_torq_ctrl.o
LOAD ./Middlewares/MotorControl/virtual_speed_sensor.o
START GROUP
LOAD c:/st/stm32cubeide_1.12.1/stm32cubeide/plugins/com.st.stm32cube.ide.mcu.externaltools.gnu-tools-for-stm32.10.3-2021.10.win32_1.0.200.202301161003/tools/bin/../lib/gcc/arm-none-eabi/10.3.1/../../../../arm-none-eabi/lib/thumb/v6-m/nofp\libc_nano.a
LOAD c:/st/stm32cubeide_1.12.1/stm32cubeide/plugins/com.st.stm32cube.ide.mcu.externaltools.gnu-tools-for-stm32.10.3-2021.10.win32_1.0.200.202301161003/tools/bin/../lib/gcc/arm-none-eabi/10.3.1/../../../../arm-none-eabi/lib/thumb/v6-m/nofp\libm.a
END GROUP
START GROUP
LOAD c:/st/stm32cubeide_1.12.1/stm32cubeide/plugins/com.st.stm32cube.ide.mcu.externaltools.gnu-tools-for-stm32.10.3-2021.10.win32_1.0.200.202301161003/tools/bin/../lib/gcc/arm-none-eabi/10.3.1/thumb/v6-m/nofp\libgcc.a
LOAD c:/st/stm32cubeide_1.12.1/stm32cubeide/plugins/com.st.stm32cube.ide.mcu.externaltools.gnu-tools-for-stm32.10.3-2021.10.win32_1.0.200.202301161003/tools/bin/../lib/gcc/arm-none-eabi/10.3.1/../../../../arm-none-eabi/lib/thumb/v6-m/nofp\libc_nano.a
END GROUP
START GROUP
LOAD c:/st/stm32cubeide_1.12.1/stm32cubeide/plugins/com.st.stm32cube.ide.mcu.externaltools.gnu-tools-for-stm32.10.3-2021.10.win32_1.0.200.202301161003/tools/bin/../lib/gcc/arm-none-eabi/10.3.1/thumb/v6-m/nofp\libgcc.a
LOAD c:/st/stm32cubeide_1.12.1/stm32cubeide/plugins/com.st.stm32cube.ide.mcu.externaltools.gnu-tools-for-stm32.10.3-2021.10.win32_1.0.200.202301161003/tools/bin/../lib/gcc/arm-none-eabi/10.3.1/../../../../arm-none-eabi/lib/thumb/v6-m/nofp\libc_nano.a
LOAD c:/st/stm32cubeide_1.12.1/stm32cubeide/plugins/com.st.stm32cube.ide.mcu.externaltools.gnu-tools-for-stm32.10.3-2021.10.win32_1.0.200.202301161003/tools/bin/../lib/gcc/arm-none-eabi/10.3.1/../../../../arm-none-eabi/lib/thumb/v6-m/nofp\libnosys.a
END GROUP
START GROUP
LOAD c:/st/stm32cubeide_1.12.1/stm32cubeide/plugins/com.st.stm32cube.ide.mcu.externaltools.gnu-tools-for-stm32.10.3-2021.10.win32_1.0.200.202301161003/tools/bin/../lib/gcc/arm-none-eabi/10.3.1/thumb/v6-m/nofp\libgcc.a
LOAD c:/st/stm32cubeide_1.12.1/stm32cubeide/plugins/com.st.stm32cube.ide.mcu.externaltools.gnu-tools-for-stm32.10.3-2021.10.win32_1.0.200.202301161003/tools/bin/../lib/gcc/arm-none-eabi/10.3.1/../../../../arm-none-eabi/lib/thumb/v6-m/nofp\libc_nano.a
LOAD c:/st/stm32cubeide_1.12.1/stm32cubeide/plugins/com.st.stm32cube.ide.mcu.externaltools.gnu-tools-for-stm32.10.3-2021.10.win32_1.0.200.202301161003/tools/bin/../lib/gcc/arm-none-eabi/10.3.1/../../../../arm-none-eabi/lib/thumb/v6-m/nofp\libnosys.a
END GROUP
LOAD c:/st/stm32cubeide_1.12.1/stm32cubeide/plugins/com.st.stm32cube.ide.mcu.externaltools.gnu-tools-for-stm32.10.3-2021.10.win32_1.0.200.202301161003/tools/bin/../lib/gcc/arm-none-eabi/10.3.1/thumb/v6-m/nofp/crtend.o
LOAD c:/st/stm32cubeide_1.12.1/stm32cubeide/plugins/com.st.stm32cube.ide.mcu.externaltools.gnu-tools-for-stm32.10.3-2021.10.win32_1.0.200.202301161003/tools/bin/../lib/gcc/arm-none-eabi/10.3.1/thumb/v6-m/nofp/crtn.o
                0x0000000020001000                _estack = (ORIGIN (RAM) + LENGTH (RAM))
                0x0000000000000080                _Min_Heap_Size = 0x80
                0x0000000000000400                _Min_Stack_Size = 0x400

.isr_vector     0x0000000008000000       0xc0
                0x0000000008000000                . = ALIGN (0x4)
 *(.isr_vector)
 .isr_vector    0x0000000008000000       0xc0 ./Application/Startup/startup_stm32f031c6tx.o
                0x0000000008000000                g_pfnVectors
                0x00000000080000c0                . = ALIGN (0x4)

.text           0x00000000080000c0     0x5ff8
                0x00000000080000c0                . = ALIGN (0x4)
 *(.text)
 .text          0x00000000080000c0       0x48 c:/st/stm32cubeide_1.12.1/stm32cubeide/plugins/com.st.stm32cube.ide.mcu.externaltools.gnu-tools-for-stm32.10.3-2021.10.win32_1.0.200.202301161003/tools/bin/../lib/gcc/arm-none-eabi/10.3.1/thumb/v6-m/nofp/crtbegin.o
 .text          0x0000000008000108      0x114 c:/st/stm32cubeide_1.12.1/stm32cubeide/plugins/com.st.stm32cube.ide.mcu.externaltools.gnu-tools-for-stm32.10.3-2021.10.win32_1.0.200.202301161003/tools/bin/../lib/gcc/arm-none-eabi/10.3.1/thumb/v6-m/nofp\libgcc.a(_udivsi3.o)
                0x0000000008000108                __aeabi_uidiv
                0x0000000008000108                __udivsi3
                0x0000000008000214                __aeabi_uidivmod
 .text          0x000000000800021c      0x1d4 c:/st/stm32cubeide_1.12.1/stm32cubeide/plugins/com.st.stm32cube.ide.mcu.externaltools.gnu-tools-for-stm32.10.3-2021.10.win32_1.0.200.202301161003/tools/bin/../lib/gcc/arm-none-eabi/10.3.1/thumb/v6-m/nofp\libgcc.a(_divsi3.o)
                0x000000000800021c                __divsi3
                0x000000000800021c                __aeabi_idiv
                0x00000000080003e8                __aeabi_idivmod
 .text          0x00000000080003f0        0x4 c:/st/stm32cubeide_1.12.1/stm32cubeide/plugins/com.st.stm32cube.ide.mcu.externaltools.gnu-tools-for-stm32.10.3-2021.10.win32_1.0.200.202301161003/tools/bin/../lib/gcc/arm-none-eabi/10.3.1/thumb/v6-m/nofp\libgcc.a(_dvmd_tls.o)
                0x00000000080003f0                __aeabi_idiv0
                0x00000000080003f0                __aeabi_ldiv0
 .text          0x00000000080003f4      0x24c c:/st/stm32cubeide_1.12.1/stm32cubeide/plugins/com.st.stm32cube.ide.mcu.externaltools.gnu-tools-for-stm32.10.3-2021.10.win32_1.0.200.202301161003/tools/bin/../lib/gcc/arm-none-eabi/10.3.1/thumb/v6-m/nofp\libgcc.a(mulsf3.o)
                0x00000000080003f4                __aeabi_fmul
 .text          0x0000000008000640       0x9c c:/st/stm32cubeide_1.12.1/stm32cubeide/plugins/com.st.stm32cube.ide.mcu.externaltools.gnu-tools-for-stm32.10.3-2021.10.win32_1.0.200.202301161003/tools/bin/../lib/gcc/arm-none-eabi/10.3.1/thumb/v6-m/nofp\libgcc.a(floatsisf.o)
                0x0000000008000640                __aeabi_i2f
 .text          0x00000000080006dc       0x3c c:/st/stm32cubeide_1.12.1/stm32cubeide/plugins/com.st.stm32cube.ide.mcu.externaltools.gnu-tools-for-stm32.10.3-2021.10.win32_1.0.200.202301161003/tools/bin/../lib/gcc/arm-none-eabi/10.3.1/thumb/v6-m/nofp\libgcc.a(_clzsi2.o)
                0x00000000080006dc                __clzsi2
 *(.text*)
 .text.Reset_Handler
                0x0000000008000718       0x50 ./Application/Startup/startup_stm32f031c6tx.o
                0x0000000008000718                Reset_Handler
 .text.Default_Handler
                0x0000000008000768        0x2 ./Application/Startup/startup_stm32f031c6tx.o
                0x0000000008000768                TIM1_CC_IRQHandler
                0x0000000008000768                PVD_IRQHandler
                0x0000000008000768                PendSV_Handler
                0x0000000008000768                NMI_Handler
                0x0000000008000768                I2C1_IRQHandler
                0x0000000008000768                SPI1_IRQHandler
                0x0000000008000768                EXTI2_3_IRQHandler
                0x0000000008000768                ADC1_IRQHandler
                0x0000000008000768                TIM17_IRQHandler
                0x0000000008000768                RTC_IRQHandler
                0x0000000008000768                TIM16_IRQHandler
                0x0000000008000768                TIM3_IRQHandler
                0x0000000008000768                EXTI4_15_IRQHandler
                0x0000000008000768                RCC_IRQHandler
                0x0000000008000768                Default_Handler
                0x0000000008000768                TIM14_IRQHandler
                0x0000000008000768                SVC_Handler
                0x0000000008000768                WWDG_IRQHandler
                0x0000000008000768                FLASH_IRQHandler
 *fill*         0x000000000800076a        0x2 
 .text.ASPEP_start
                0x000000000800076c       0x24 ./Application/User/aspep.o
                0x000000000800076c                ASPEP_start
 .text.ASPEP_sendBeacon
                0x0000000008000790       0x88 ./Application/User/aspep.o
                0x0000000008000790                ASPEP_sendBeacon
 .text.ASPEP_sendPing
                0x0000000008000818       0x94 ./Application/User/aspep.o
                0x0000000008000818                ASPEP_sendPing
 .text.ASPEP_getBuffer
                0x00000000080008ac       0x24 ./Application/User/aspep.o
                0x00000000080008ac                ASPEP_getBuffer
 .text.ASPEP_sendPacket
                0x00000000080008d0       0xec ./Application/User/aspep.o
                0x00000000080008d0                ASPEP_sendPacket
 .text.ASPEP_HWDataTransmittedIT
                0x00000000080009bc       0x5c ./Application/User/aspep.o
                0x00000000080009bc                ASPEP_HWDataTransmittedIT
 .text.ASPEP_RXframeProcess
                0x0000000008000a18      0x314 ./Application/User/aspep.o
                0x0000000008000a18                ASPEP_RXframeProcess
 .text.ASPEP_HWDataReceivedIT
                0x0000000008000d2c       0x9c ./Application/User/aspep.o
                0x0000000008000d2c                ASPEP_HWDataReceivedIT
 .text.ASPEP_HWDMAReset
                0x0000000008000dc8       0x18 ./Application/User/aspep.o
                0x0000000008000dc8                ASPEP_HWDMAReset
 .text.HALL_Init
                0x0000000008000de0      0x11c ./Application/User/hall_speed_pos_fdbk.o
                0x0000000008000de0                HALL_Init
 .text.HALL_Clear
                0x0000000008000efc      0x154 ./Application/User/hall_speed_pos_fdbk.o
                0x0000000008000efc                HALL_Clear
 .text.HALL_CalcElAngle
                0x0000000008001050       0x3c ./Application/User/hall_speed_pos_fdbk.o
                0x0000000008001050                HALL_CalcElAngle
 .text.HALL_CalcAvrgMecSpeedUnit
                0x000000000800108c       0x9c ./Application/User/hall_speed_pos_fdbk.o
                0x000000000800108c                HALL_CalcAvrgMecSpeedUnit
 .text.HALL_TIMx_CC_IRQHandler
                0x0000000008001128      0x318 ./Application/User/hall_speed_pos_fdbk.o
                0x0000000008001128                HALL_TIMx_CC_IRQHandler
 .text.HALL_TIMx_UP_IRQHandler
                0x0000000008001440      0x18c ./Application/User/hall_speed_pos_fdbk.o
                0x0000000008001440                HALL_TIMx_UP_IRQHandler
 .text.SystemClock_Config
                0x00000000080015cc       0xdc ./Application/User/main.o
                0x00000000080015cc                SystemClock_Config
 .text.startup.main
                0x00000000080016a8      0x8f4 ./Application/User/main.o
                0x00000000080016a8                main
 .text.MC_StartMotor1
                0x0000000008001f9c       0x10 ./Application/User/mc_api.o
                0x0000000008001f9c                MC_StartMotor1
 .text.MC_StopMotor1
                0x0000000008001fac       0x10 ./Application/User/mc_api.o
                0x0000000008001fac                MC_StopMotor1
 .text.MC_GetSTMStateMotor1
                0x0000000008001fbc       0x10 ./Application/User/mc_api.o
                0x0000000008001fbc                MC_GetSTMStateMotor1
 .text.MC_ProfilerCommand
                0x0000000008001fcc        0x4 ./Application/User/mc_api.o
                0x0000000008001fcc                MC_ProfilerCommand
 .text.MC_APP_BootHook
                0x0000000008001fd0        0x4 ./Application/User/mc_app_hooks.o
                0x0000000008001fd0                MC_APP_BootHook
 .text.MC_APP_PostMediumFrequencyHook_M1
                0x0000000008001fd4        0x4 ./Application/User/mc_app_hooks.o
                0x0000000008001fd4                MC_APP_PostMediumFrequencyHook_M1
 .text.MCI_Init
                0x0000000008001fd8       0x18 ./Application/User/mc_interface.o
                0x0000000008001fd8                MCI_Init
 .text.MCI_ExecSpeedRamp
                0x0000000008001ff0       0x14 ./Application/User/mc_interface.o
                0x0000000008001ff0                MCI_ExecSpeedRamp
 .text.MCI_ExecTorqueRamp
                0x0000000008002004       0x14 ./Application/User/mc_interface.o
                0x0000000008002004                MCI_ExecTorqueRamp
 .text.MCI_SetCurrentReferences
                0x0000000008002018       0x18 ./Application/User/mc_interface.o
                0x0000000008002018                MCI_SetCurrentReferences
 .text.MCI_FaultProcessing
                0x0000000008002030       0x10 ./Application/User/mc_interface.o
                0x0000000008002030                MCI_FaultProcessing
 .text.MCI_ExecBufferedCommands
                0x0000000008002040       0x78 ./Application/User/mc_interface.o
                0x0000000008002040                MCI_ExecBufferedCommands
 .text.MCI_GetSTMState
                0x00000000080020b8        0x4 ./Application/User/mc_interface.o
                0x00000000080020b8                MCI_GetSTMState
 .text.MCI_GetOccurredFaults
                0x00000000080020bc        0x4 ./Application/User/mc_interface.o
                0x00000000080020bc                MCI_GetOccurredFaults
 .text.MCI_GetCurrentFaults
                0x00000000080020c0        0x4 ./Application/User/mc_interface.o
                0x00000000080020c0                MCI_GetCurrentFaults
 .text.MCI_StartMotor
                0x00000000080020c4       0x30 ./Application/User/mc_interface.o
                0x00000000080020c4                MCI_StartMotor
 .text.MCI_StopMotor
                0x00000000080020f4       0x3c ./Application/User/mc_interface.o
                0x00000000080020f4                MCI_StopMotor
 .text.MCI_FaultAcknowledged
                0x0000000008002130       0x24 ./Application/User/mc_interface.o
                0x0000000008002130                MCI_FaultAcknowledged
 .text.MCI_GetFaultState
                0x0000000008002154        0xc ./Application/User/mc_interface.o
                0x0000000008002154                MCI_GetFaultState
 .text.MCI_GetControlMode
                0x0000000008002160        0x4 ./Application/User/mc_interface.o
                0x0000000008002160                MCI_GetControlMode
 .text.MCI_GetLastRampFinalSpeed
                0x0000000008002164        0x8 ./Application/User/mc_interface.o
                0x0000000008002164                MCI_GetLastRampFinalSpeed
 .text.MCI_GetLastRampFinalTorque
                0x000000000800216c        0x8 ./Application/User/mc_interface.o
                0x000000000800216c                MCI_GetLastRampFinalTorque
 .text.MCI_GetLastRampFinalDuration
                0x0000000008002174        0x4 ./Application/User/mc_interface.o
                0x0000000008002174                MCI_GetLastRampFinalDuration
 .text.MCI_StopRamp
                0x0000000008002178        0xc ./Application/User/mc_interface.o
                0x0000000008002178                MCI_StopRamp
 .text.MCI_GetAvrgMecSpeedUnit
                0x0000000008002184       0x10 ./Application/User/mc_interface.o
                0x0000000008002184                MCI_GetAvrgMecSpeedUnit
 .text.MCI_GetMecSpeedRefUnit
                0x0000000008002194        0xc ./Application/User/mc_interface.o
                0x0000000008002194                MCI_GetMecSpeedRefUnit
 .text.MCI_GetIab
                0x00000000080021a0       0x20 ./Application/User/mc_interface.o
                0x00000000080021a0                MCI_GetIab
 .text.MCI_GetIalphabeta
                0x00000000080021c0       0x20 ./Application/User/mc_interface.o
                0x00000000080021c0                MCI_GetIalphabeta
 .text.MCI_GetIqd
                0x00000000080021e0       0x20 ./Application/User/mc_interface.o
                0x00000000080021e0                MCI_GetIqd
 .text.MCI_GetIqdref
                0x0000000008002200       0x20 ./Application/User/mc_interface.o
                0x0000000008002200                MCI_GetIqdref
 .text.MCI_GetVqd
                0x0000000008002220       0x20 ./Application/User/mc_interface.o
                0x0000000008002220                MCI_GetVqd
 .text.MCI_GetValphabeta
                0x0000000008002240       0x20 ./Application/User/mc_interface.o
                0x0000000008002240                MCI_GetValphabeta
 .text.MCI_GetTeref
                0x0000000008002260        0x8 ./Application/User/mc_interface.o
                0x0000000008002260                MCI_GetTeref
 .text.MCI_Clear_Iqdref
                0x0000000008002268       0x10 ./Application/User/mc_interface.o
                0x0000000008002268                MCI_Clear_Iqdref
 .text.MCM_Clarke
                0x0000000008002278       0x58 ./Application/User/mc_math.o
                0x0000000008002278                MCM_Clarke
 .text.MCM_Trig_Functions
                0x00000000080022d0       0x9c ./Application/User/mc_math.o
                0x00000000080022d0                MCM_Trig_Functions
 .text.MCM_Park
                0x000000000800236c       0xa0 ./Application/User/mc_math.o
                0x000000000800236c                MCM_Park
 .text.MCM_Rev_Park
                0x000000000800240c       0x34 ./Application/User/mc_math.o
                0x000000000800240c                MCM_Rev_Park
 .text.FOC_Clear
                0x0000000008002440       0x64 ./Application/User/mc_tasks.o
                0x0000000008002440                FOC_Clear
 .text.MCboot   0x00000000080024a4      0x104 ./Application/User/mc_tasks.o
                0x00000000080024a4                MCboot
 .text.FOC_InitAdditionalMethods
                0x00000000080025a8        0x4 ./Application/User/mc_tasks.o
                0x00000000080025a8                FOC_InitAdditionalMethods
 .text.FOC_CalcCurrRef
                0x00000000080025ac       0x30 ./Application/User/mc_tasks.o
                0x00000000080025ac                FOC_CalcCurrRef
 .text.TSK_SetChargeBootCapDelayM1
                0x00000000080025dc        0xc ./Application/User/mc_tasks.o
                0x00000000080025dc                TSK_SetChargeBootCapDelayM1
 .text.TSK_ChargeBootCapDelayHasElapsedM1
                0x00000000080025e8       0x10 ./Application/User/mc_tasks.o
                0x00000000080025e8                TSK_ChargeBootCapDelayHasElapsedM1
 .text.TSK_SetStopPermanencyTimeM1
                0x00000000080025f8        0xc ./Application/User/mc_tasks.o
                0x00000000080025f8                TSK_SetStopPermanencyTimeM1
 .text.TSK_StopPermanencyTimeHasElapsedM1
                0x0000000008002604       0x10 ./Application/User/mc_tasks.o
                0x0000000008002604                TSK_StopPermanencyTimeHasElapsedM1
 .text.TSK_MediumFrequencyTaskM1
                0x0000000008002614      0x17c ./Application/User/mc_tasks.o
                0x0000000008002614                TSK_MediumFrequencyTaskM1
 .text.MC_Scheduler
                0x0000000008002790       0x94 ./Application/User/mc_tasks.o
                0x0000000008002790                MC_Scheduler
 .text.TSK_HighFrequencyTask
                0x0000000008002824      0x108 ./Application/User/mc_tasks.o
                0x0000000008002824                TSK_HighFrequencyTask
 .text.TSK_SafetyTask_PWMOFF
                0x000000000800292c       0x90 ./Application/User/mc_tasks.o
                0x000000000800292c                TSK_SafetyTask_PWMOFF
 .text.TSK_SafetyTask
                0x00000000080029bc       0x1c ./Application/User/mc_tasks.o
                0x00000000080029bc                TSK_SafetyTask
 .text.MC_RunMotorControlTasks
                0x00000000080029d8       0x1c ./Application/User/mc_tasks.o
                0x00000000080029d8                MC_RunMotorControlTasks
 .text.TSK_HardwareFaultTask
                0x00000000080029f4       0x20 ./Application/User/mc_tasks.o
                0x00000000080029f4                TSK_HardwareFaultTask
 .text.UI_HandleStartStopButton_cb
                0x0000000008002a14       0x18 ./Application/User/mc_tasks.o
                0x0000000008002a14                UI_HandleStartStopButton_cb
 .text.mc_lock_pins
                0x0000000008002a2c       0xfc ./Application/User/mc_tasks.o
                0x0000000008002a2c                mc_lock_pins
 .text.MX_MotorControl_Init
                0x0000000008002b28       0x34 ./Application/User/motorcontrol.o
                0x0000000008002b28                MX_MotorControl_Init
 .text.PWMC_GetPhaseCurrents
                0x0000000008002b5c        0x8 ./Application/User/pwm_curr_fdbk.o
                0x0000000008002b5c                PWMC_GetPhaseCurrents
 .text.PWMC_SetPhaseVoltage
                0x0000000008002b64      0x218 ./Application/User/pwm_curr_fdbk.o
                0x0000000008002b64                PWMC_SetPhaseVoltage
 .text.PWMC_SwitchOffPWM
                0x0000000008002d7c        0x8 ./Application/User/pwm_curr_fdbk.o
                0x0000000008002d7c                PWMC_SwitchOffPWM
 .text.PWMC_SwitchOnPWM
                0x0000000008002d84        0x8 ./Application/User/pwm_curr_fdbk.o
                0x0000000008002d84                PWMC_SwitchOnPWM
 .text.PWMC_CurrentReadingCalibr
                0x0000000008002d8c       0x3c ./Application/User/pwm_curr_fdbk.o
                0x0000000008002d8c                PWMC_CurrentReadingCalibr
 .text.PWMC_CalcPhaseCurrentsEst
                0x0000000008002dc8       0x6c ./Application/User/pwm_curr_fdbk.o
                0x0000000008002dc8                PWMC_CalcPhaseCurrentsEst
 .text.PWMC_CheckOverCurrent
                0x0000000008002e34        0x8 ./Application/User/pwm_curr_fdbk.o
                0x0000000008002e34                PWMC_CheckOverCurrent
 .text.R1_GetPhaseCurrents
                0x0000000008002e3c      0x258 ./Application/User/r1_ps_pwm_curr_fdbk.o
                0x0000000008002e3c                R1_GetPhaseCurrents
 .text.R1_HFCurrentsCalibration
                0x0000000008003094       0x3c ./Application/User/r1_ps_pwm_curr_fdbk.o
 .text.R1_SetADCSampPointPolarization
                0x00000000080030d0       0x6c ./Application/User/r1_ps_pwm_curr_fdbk.o
 .text.R1_CalcDutyCycles
                0x000000000800313c      0x358 ./Application/User/r1_ps_pwm_curr_fdbk.o
                0x000000000800313c                R1_CalcDutyCycles
 .text.R1_Init  0x0000000008003494      0x2a0 ./Application/User/r1_ps_pwm_curr_fdbk.o
                0x0000000008003494                R1_Init
 .text.R1_SetOffsetCalib
                0x0000000008003734       0x10 ./Application/User/r1_ps_pwm_curr_fdbk.o
                0x0000000008003734                R1_SetOffsetCalib
 .text.R1_GetOffsetCalib
                0x0000000008003744        0x8 ./Application/User/r1_ps_pwm_curr_fdbk.o
                0x0000000008003744                R1_GetOffsetCalib
 .text.R1_TurnOnLowSides
                0x000000000800374c       0x48 ./Application/User/r1_ps_pwm_curr_fdbk.o
                0x000000000800374c                R1_TurnOnLowSides
 .text.R1_SwitchOnPWM
                0x0000000008003794      0x258 ./Application/User/r1_ps_pwm_curr_fdbk.o
                0x0000000008003794                R1_SwitchOnPWM
 .text.R1_SwitchOffPWM
                0x00000000080039ec      0x1f4 ./Application/User/r1_ps_pwm_curr_fdbk.o
                0x00000000080039ec                R1_SwitchOffPWM
 .text.R1_CurrentReadingCalibration
                0x0000000008003be0      0x10c ./Application/User/r1_ps_pwm_curr_fdbk.o
                0x0000000008003be0                R1_CurrentReadingCalibration
 .text.R1_BRK_IRQHandler
                0x0000000008003cec       0x34 ./Application/User/r1_ps_pwm_curr_fdbk.o
                0x0000000008003cec                R1_BRK_IRQHandler
 .text.R1_IsOverCurrentOccurred
                0x0000000008003d20       0x2c ./Application/User/r1_ps_pwm_curr_fdbk.o
                0x0000000008003d20                R1_IsOverCurrentOccurred
 .text.R1_TIM1_UP_IRQHandler
                0x0000000008003d4c       0x3c ./Application/User/r1_ps_pwm_curr_fdbk.o
                0x0000000008003d4c                R1_TIM1_UP_IRQHandler
 .text.R1_DMAx_TC_IRQHandler
                0x0000000008003d88       0x48 ./Application/User/r1_ps_pwm_curr_fdbk.o
                0x0000000008003d88                R1_DMAx_TC_IRQHandler
 .text.RI_SetRegCommandParser
                0x0000000008003dd0      0x584 ./Application/User/register_interface.o
                0x0000000008003dd0                RI_SetRegCommandParser
 .text.RI_GetRegCommandParser
                0x0000000008004354      0x70c ./Application/User/register_interface.o
                0x0000000008004354                RI_GetRegCommandParser
 .text.RCM_RegisterRegConv
                0x0000000008004a60      0x134 ./Application/User/regular_conversion_manager.o
                0x0000000008004a60                RCM_RegisterRegConv
 .text.RCM_ExecRegularConv
                0x0000000008004b94      0x180 ./Application/User/regular_conversion_manager.o
                0x0000000008004b94                RCM_ExecRegularConv
 .text.RCM_ExecUserConv
                0x0000000008004d14       0x5c ./Application/User/regular_conversion_manager.o
                0x0000000008004d14                RCM_ExecUserConv
 .text.RCM_ExecNextConv
                0x0000000008004d70       0x70 ./Application/User/regular_conversion_manager.o
                0x0000000008004d70                RCM_ExecNextConv
 .text.RCM_ReadOngoingConv
                0x0000000008004de0       0x58 ./Application/User/regular_conversion_manager.o
                0x0000000008004de0                RCM_ReadOngoingConv
 .text.HAL_MspInit
                0x0000000008004e38       0x30 ./Application/User/stm32f0xx_hal_msp.o
                0x0000000008004e38                HAL_MspInit
 .text.DMA1_Channel1_IRQHandler
                0x0000000008004e68       0x14 ./Application/User/stm32f0xx_mc_it.o
                0x0000000008004e68                DMA1_Channel1_IRQHandler
 .text.TIM1_BRK_UP_TRG_COM_IRQHandler
                0x0000000008004e7c       0x4c ./Application/User/stm32f0xx_mc_it.o
                0x0000000008004e7c                TIM1_BRK_UP_TRG_COM_IRQHandler
 .text.DMA1_Channel4_5_IRQHandler
                0x0000000008004ec8       0x24 ./Application/User/stm32f0xx_mc_it.o
                0x0000000008004ec8                DMA1_Channel4_5_IRQHandler
 .text.TIM2_IRQHandler
                0x0000000008004eec       0x34 ./Application/User/stm32f0xx_mc_it.o
                0x0000000008004eec                TIM2_IRQHandler
 .text.DMA1_Channel2_3_IRQHandler
                0x0000000008004f20       0x20 ./Application/User/stm32f0xx_mc_it.o
                0x0000000008004f20                DMA1_Channel2_3_IRQHandler
 .text.USART1_IRQHandler
                0x0000000008004f40       0xa0 ./Application/User/stm32f0xx_mc_it.o
                0x0000000008004f40                USART1_IRQHandler
 .text.HardFault_Handler
                0x0000000008004fe0        0x8 ./Application/User/stm32f0xx_mc_it.o
                0x0000000008004fe0                HardFault_Handler
 .text.SysTick_Handler
                0x0000000008004fe8       0x44 ./Application/User/stm32f0xx_mc_it.o
                0x0000000008004fe8                SysTick_Handler
 .text.EXTI0_1_IRQHandler
                0x000000000800502c       0x1c ./Application/User/stm32f0xx_mc_it.o
                0x000000000800502c                EXTI0_1_IRQHandler
 .text.UASPEP_INIT
                0x0000000008005048       0x90 ./Application/User/usart_aspep_driver.o
                0x0000000008005048                UASPEP_INIT
 .text.UASPEP_SEND_PACKET
                0x00000000080050d8       0x38 ./Application/User/usart_aspep_driver.o
                0x00000000080050d8                UASPEP_SEND_PACKET
 .text.UASPEP_RECEIVE_BUFFER
                0x0000000008005110       0x34 ./Application/User/usart_aspep_driver.o
                0x0000000008005110                UASPEP_RECEIVE_BUFFER
 .text.UASPEP_IDLE_ENABLE
                0x0000000008005144       0x1c ./Application/User/usart_aspep_driver.o
                0x0000000008005144                UASPEP_IDLE_ENABLE
 .text.SystemInit
                0x0000000008005160        0x4 ./Drivers/CMSIS/system_stm32f0xx.o
                0x0000000008005160                SystemInit
 .text.HAL_InitTick
                0x0000000008005164       0x4c ./Drivers/STM32F0xx_HAL_Driver/stm32f0xx_hal.o
                0x0000000008005164                HAL_InitTick
 .text.HAL_Init
                0x00000000080051b0       0x20 ./Drivers/STM32F0xx_HAL_Driver/stm32f0xx_hal.o
                0x00000000080051b0                HAL_Init
 .text.HAL_IncTick
                0x00000000080051d0       0x18 ./Drivers/STM32F0xx_HAL_Driver/stm32f0xx_hal.o
                0x00000000080051d0                HAL_IncTick
 .text.HAL_NVIC_SetPriority
                0x00000000080051e8       0x64 ./Drivers/STM32F0xx_HAL_Driver/stm32f0xx_hal_cortex.o
                0x00000000080051e8                HAL_NVIC_SetPriority
 .text.HAL_SYSTICK_Config
                0x000000000800524c       0x34 ./Drivers/STM32F0xx_HAL_Driver/stm32f0xx_hal_cortex.o
                0x000000000800524c                HAL_SYSTICK_Config
 .text.HAL_SYSTICK_Callback
                0x0000000008005280        0x4 ./Drivers/STM32F0xx_HAL_Driver/stm32f0xx_hal_cortex.o
                0x0000000008005280                HAL_SYSTICK_Callback
 .text.HAL_SYSTICK_IRQHandler
                0x0000000008005284        0x8 ./Drivers/STM32F0xx_HAL_Driver/stm32f0xx_hal_cortex.o
                0x0000000008005284                HAL_SYSTICK_IRQHandler
 .text.HAL_RCC_GetHCLKFreq
                0x000000000800528c        0xc ./Drivers/STM32F0xx_HAL_Driver/stm32f0xx_hal_rcc.o
                0x000000000800528c                HAL_RCC_GetHCLKFreq
 .text.LL_ADC_Init
                0x0000000008005298       0x34 ./Drivers/STM32F0xx_HAL_Driver/stm32f0xx_ll_adc.o
                0x0000000008005298                LL_ADC_Init
 .text.LL_ADC_REG_Init
                0x00000000080052cc       0x30 ./Drivers/STM32F0xx_HAL_Driver/stm32f0xx_ll_adc.o
                0x00000000080052cc                LL_ADC_REG_Init
 .text.LL_EXTI_Init
                0x00000000080052fc       0xac ./Drivers/STM32F0xx_HAL_Driver/stm32f0xx_ll_exti.o
                0x00000000080052fc                LL_EXTI_Init
 .text.LL_GPIO_Init
                0x00000000080053a8       0xec ./Drivers/STM32F0xx_HAL_Driver/stm32f0xx_ll_gpio.o
                0x00000000080053a8                LL_GPIO_Init
 .text.LL_RCC_GetUSARTClockFreq
                0x0000000008005494       0xe4 ./Drivers/STM32F0xx_HAL_Driver/stm32f0xx_ll_rcc.o
                0x0000000008005494                LL_RCC_GetUSARTClockFreq
 .text.LL_TIM_Init
                0x0000000008005578       0x88 ./Drivers/STM32F0xx_HAL_Driver/stm32f0xx_ll_tim.o
                0x0000000008005578                LL_TIM_Init
 .text.LL_TIM_OC_Init
                0x0000000008005600      0x204 ./Drivers/STM32F0xx_HAL_Driver/stm32f0xx_ll_tim.o
                0x0000000008005600                LL_TIM_OC_Init
 .text.LL_TIM_BDTR_Init
                0x0000000008005804       0x54 ./Drivers/STM32F0xx_HAL_Driver/stm32f0xx_ll_tim.o
                0x0000000008005804                LL_TIM_BDTR_Init
 .text.LL_USART_Init
                0x0000000008005858       0xa0 ./Drivers/STM32F0xx_HAL_Driver/stm32f0xx_ll_usart.o
                0x0000000008005858                LL_USART_Init
 .text.LL_SetSystemCoreClock
                0x00000000080058f8        0xc ./Drivers/STM32F0xx_HAL_Driver/stm32f0xx_ll_utils.o
                0x00000000080058f8                LL_SetSystemCoreClock
 .text.VBS_GetAvBusVoltage_V
                0x0000000008005904        0xc ./Middlewares/MotorControl/bus_voltage_sensor.o
                0x0000000008005904                VBS_GetAvBusVoltage_V
 .text.Circle_Limitation
                0x0000000008005910       0x7c ./Middlewares/MotorControl/circle_limitation.o
                0x0000000008005910                Circle_Limitation
 .text.MCP_ReceivedPacket
                0x000000000800598c      0x150 ./Middlewares/MotorControl/mcp.o
                0x000000000800598c                MCP_ReceivedPacket
 .text.NTC_SetFaultState
                0x0000000008005adc       0x1c ./Middlewares/MotorControl/ntc_temperature_sensor.o
                0x0000000008005adc                NTC_SetFaultState
 .text.NTC_Clear
                0x0000000008005af8        0x8 ./Middlewares/MotorControl/ntc_temperature_sensor.o
                0x0000000008005af8                NTC_Clear
 .text.NTC_Init
                0x0000000008005b00       0x28 ./Middlewares/MotorControl/ntc_temperature_sensor.o
                0x0000000008005b00                NTC_Init
 .text.NTC_CalcAvTemp
                0x0000000008005b28       0x40 ./Middlewares/MotorControl/ntc_temperature_sensor.o
                0x0000000008005b28                NTC_CalcAvTemp
 .text.NTC_GetAvTemp_C
                0x0000000008005b68       0x20 ./Middlewares/MotorControl/ntc_temperature_sensor.o
                0x0000000008005b68                NTC_GetAvTemp_C
 .text.PID_HandleInit
                0x0000000008005b88       0x10 ./Middlewares/MotorControl/pid_regulator.o
                0x0000000008005b88                PID_HandleInit
 .text.PID_SetKP
                0x0000000008005b98        0x4 ./Middlewares/MotorControl/pid_regulator.o
                0x0000000008005b98                PID_SetKP
 .text.PID_SetKI
                0x0000000008005b9c        0x4 ./Middlewares/MotorControl/pid_regulator.o
                0x0000000008005b9c                PID_SetKI
 .text.PID_GetKP
                0x0000000008005ba0        0x8 ./Middlewares/MotorControl/pid_regulator.o
                0x0000000008005ba0                PID_GetKP
 .text.PID_GetKI
                0x0000000008005ba8        0x8 ./Middlewares/MotorControl/pid_regulator.o
                0x0000000008005ba8                PID_GetKI
 .text.PID_SetIntegralTerm
                0x0000000008005bb0        0x4 ./Middlewares/MotorControl/pid_regulator.o
                0x0000000008005bb0                PID_SetIntegralTerm
 .text.PID_GetKPDivisorPOW2
                0x0000000008005bb4        0x4 ./Middlewares/MotorControl/pid_regulator.o
                0x0000000008005bb4                PID_GetKPDivisorPOW2
 .text.PID_SetKPDivisorPOW2
                0x0000000008005bb8        0xc ./Middlewares/MotorControl/pid_regulator.o
                0x0000000008005bb8                PID_SetKPDivisorPOW2
 .text.PID_GetKIDivisorPOW2
                0x0000000008005bc4        0x4 ./Middlewares/MotorControl/pid_regulator.o
                0x0000000008005bc4                PID_GetKIDivisorPOW2
 .text.PID_SetLowerIntegralTermLimit
                0x0000000008005bc8        0x4 ./Middlewares/MotorControl/pid_regulator.o
                0x0000000008005bc8                PID_SetLowerIntegralTermLimit
 .text.PID_SetUpperIntegralTermLimit
                0x0000000008005bcc        0x4 ./Middlewares/MotorControl/pid_regulator.o
                0x0000000008005bcc                PID_SetUpperIntegralTermLimit
 .text.PID_SetKIDivisorPOW2
                0x0000000008005bd0       0x2c ./Middlewares/MotorControl/pid_regulator.o
                0x0000000008005bd0                PID_SetKIDivisorPOW2
 .text.PID_SetKD
                0x0000000008005bfc        0x4 ./Middlewares/MotorControl/pid_regulator.o
                0x0000000008005bfc                PID_SetKD
 .text.PID_GetKD
                0x0000000008005c00        0x8 ./Middlewares/MotorControl/pid_regulator.o
                0x0000000008005c00                PID_GetKD
 .text.PID_GetKDDivisorPOW2
                0x0000000008005c08        0x4 ./Middlewares/MotorControl/pid_regulator.o
                0x0000000008005c08                PID_GetKDDivisorPOW2
 .text.PID_SetKDDivisorPOW2
                0x0000000008005c0c        0xc ./Middlewares/MotorControl/pid_regulator.o
                0x0000000008005c0c                PID_SetKDDivisorPOW2
 .text.PI_Controller
                0x0000000008005c18       0x84 ./Middlewares/MotorControl/pid_regulator.o
                0x0000000008005c18                PI_Controller
 .text.PQD_CalcElMotorPower
                0x0000000008005c9c       0x34 ./Middlewares/MotorControl/pqd_motor_power_measurement.o
                0x0000000008005c9c                PQD_CalcElMotorPower
 .text.PQD_Clear
                0x0000000008005cd0        0x8 ./Middlewares/MotorControl/pqd_motor_power_measurement.o
                0x0000000008005cd0                PQD_Clear
 .text.PQD_GetAvrgElMotorPowerW
                0x0000000008005cd8       0x1c ./Middlewares/MotorControl/pqd_motor_power_measurement.o
                0x0000000008005cd8                PQD_GetAvrgElMotorPowerW
 .text.waitForPolarizationEnd
                0x0000000008005cf4       0x34 ./Middlewares/MotorControl/pwm_common.o
                0x0000000008005cf4                waitForPolarizationEnd
 .text.RVBS_Clear
                0x0000000008005d28       0x30 ./Middlewares/MotorControl/r_divider_bus_voltage_sensor.o
                0x0000000008005d28                RVBS_Clear
 .text.RVBS_Init
                0x0000000008005d58       0x18 ./Middlewares/MotorControl/r_divider_bus_voltage_sensor.o
                0x0000000008005d58                RVBS_Init
 .text.RVBS_CheckFaultState
                0x0000000008005d70       0x4c ./Middlewares/MotorControl/r_divider_bus_voltage_sensor.o
                0x0000000008005d70                RVBS_CheckFaultState
 .text.RVBS_CalcAvVbus
                0x0000000008005dbc       0x78 ./Middlewares/MotorControl/r_divider_bus_voltage_sensor.o
                0x0000000008005dbc                RVBS_CalcAvVbus
 .text.REMNG_Init
                0x0000000008005e34       0x10 ./Middlewares/MotorControl/ramp_ext_mngr.o
                0x0000000008005e34                REMNG_Init
 .text.SPD_GetElAngle
                0x0000000008005e44        0x8 ./Middlewares/MotorControl/speed_pos_fdbk.o
                0x0000000008005e44                SPD_GetElAngle
 .text.SPD_GetAvrgMecSpeedUnit
                0x0000000008005e4c        0x8 ./Middlewares/MotorControl/speed_pos_fdbk.o
                0x0000000008005e4c                SPD_GetAvrgMecSpeedUnit
 .text.SPD_GetInstElSpeedDpp
                0x0000000008005e54        0x8 ./Middlewares/MotorControl/speed_pos_fdbk.o
                0x0000000008005e54                SPD_GetInstElSpeedDpp
 .text.SPD_IsMecSpeedReliable
                0x0000000008005e5c       0x60 ./Middlewares/MotorControl/speed_pos_fdbk.o
                0x0000000008005e5c                SPD_IsMecSpeedReliable
 .text.SPD_GetS16Speed
                0x0000000008005ebc       0x18 ./Middlewares/MotorControl/speed_pos_fdbk.o
                0x0000000008005ebc                SPD_GetS16Speed
 .text.STC_Init
                0x0000000008005ed4       0x24 ./Middlewares/MotorControl/speed_torq_ctrl.o
                0x0000000008005ed4                STC_Init
 .text.STC_GetSpeedSensor
                0x0000000008005ef8        0x4 ./Middlewares/MotorControl/speed_torq_ctrl.o
                0x0000000008005ef8                STC_GetSpeedSensor
 .text.STC_Clear
                0x0000000008005efc       0x14 ./Middlewares/MotorControl/speed_torq_ctrl.o
                0x0000000008005efc                STC_Clear
 .text.STC_GetMecSpeedRefUnit
                0x0000000008005f10        0x8 ./Middlewares/MotorControl/speed_torq_ctrl.o
                0x0000000008005f10                STC_GetMecSpeedRefUnit
 .text.STC_GetTorqueRef
                0x0000000008005f18        0x8 ./Middlewares/MotorControl/speed_torq_ctrl.o
                0x0000000008005f18                STC_GetTorqueRef
 .text.STC_SetControlMode
                0x0000000008005f20        0x8 ./Middlewares/MotorControl/speed_torq_ctrl.o
                0x0000000008005f20                STC_SetControlMode
 .text.STC_ExecRamp
                0x0000000008005f28       0x84 ./Middlewares/MotorControl/speed_torq_ctrl.o
                0x0000000008005f28                STC_ExecRamp
 .text.STC_StopRamp
                0x0000000008005fac        0x8 ./Middlewares/MotorControl/speed_torq_ctrl.o
                0x0000000008005fac                STC_StopRamp
 .text.STC_CalcTorqueReference
                0x0000000008005fb4       0x58 ./Middlewares/MotorControl/speed_torq_ctrl.o
                0x0000000008005fb4                STC_CalcTorqueReference
 .text.STC_GetMecSpeedRefUnitDefault
                0x000000000800600c        0x8 ./Middlewares/MotorControl/speed_torq_ctrl.o
                0x000000000800600c                STC_GetMecSpeedRefUnitDefault
 .text.STC_GetDefaultIqdref
                0x0000000008006014       0x10 ./Middlewares/MotorControl/speed_torq_ctrl.o
                0x0000000008006014                STC_GetDefaultIqdref
 .text.STC_ForceSpeedReferenceToCurrentSpeed
                0x0000000008006024       0x10 ./Middlewares/MotorControl/speed_torq_ctrl.o
                0x0000000008006024                STC_ForceSpeedReferenceToCurrentSpeed
 .text.__libc_init_array
                0x0000000008006034       0x48 c:/st/stm32cubeide_1.12.1/stm32cubeide/plugins/com.st.stm32cube.ide.mcu.externaltools.gnu-tools-for-stm32.10.3-2021.10.win32_1.0.200.202301161003/tools/bin/../lib/gcc/arm-none-eabi/10.3.1/../../../../arm-none-eabi/lib/thumb/v6-m/nofp\libc_nano.a(lib_a-init.o)
                0x0000000008006034                __libc_init_array
 .text.memcpy   0x000000000800607c       0x12 c:/st/stm32cubeide_1.12.1/stm32cubeide/plugins/com.st.stm32cube.ide.mcu.externaltools.gnu-tools-for-stm32.10.3-2021.10.win32_1.0.200.202301161003/tools/bin/../lib/gcc/arm-none-eabi/10.3.1/../../../../arm-none-eabi/lib/thumb/v6-m/nofp\libc_nano.a(lib_a-memcpy-stub.o)
                0x000000000800607c                memcpy
 .text.memset   0x000000000800608e       0x10 c:/st/stm32cubeide_1.12.1/stm32cubeide/plugins/com.st.stm32cube.ide.mcu.externaltools.gnu-tools-for-stm32.10.3-2021.10.win32_1.0.200.202301161003/tools/bin/../lib/gcc/arm-none-eabi/10.3.1/../../../../arm-none-eabi/lib/thumb/v6-m/nofp\libc_nano.a(lib_a-memset.o)
                0x000000000800608e                memset
 *(.glue_7)
 .glue_7        0x000000000800609e        0x0 linker stubs
 *(.glue_7t)
 .glue_7t       0x000000000800609e        0x0 linker stubs
 *(.eh_frame)
 *fill*         0x000000000800609e        0x2 
 .eh_frame      0x00000000080060a0        0x0 c:/st/stm32cubeide_1.12.1/stm32cubeide/plugins/com.st.stm32cube.ide.mcu.externaltools.gnu-tools-for-stm32.10.3-2021.10.win32_1.0.200.202301161003/tools/bin/../lib/gcc/arm-none-eabi/10.3.1/thumb/v6-m/nofp/crtbegin.o
 *(.init)
 .init          0x00000000080060a0        0x4 c:/st/stm32cubeide_1.12.1/stm32cubeide/plugins/com.st.stm32cube.ide.mcu.externaltools.gnu-tools-for-stm32.10.3-2021.10.win32_1.0.200.202301161003/tools/bin/../lib/gcc/arm-none-eabi/10.3.1/thumb/v6-m/nofp/crti.o
                0x00000000080060a0                _init
 .init          0x00000000080060a4        0x8 c:/st/stm32cubeide_1.12.1/stm32cubeide/plugins/com.st.stm32cube.ide.mcu.externaltools.gnu-tools-for-stm32.10.3-2021.10.win32_1.0.200.202301161003/tools/bin/../lib/gcc/arm-none-eabi/10.3.1/thumb/v6-m/nofp/crtn.o
 *(.fini)
 .fini          0x00000000080060ac        0x4 c:/st/stm32cubeide_1.12.1/stm32cubeide/plugins/com.st.stm32cube.ide.mcu.externaltools.gnu-tools-for-stm32.10.3-2021.10.win32_1.0.200.202301161003/tools/bin/../lib/gcc/arm-none-eabi/10.3.1/thumb/v6-m/nofp/crti.o
                0x00000000080060ac                _fini
 .fini          0x00000000080060b0        0x8 c:/st/stm32cubeide_1.12.1/stm32cubeide/plugins/com.st.stm32cube.ide.mcu.externaltools.gnu-tools-for-stm32.10.3-2021.10.win32_1.0.200.202301161003/tools/bin/../lib/gcc/arm-none-eabi/10.3.1/thumb/v6-m/nofp/crtn.o
                0x00000000080060b8                . = ALIGN (0x4)
                0x00000000080060b8                _etext = .

.vfp11_veneer   0x00000000080060b8        0x0
 .vfp11_veneer  0x00000000080060b8        0x0 linker stubs

.v4_bx          0x00000000080060b8        0x0
 .v4_bx         0x00000000080060b8        0x0 linker stubs

.iplt           0x00000000080060b8        0x0
 .iplt          0x00000000080060b8        0x0 c:/st/stm32cubeide_1.12.1/stm32cubeide/plugins/com.st.stm32cube.ide.mcu.externaltools.gnu-tools-for-stm32.10.3-2021.10.win32_1.0.200.202301161003/tools/bin/../lib/gcc/arm-none-eabi/10.3.1/thumb/v6-m/nofp/crtbegin.o

.rodata         0x00000000080060b8      0xef8
                0x00000000080060b8                . = ALIGN (0x4)
 *(.rodata)
 .rodata        0x00000000080060b8       0x40 c:/st/stm32cubeide_1.12.1/stm32cubeide/plugins/com.st.stm32cube.ide.mcu.externaltools.gnu-tools-for-stm32.10.3-2021.10.win32_1.0.200.202301161003/tools/bin/../lib/gcc/arm-none-eabi/10.3.1/thumb/v6-m/nofp\libgcc.a(mulsf3.o)
 *(.rodata*)
 .rodata.CRC4_Lookup4
                0x00000000080060f8       0x10 ./Application/User/aspep.o
 .rodata.CRC4_Lookup8
                0x0000000008006108      0x100 ./Application/User/aspep.o
 .rodata.HALL_Clear
                0x0000000008006208       0x1c ./Application/User/hall_speed_pos_fdbk.o
 .rodata.HALL_TIMx_CC_IRQHandler
                0x0000000008006224       0x1c ./Application/User/hall_speed_pos_fdbk.o
 .rodata.HALL_TIMx_UP_IRQHandler
                0x0000000008006240       0x1c ./Application/User/hall_speed_pos_fdbk.o
 .rodata.CTL_BOARD
                0x000000000800625c       0x10 ./Application/User/mc_configuration_registers.o
                0x000000000800625c                CTL_BOARD
 .rodata.FIRMWARE_NAME
                0x000000000800626c       0x14 ./Application/User/mc_configuration_registers.o
                0x000000000800626c                FIRMWARE_NAME
 .rodata.M1_ApplicationConfig_reg
                0x0000000008006280        0xe ./Application/User/mc_configuration_registers.o
 *fill*         0x000000000800628e        0x2 
 .rodata.M1_FOCConfig_reg
                0x0000000008006290        0xe ./Application/User/mc_configuration_registers.o
 *fill*         0x000000000800629e        0x2 
 .rodata.M1_MotorConfig_reg
                0x00000000080062a0       0x3c ./Application/User/mc_configuration_registers.o
                0x00000000080062a0                M1_MotorConfig_reg
 .rodata.M1_PWR_BOARD
                0x00000000080062dc       0x10 ./Application/User/mc_configuration_registers.o
 .rodata.globalConfig_reg
                0x00000000080062ec        0xa ./Application/User/mc_configuration_registers.o
                0x00000000080062ec                globalConfig_reg
 *fill*         0x00000000080062f6        0x2 
 .rodata.hSin_Cos_Table
                0x00000000080062f8      0x200 ./Application/User/mc_math.o
                0x00000000080062f8                hSin_Cos_Table
 .rodata.R1_ParamsM1
                0x00000000080064f8       0x3c ./Application/User/mc_parameters.o
                0x00000000080064f8                R1_ParamsM1
 .rodata.TSK_MediumFrequencyTaskM1
                0x0000000008006534       0x48 ./Application/User/mc_tasks.o
 .rodata.R1_GetPhaseCurrents
                0x000000000800657c       0x18 ./Application/User/r1_ps_pwm_curr_fdbk.o
 .rodata.ALFLAG
                0x0000000008006594        0x3 ./Application/User/r1_ps_pwm_curr_fdbk.o
 *fill*         0x0000000008006597        0x1 
 .rodata.CHANNEL_OFFSET_TAB
                0x0000000008006598        0x5 ./Application/User/r1_ps_pwm_curr_fdbk.o
 *fill*         0x000000000800659d        0x3 
 .rodata.RI_SetRegCommandParser
                0x00000000080065a0       0x84 ./Application/User/register_interface.o
 .rodata.RI_GetRegCommandParser
                0x0000000008006624       0x84 ./Application/User/register_interface.o
 .rodata.CHANNEL_OFFSET_TAB
                0x00000000080066a8        0x5 ./Application/User/usart_aspep_driver.o
 *fill*         0x00000000080066ad        0x3 
 .rodata.AHBPrescTable
                0x00000000080066b0       0x10 ./Drivers/CMSIS/system_stm32f0xx.o
                0x00000000080066b0                AHBPrescTable
 .rodata.APBPrescTable
                0x00000000080066c0        0x8 ./Drivers/CMSIS/system_stm32f0xx.o
                0x00000000080066c0                APBPrescTable
 .rodata.SqrtTable
                0x00000000080066c8      0x802 ./Middlewares/MotorControl/circle_limitation.o
                0x00000000080066c8                SqrtTable
 *fill*         0x0000000008006eca        0x2 
 .rodata.MCP_ReceivedPacket
                0x0000000008006ecc       0xe4 ./Middlewares/MotorControl/mcp.o
                0x0000000008006fb0                . = ALIGN (0x4)

.rel.dyn        0x0000000008006fb0        0x0
 .rel.iplt      0x0000000008006fb0        0x0 c:/st/stm32cubeide_1.12.1/stm32cubeide/plugins/com.st.stm32cube.ide.mcu.externaltools.gnu-tools-for-stm32.10.3-2021.10.win32_1.0.200.202301161003/tools/bin/../lib/gcc/arm-none-eabi/10.3.1/thumb/v6-m/nofp/crtbegin.o

.ARM.extab      0x0000000008006fb0        0x0
                0x0000000008006fb0                . = ALIGN (0x4)
 *(.ARM.extab* .gnu.linkonce.armextab.*)
                0x0000000008006fb0                . = ALIGN (0x4)

.ARM            0x0000000008006fb0        0x0
                0x0000000008006fb0                . = ALIGN (0x4)
                0x0000000008006fb0                __exidx_start = .
 *(.ARM.exidx*)
                0x0000000008006fb0                __exidx_end = .
                0x0000000008006fb0                . = ALIGN (0x4)

.preinit_array  0x0000000008006fb0        0x0
                0x0000000008006fb0                . = ALIGN (0x4)
                0x0000000008006fb0                PROVIDE (__preinit_array_start = .)
 *(.preinit_array*)
                0x0000000008006fb0                PROVIDE (__preinit_array_end = .)
                0x0000000008006fb0                . = ALIGN (0x4)

.init_array     0x0000000008006fb0        0x4
                0x0000000008006fb0                . = ALIGN (0x4)
                0x0000000008006fb0                PROVIDE (__init_array_start = .)
 *(SORT_BY_NAME(.init_array.*))
 *(.init_array*)
 .init_array    0x0000000008006fb0        0x4 c:/st/stm32cubeide_1.12.1/stm32cubeide/plugins/com.st.stm32cube.ide.mcu.externaltools.gnu-tools-for-stm32.10.3-2021.10.win32_1.0.200.202301161003/tools/bin/../lib/gcc/arm-none-eabi/10.3.1/thumb/v6-m/nofp/crtbegin.o
                0x0000000008006fb4                PROVIDE (__init_array_end = .)
                0x0000000008006fb4                . = ALIGN (0x4)

.fini_array     0x0000000008006fb4        0x4
                0x0000000008006fb4                . = ALIGN (0x4)
                [!provide]                        PROVIDE (__fini_array_start = .)
 *(SORT_BY_NAME(.fini_array.*))
 *(.fini_array*)
 .fini_array    0x0000000008006fb4        0x4 c:/st/stm32cubeide_1.12.1/stm32cubeide/plugins/com.st.stm32cube.ide.mcu.externaltools.gnu-tools-for-stm32.10.3-2021.10.win32_1.0.200.202301161003/tools/bin/../lib/gcc/arm-none-eabi/10.3.1/thumb/v6-m/nofp/crtbegin.o
                [!provide]                        PROVIDE (__fini_array_end = .)
                0x0000000008006fb8                . = ALIGN (0x4)
                0x0000000008006fb8                _sidata = LOADADDR (.data)

.data           0x0000000020000000      0x420 load address 0x0000000008006fb8
                0x0000000020000000                . = ALIGN (0x4)
                0x0000000020000000                _sdata = .
 *(.data)
 *(.data*)
 .data.BusVoltageSensor_M1
                0x0000000020000000       0x2c ./Application/User/mc_config.o
                0x0000000020000000                BusVoltageSensor_M1
 .data.CircleLimitationM1
                0x000000002000002c       0xb4 ./Application/User/mc_config.o
                0x000000002000002c                CircleLimitationM1
 .data.HALL_M1  0x00000000200000e0       0xc8 ./Application/User/mc_config.o
                0x00000000200000e0                HALL_M1
 .data.PIDIdHandle_M1
                0x00000000200001a8       0x2c ./Application/User/mc_config.o
                0x00000000200001a8                PIDIdHandle_M1
 .data.PIDIqHandle_M1
                0x00000000200001d4       0x2c ./Application/User/mc_config.o
                0x00000000200001d4                PIDIqHandle_M1
 .data.PIDSpeedHandle_M1
                0x0000000020000200       0x2c ./Application/User/mc_config.o
                0x0000000020000200                PIDSpeedHandle_M1
 .data.PQD_MotorPowMeasM1
                0x000000002000022c       0x10 ./Application/User/mc_config.o
                0x000000002000022c                PQD_MotorPowMeasM1
 .data.PWM_Handle_M1
                0x000000002000023c       0xbc ./Application/User/mc_config.o
                0x000000002000023c                PWM_Handle_M1
 .data.RampExtMngrHFParamsM1
                0x00000000200002f8       0x18 ./Application/User/mc_config.o
                0x00000000200002f8                RampExtMngrHFParamsM1
 .data.SpeednTorqCtrlM1
                0x0000000020000310       0x34 ./Application/User/mc_config.o
                0x0000000020000310                SpeednTorqCtrlM1
 .data.TempSensor_M1
                0x0000000020000344       0x28 ./Application/User/mc_config.o
                0x0000000020000344                TempSensor_M1
 .data.pMPM     0x000000002000036c        0x4 ./Application/User/mc_config.o
                0x000000002000036c                pMPM
 .data.pPIDId   0x0000000020000370        0x4 ./Application/User/mc_config.o
                0x0000000020000370                pPIDId
 .data.pPIDIq   0x0000000020000374        0x4 ./Application/User/mc_config.o
                0x0000000020000374                pPIDIq
 .data.pSTC     0x0000000020000378        0x4 ./Application/User/mc_config.o
                0x0000000020000378                pSTC
 .data.pTemperatureSensor
                0x000000002000037c        0x4 ./Application/User/mc_config.o
                0x000000002000037c                pTemperatureSensor
 .data.ApplicationConfig_reg
                0x0000000020000380        0x4 ./Application/User/mc_configuration_registers.o
                0x0000000020000380                ApplicationConfig_reg
 .data.FOCConfig_reg
                0x0000000020000384        0x4 ./Application/User/mc_configuration_registers.o
                0x0000000020000384                FOCConfig_reg
 .data.MotorConfig_reg
                0x0000000020000388        0x4 ./Application/User/mc_configuration_registers.o
                0x0000000020000388                MotorConfig_reg
 .data.PWR_BOARD_NAME
                0x000000002000038c        0x4 ./Application/User/mc_configuration_registers.o
                0x000000002000038c                PWR_BOARD_NAME
 .data.MCP_Over_UartA
                0x0000000020000390       0x10 ./Application/User/mcp_config.o
                0x0000000020000390                MCP_Over_UartA
 .data.UASPEP_A
                0x00000000200003a0       0x14 ./Application/User/mcp_config.o
 .data.aspepOverUartA
                0x00000000200003b4       0x5c ./Application/User/mcp_config.o
                0x00000000200003b4                aspepOverUartA
 .data.SystickDividerCounter.0
                0x0000000020000410        0x1 ./Application/User/stm32f0xx_mc_it.o
 *fill*         0x0000000020000411        0x3 
 .data.SystemCoreClock
                0x0000000020000414        0x4 ./Drivers/CMSIS/system_stm32f0xx.o
                0x0000000020000414                SystemCoreClock
 .data.uwTickFreq
                0x0000000020000418        0x1 ./Drivers/STM32F0xx_HAL_Driver/stm32f0xx_hal.o
                0x0000000020000418                uwTickFreq
 *fill*         0x0000000020000419        0x3 
 .data.uwTickPrio
                0x000000002000041c        0x4 ./Drivers/STM32F0xx_HAL_Driver/stm32f0xx_hal.o
                0x000000002000041c                uwTickPrio
 *(.RamFunc)
 *(.RamFunc*)
                0x0000000020000420                . = ALIGN (0x4)
                0x0000000020000420                _edata = .

.igot.plt       0x0000000020000420        0x0 load address 0x00000000080073d8
 .igot.plt      0x0000000020000420        0x0 c:/st/stm32cubeide_1.12.1/stm32cubeide/plugins/com.st.stm32cube.ide.mcu.externaltools.gnu-tools-for-stm32.10.3-2021.10.win32_1.0.200.202301161003/tools/bin/../lib/gcc/arm-none-eabi/10.3.1/thumb/v6-m/nofp/crtbegin.o
                0x0000000020000420                . = ALIGN (0x4)

.bss            0x0000000020000420      0x1f0 load address 0x00000000080073d8
                0x0000000020000420                _sbss = .
                0x0000000020000420                __bss_start__ = _sbss
 *(.bss)
 .bss           0x0000000020000420       0x1c c:/st/stm32cubeide_1.12.1/stm32cubeide/plugins/com.st.stm32cube.ide.mcu.externaltools.gnu-tools-for-stm32.10.3-2021.10.win32_1.0.200.202301161003/tools/bin/../lib/gcc/arm-none-eabi/10.3.1/thumb/v6-m/nofp/crtbegin.o
 *(.bss*)
 .bss.Mci       0x000000002000043c       0x20 ./Application/User/mc_config.o
                0x000000002000043c                Mci
 .bss.RealBusVoltageSensorFilterBufferM1
                0x000000002000045c       0x14 ./Application/User/mc_config.o
 .bss.FOCVars   0x0000000020000470       0x26 ./Application/User/mc_tasks.o
 .bss.bMCBootCompleted
                0x0000000020000496        0x1 ./Application/User/mc_tasks.o
 *fill*         0x0000000020000497        0x1 
 .bss.hBootCapDelayCounterM1
                0x0000000020000498        0x2 ./Application/User/mc_tasks.o
 .bss.hMFTaskCounterM1
                0x000000002000049a        0x2 ./Application/User/mc_tasks.o
 .bss.hStopPermanencyCounterM1
                0x000000002000049c        0x2 ./Application/User/mc_tasks.o
 *fill*         0x000000002000049e        0x2 
 .bss.pwmcHandle
                0x00000000200004a0        0x4 ./Application/User/mc_tasks.o
 .bss.MCPSyncRXBuff
                0x00000000200004a4       0x82 ./Application/User/mcp_config.o
 *fill*         0x0000000020000526        0x2 
 .bss.MCPSyncTxBuff
                0x0000000020000528       0x86 ./Application/User/mcp_config.o
 *fill*         0x00000000200005ae        0x2 
 .bss.MCP_UserCallBack
                0x00000000200005b0        0x8 ./Application/User/mcp_config.o
                0x00000000200005b0                MCP_UserCallBack
 .bss.pMCI      0x00000000200005b8        0x4 ./Application/User/motorcontrol.o
                0x00000000200005b8                pMCI
 .bss.RCM_CB_array
                0x00000000200005bc       0x20 ./Application/User/regular_conversion_manager.o
 .bss.RCM_NoInj_array
                0x00000000200005dc       0x18 ./Application/User/regular_conversion_manager.o
 .bss.RCM_UserConvHandle
                0x00000000200005f4        0x1 ./Application/User/regular_conversion_manager.o
 .bss.RCM_UserConvState
                0x00000000200005f5        0x1 ./Application/User/regular_conversion_manager.o
 .bss.RCM_UserConvValue
                0x00000000200005f6        0x2 ./Application/User/regular_conversion_manager.o
 .bss.RCM_currentHandle
                0x00000000200005f8        0x1 ./Application/User/regular_conversion_manager.o
 *fill*         0x00000000200005f9        0x3 
 .bss.RCM_handle_array
                0x00000000200005fc       0x10 ./Application/User/regular_conversion_manager.o
 .bss.uwTick    0x000000002000060c        0x4 ./Drivers/STM32F0xx_HAL_Driver/stm32f0xx_hal.o
                0x000000002000060c                uwTick
 *(COMMON)
                0x0000000020000610                . = ALIGN (0x4)
                0x0000000020000610                _ebss = .
                0x0000000020000610                __bss_end__ = _ebss

._user_heap_stack
                0x0000000020000610      0x480 load address 0x00000000080073d8
                0x0000000020000610                . = ALIGN (0x8)
                [!provide]                        PROVIDE (end = .)
                0x0000000020000610                PROVIDE (_end = .)
                0x0000000020000690                . = (. + _Min_Heap_Size)
 *fill*         0x0000000020000610       0x80 
                0x0000000020000a90                . = (. + _Min_Stack_Size)
 *fill*         0x0000000020000690      0x400 
                0x0000000020000a90                . = ALIGN (0x8)

/DISCARD/
 libc.a(*)
 libm.a(*)
 libgcc.a(*)

.ARM.attributes
                0x0000000000000000       0x28
 *(.ARM.attributes)
 .ARM.attributes
                0x0000000000000000       0x1e c:/st/stm32cubeide_1.12.1/stm32cubeide/plugins/com.st.stm32cube.ide.mcu.externaltools.gnu-tools-for-stm32.10.3-2021.10.win32_1.0.200.202301161003/tools/bin/../lib/gcc/arm-none-eabi/10.3.1/thumb/v6-m/nofp/crti.o
 .ARM.attributes
                0x000000000000001e       0x2c c:/st/stm32cubeide_1.12.1/stm32cubeide/plugins/com.st.stm32cube.ide.mcu.externaltools.gnu-tools-for-stm32.10.3-2021.10.win32_1.0.200.202301161003/tools/bin/../lib/gcc/arm-none-eabi/10.3.1/thumb/v6-m/nofp/crtbegin.o
 .ARM.attributes
                0x000000000000004a       0x21 ./Application/Startup/startup_stm32f031c6tx.o
 .ARM.attributes
                0x000000000000006b       0x28 ./Application/User/aspep.o
 .ARM.attributes
                0x0000000000000093       0x28 ./Application/User/hall_speed_pos_fdbk.o
 .ARM.attributes
                0x00000000000000bb       0x28 ./Application/User/main.o
 .ARM.attributes
                0x00000000000000e3       0x28 ./Application/User/mc_api.o
 .ARM.attributes
                0x000000000000010b       0x28 ./Application/User/mc_app_hooks.o
 .ARM.attributes
                0x0000000000000133       0x28 ./Application/User/mc_config.o
 .ARM.attributes
                0x000000000000015b       0x28 ./Application/User/mc_configuration_registers.o
 .ARM.attributes
                0x0000000000000183       0x28 ./Application/User/mc_interface.o
 .ARM.attributes
                0x00000000000001ab       0x28 ./Application/User/mc_math.o
 .ARM.attributes
                0x00000000000001d3       0x28 ./Application/User/mc_parameters.o
 .ARM.attributes
                0x00000000000001fb       0x28 ./Application/User/mc_tasks.o
 .ARM.attributes
                0x0000000000000223       0x28 ./Application/User/mcp_config.o
 .ARM.attributes
                0x000000000000024b       0x28 ./Application/User/motorcontrol.o
 .ARM.attributes
                0x0000000000000273       0x28 ./Application/User/pwm_curr_fdbk.o
 .ARM.attributes
                0x000000000000029b       0x28 ./Application/User/r1_ps_pwm_curr_fdbk.o
 .ARM.attributes
                0x00000000000002c3       0x28 ./Application/User/register_interface.o
 .ARM.attributes
                0x00000000000002eb       0x28 ./Application/User/regular_conversion_manager.o
 .ARM.attributes
                0x0000000000000313       0x28 ./Application/User/stm32f0xx_hal_msp.o
 .ARM.attributes
                0x000000000000033b       0x28 ./Application/User/stm32f0xx_mc_it.o
 .ARM.attributes
                0x0000000000000363       0x28 ./Application/User/usart_aspep_driver.o
 .ARM.attributes
                0x000000000000038b       0x28 ./Drivers/CMSIS/system_stm32f0xx.o
 .ARM.attributes
                0x00000000000003b3       0x28 ./Drivers/STM32F0xx_HAL_Driver/stm32f0xx_hal.o
 .ARM.attributes
                0x00000000000003db       0x28 ./Drivers/STM32F0xx_HAL_Driver/stm32f0xx_hal_cortex.o
 .ARM.attributes
                0x0000000000000403       0x28 ./Drivers/STM32F0xx_HAL_Driver/stm32f0xx_hal_rcc.o
 .ARM.attributes
                0x000000000000042b       0x28 ./Drivers/STM32F0xx_HAL_Driver/stm32f0xx_ll_adc.o
 .ARM.attributes
                0x0000000000000453       0x28 ./Drivers/STM32F0xx_HAL_Driver/stm32f0xx_ll_exti.o
 .ARM.attributes
                0x000000000000047b       0x28 ./Drivers/STM32F0xx_HAL_Driver/stm32f0xx_ll_gpio.o
 .ARM.attributes
                0x00000000000004a3       0x28 ./Drivers/STM32F0xx_HAL_Driver/stm32f0xx_ll_rcc.o
 .ARM.attributes
                0x00000000000004cb       0x28 ./Drivers/STM32F0xx_HAL_Driver/stm32f0xx_ll_tim.o
 .ARM.attributes
                0x00000000000004f3       0x28 ./Drivers/STM32F0xx_HAL_Driver/stm32f0xx_ll_usart.o
 .ARM.attributes
                0x000000000000051b       0x28 ./Drivers/STM32F0xx_HAL_Driver/stm32f0xx_ll_utils.o
 .ARM.attributes
                0x0000000000000543       0x28 ./Middlewares/MotorControl/bus_voltage_sensor.o
 .ARM.attributes
                0x000000000000056b       0x28 ./Middlewares/MotorControl/circle_limitation.o
 .ARM.attributes
                0x0000000000000593       0x28 ./Middlewares/MotorControl/mcp.o
 .ARM.attributes
                0x00000000000005bb       0x28 ./Middlewares/MotorControl/ntc_temperature_sensor.o
 .ARM.attributes
                0x00000000000005e3       0x28 ./Middlewares/MotorControl/pid_regulator.o
 .ARM.attributes
                0x000000000000060b       0x28 ./Middlewares/MotorControl/pqd_motor_power_measurement.o
 .ARM.attributes
                0x0000000000000633       0x28 ./Middlewares/MotorControl/pwm_common.o
 .ARM.attributes
                0x000000000000065b       0x28 ./Middlewares/MotorControl/r_divider_bus_voltage_sensor.o
 .ARM.attributes
                0x0000000000000683       0x28 ./Middlewares/MotorControl/ramp_ext_mngr.o
 .ARM.attributes
                0x00000000000006ab       0x28 ./Middlewares/MotorControl/speed_pos_fdbk.o
 .ARM.attributes
                0x00000000000006d3       0x28 ./Middlewares/MotorControl/speed_torq_ctrl.o
 .ARM.attributes
                0x00000000000006fb       0x2c c:/st/stm32cubeide_1.12.1/stm32cubeide/plugins/com.st.stm32cube.ide.mcu.externaltools.gnu-tools-for-stm32.10.3-2021.10.win32_1.0.200.202301161003/tools/bin/../lib/gcc/arm-none-eabi/10.3.1/../../../../arm-none-eabi/lib/thumb/v6-m/nofp\libc_nano.a(lib_a-init.o)
 .ARM.attributes
                0x0000000000000727       0x2c c:/st/stm32cubeide_1.12.1/stm32cubeide/plugins/com.st.stm32cube.ide.mcu.externaltools.gnu-tools-for-stm32.10.3-2021.10.win32_1.0.200.202301161003/tools/bin/../lib/gcc/arm-none-eabi/10.3.1/../../../../arm-none-eabi/lib/thumb/v6-m/nofp\libc_nano.a(lib_a-memcpy-stub.o)
 .ARM.attributes
                0x0000000000000753       0x2c c:/st/stm32cubeide_1.12.1/stm32cubeide/plugins/com.st.stm32cube.ide.mcu.externaltools.gnu-tools-for-stm32.10.3-2021.10.win32_1.0.200.202301161003/tools/bin/../lib/gcc/arm-none-eabi/10.3.1/../../../../arm-none-eabi/lib/thumb/v6-m/nofp\libc_nano.a(lib_a-memset.o)
 .ARM.attributes
                0x000000000000077f       0x1e c:/st/stm32cubeide_1.12.1/stm32cubeide/plugins/com.st.stm32cube.ide.mcu.externaltools.gnu-tools-for-stm32.10.3-2021.10.win32_1.0.200.202301161003/tools/bin/../lib/gcc/arm-none-eabi/10.3.1/thumb/v6-m/nofp\libgcc.a(_udivsi3.o)
 .ARM.attributes
                0x000000000000079d       0x1e c:/st/stm32cubeide_1.12.1/stm32cubeide/plugins/com.st.stm32cube.ide.mcu.externaltools.gnu-tools-for-stm32.10.3-2021.10.win32_1.0.200.202301161003/tools/bin/../lib/gcc/arm-none-eabi/10.3.1/thumb/v6-m/nofp\libgcc.a(_divsi3.o)
 .ARM.attributes
                0x00000000000007bb       0x1e c:/st/stm32cubeide_1.12.1/stm32cubeide/plugins/com.st.stm32cube.ide.mcu.externaltools.gnu-tools-for-stm32.10.3-2021.10.win32_1.0.200.202301161003/tools/bin/../lib/gcc/arm-none-eabi/10.3.1/thumb/v6-m/nofp\libgcc.a(_dvmd_tls.o)
 .ARM.attributes
                0x00000000000007d9       0x2c c:/st/stm32cubeide_1.12.1/stm32cubeide/plugins/com.st.stm32cube.ide.mcu.externaltools.gnu-tools-for-stm32.10.3-2021.10.win32_1.0.200.202301161003/tools/bin/../lib/gcc/arm-none-eabi/10.3.1/thumb/v6-m/nofp\libgcc.a(mulsf3.o)
 .ARM.attributes
                0x0000000000000805       0x2c c:/st/stm32cubeide_1.12.1/stm32cubeide/plugins/com.st.stm32cube.ide.mcu.externaltools.gnu-tools-for-stm32.10.3-2021.10.win32_1.0.200.202301161003/tools/bin/../lib/gcc/arm-none-eabi/10.3.1/thumb/v6-m/nofp\libgcc.a(floatsisf.o)
 .ARM.attributes
                0x0000000000000831       0x1e c:/st/stm32cubeide_1.12.1/stm32cubeide/plugins/com.st.stm32cube.ide.mcu.externaltools.gnu-tools-for-stm32.10.3-2021.10.win32_1.0.200.202301161003/tools/bin/../lib/gcc/arm-none-eabi/10.3.1/thumb/v6-m/nofp\libgcc.a(_clzsi2.o)
 .ARM.attributes
                0x000000000000084f       0x1e c:/st/stm32cubeide_1.12.1/stm32cubeide/plugins/com.st.stm32cube.ide.mcu.externaltools.gnu-tools-for-stm32.10.3-2021.10.win32_1.0.200.202301161003/tools/bin/../lib/gcc/arm-none-eabi/10.3.1/thumb/v6-m/nofp/crtn.o
OUTPUT(Self_balancing.elf elf32-littlearm)
LOAD linker stubs
LOAD c:/st/stm32cubeide_1.12.1/stm32cubeide/plugins/com.st.stm32cube.ide.mcu.externaltools.gnu-tools-for-stm32.10.3-2021.10.win32_1.0.200.202301161003/tools/bin/../lib/gcc/arm-none-eabi/10.3.1/../../../../arm-none-eabi/lib/thumb/v6-m/nofp\libc.a
LOAD c:/st/stm32cubeide_1.12.1/stm32cubeide/plugins/com.st.stm32cube.ide.mcu.externaltools.gnu-tools-for-stm32.10.3-2021.10.win32_1.0.200.202301161003/tools/bin/../lib/gcc/arm-none-eabi/10.3.1/../../../../arm-none-eabi/lib/thumb/v6-m/nofp\libm.a
LOAD c:/st/stm32cubeide_1.12.1/stm32cubeide/plugins/com.st.stm32cube.ide.mcu.externaltools.gnu-tools-for-stm32.10.3-2021.10.win32_1.0.200.202301161003/tools/bin/../lib/gcc/arm-none-eabi/10.3.1/thumb/v6-m/nofp\libgcc.a

.debug_line     0x0000000000000000    0x26161
 .debug_line    0x0000000000000000       0x90 ./Application/Startup/startup_stm32f031c6tx.o
 .debug_line    0x0000000000000090     0x1567 ./Application/User/aspep.o
 .debug_line    0x00000000000015f7     0x16de ./Application/User/hall_speed_pos_fdbk.o
 .debug_line    0x0000000000002cd5     0x1f59 ./Application/User/main.o
 .debug_line    0x0000000000004c2e     0x1009 ./Application/User/mc_api.o
 .debug_line    0x0000000000005c37      0x806 ./Application/User/mc_app_hooks.o
 .debug_line    0x000000000000643d      0xb06 ./Application/User/mc_config.o
 .debug_line    0x0000000000006f43      0x8cf ./Application/User/mc_configuration_registers.o
 .debug_line    0x0000000000007812     0x1754 ./Application/User/mc_interface.o
 .debug_line    0x0000000000008f66      0xbc3 ./Application/User/mc_math.o
 .debug_line    0x0000000000009b29      0xaf7 ./Application/User/mc_parameters.o
 .debug_line    0x000000000000a620     0x147a ./Application/User/mc_tasks.o
 .debug_line    0x000000000000ba9a      0x8ba ./Application/User/mcp_config.o
 .debug_line    0x000000000000c354      0xb31 ./Application/User/motorcontrol.o
 .debug_line    0x000000000000ce85     0x106a ./Application/User/pwm_curr_fdbk.o
 .debug_line    0x000000000000deef     0x28ad ./Application/User/r1_ps_pwm_curr_fdbk.o
 .debug_line    0x000000000001079c     0x1dd7 ./Application/User/register_interface.o
 .debug_line    0x0000000000012573     0x1323 ./Application/User/regular_conversion_manager.o
 .debug_line    0x0000000000013896      0xb2a ./Application/User/stm32f0xx_hal_msp.o
 .debug_line    0x00000000000143c0     0x10ff ./Application/User/stm32f0xx_mc_it.o
 .debug_line    0x00000000000154bf      0xeaf ./Application/User/usart_aspep_driver.o
 .debug_line    0x000000000001636e      0x74b ./Drivers/CMSIS/system_stm32f0xx.o
 .debug_line    0x0000000000016ab9      0xa38 ./Drivers/STM32F0xx_HAL_Driver/stm32f0xx_hal.o
 .debug_line    0x00000000000174f1      0xa95 ./Drivers/STM32F0xx_HAL_Driver/stm32f0xx_hal_cortex.o
 .debug_line    0x0000000000017f86     0x129f ./Drivers/STM32F0xx_HAL_Driver/stm32f0xx_hal_rcc.o
 .debug_line    0x0000000000019225      0xa23 ./Drivers/STM32F0xx_HAL_Driver/stm32f0xx_ll_adc.o
 .debug_line    0x0000000000019c48      0x8b3 ./Drivers/STM32F0xx_HAL_Driver/stm32f0xx_ll_exti.o
 .debug_line    0x000000000001a4fb      0x9e8 ./Drivers/STM32F0xx_HAL_Driver/stm32f0xx_ll_gpio.o
 .debug_line    0x000000000001aee3     0x106d ./Drivers/STM32F0xx_HAL_Driver/stm32f0xx_ll_rcc.o
 .debug_line    0x000000000001bf50     0x1126 ./Drivers/STM32F0xx_HAL_Driver/stm32f0xx_ll_tim.o
 .debug_line    0x000000000001d076      0x98c ./Drivers/STM32F0xx_HAL_Driver/stm32f0xx_ll_usart.o
 .debug_line    0x000000000001da02      0xe9c ./Drivers/STM32F0xx_HAL_Driver/stm32f0xx_ll_utils.o
 .debug_line    0x000000000001e89e      0x8c7 ./Middlewares/MotorControl/bus_voltage_sensor.o
 .debug_line    0x000000000001f165      0x945 ./Middlewares/MotorControl/circle_limitation.o
 .debug_line    0x000000000001faaa      0xd58 ./Middlewares/MotorControl/mcp.o
 .debug_line    0x0000000000020802      0xa39 ./Middlewares/MotorControl/ntc_temperature_sensor.o
 .debug_line    0x000000000002123b      0xd06 ./Middlewares/MotorControl/pid_regulator.o
 .debug_line    0x0000000000021f41      0x91d ./Middlewares/MotorControl/pqd_motor_power_measurement.o
 .debug_line    0x000000000002285e      0xa3b ./Middlewares/MotorControl/pwm_common.o
 .debug_line    0x0000000000023299      0xc94 ./Middlewares/MotorControl/r_divider_bus_voltage_sensor.o
 .debug_line    0x0000000000023f2d      0xaef ./Middlewares/MotorControl/ramp_ext_mngr.o
 .debug_line    0x0000000000024a1c      0xa3f ./Middlewares/MotorControl/speed_pos_fdbk.o
 .debug_line    0x000000000002545b      0xd06 ./Middlewares/MotorControl/speed_torq_ctrl.o

.debug_info     0x0000000000000000    0x281e2
 .debug_info    0x0000000000000000       0x22 ./Application/Startup/startup_stm32f031c6tx.o
 .debug_info    0x0000000000000022     0x124d ./Application/User/aspep.o
 .debug_info    0x000000000000126f     0x14b4 ./Application/User/hall_speed_pos_fdbk.o
 .debug_info    0x0000000000002723     0x385a ./Application/User/main.o
 .debug_info    0x0000000000005f7d     0x18c8 ./Application/User/mc_api.o
 .debug_info    0x0000000000007845      0x15b ./Application/User/mc_app_hooks.o
 .debug_info    0x00000000000079a0     0x1ac9 ./Application/User/mc_config.o
 .debug_info    0x0000000000009469      0x53b ./Application/User/mc_configuration_registers.o
 .debug_info    0x00000000000099a4     0x20c0 ./Application/User/mc_interface.o
 .debug_info    0x000000000000ba64      0x62f ./Application/User/mc_math.o
 .debug_info    0x000000000000c093      0x61a ./Application/User/mc_parameters.o
 .debug_info    0x000000000000c6ad     0x304d ./Application/User/mc_tasks.o
 .debug_info    0x000000000000f6fa      0x8f6 ./Application/User/mcp_config.o
 .debug_info    0x000000000000fff0      0xdde ./Application/User/motorcontrol.o
 .debug_info    0x0000000000010dce      0xfb9 ./Application/User/pwm_curr_fdbk.o
 .debug_info    0x0000000000011d87     0x3919 ./Application/User/r1_ps_pwm_curr_fdbk.o
 .debug_info    0x00000000000156a0     0x2be7 ./Application/User/register_interface.o
 .debug_info    0x0000000000018287     0x1600 ./Application/User/regular_conversion_manager.o
 .debug_info    0x0000000000019887      0x27b ./Application/User/stm32f0xx_hal_msp.o
 .debug_info    0x0000000000019b02     0x2191 ./Application/User/stm32f0xx_mc_it.o
 .debug_info    0x000000000001bc93     0x1179 ./Application/User/usart_aspep_driver.o
 .debug_info    0x000000000001ce0c      0x28f ./Drivers/CMSIS/system_stm32f0xx.o
 .debug_info    0x000000000001d09b      0x782 ./Drivers/STM32F0xx_HAL_Driver/stm32f0xx_hal.o
 .debug_info    0x000000000001d81d      0x890 ./Drivers/STM32F0xx_HAL_Driver/stm32f0xx_hal_cortex.o
 .debug_info    0x000000000001e0ad      0xb1e ./Drivers/STM32F0xx_HAL_Driver/stm32f0xx_hal_rcc.o
 .debug_info    0x000000000001ebcb      0x7a6 ./Drivers/STM32F0xx_HAL_Driver/stm32f0xx_ll_adc.o
 .debug_info    0x000000000001f371      0x4c7 ./Drivers/STM32F0xx_HAL_Driver/stm32f0xx_ll_exti.o
 .debug_info    0x000000000001f838      0x78e ./Drivers/STM32F0xx_HAL_Driver/stm32f0xx_ll_gpio.o
 .debug_info    0x000000000001ffc6      0xbf3 ./Drivers/STM32F0xx_HAL_Driver/stm32f0xx_ll_rcc.o
 .debug_info    0x0000000000020bb9     0x13d2 ./Drivers/STM32F0xx_HAL_Driver/stm32f0xx_ll_tim.o
 .debug_info    0x0000000000021f8b      0x7ab ./Drivers/STM32F0xx_HAL_Driver/stm32f0xx_ll_usart.o
 .debug_info    0x0000000000022736      0xcd2 ./Drivers/STM32F0xx_HAL_Driver/stm32f0xx_ll_utils.o
 .debug_info    0x0000000000023408      0x2c0 ./Middlewares/MotorControl/bus_voltage_sensor.o
 .debug_info    0x00000000000236c8      0x34c ./Middlewares/MotorControl/circle_limitation.o
 .debug_info    0x0000000000023a14     0x109b ./Middlewares/MotorControl/mcp.o
 .debug_info    0x0000000000024aaf      0x5f4 ./Middlewares/MotorControl/ntc_temperature_sensor.o
 .debug_info    0x00000000000250a3      0x957 ./Middlewares/MotorControl/pid_regulator.o
 .debug_info    0x00000000000259fa      0x4f0 ./Middlewares/MotorControl/pqd_motor_power_measurement.o
 .debug_info    0x0000000000025eea      0x6ee ./Middlewares/MotorControl/pwm_common.o
 .debug_info    0x00000000000265d8      0x6f6 ./Middlewares/MotorControl/r_divider_bus_voltage_sensor.o
 .debug_info    0x0000000000026cce      0x507 ./Middlewares/MotorControl/ramp_ext_mngr.o
 .debug_info    0x00000000000271d5      0x56d ./Middlewares/MotorControl/speed_pos_fdbk.o
 .debug_info    0x0000000000027742      0xaa0 ./Middlewares/MotorControl/speed_torq_ctrl.o

.debug_abbrev   0x0000000000000000     0x6498
 .debug_abbrev  0x0000000000000000       0x12 ./Application/Startup/startup_stm32f031c6tx.o
 .debug_abbrev  0x0000000000000012      0x3ce ./Application/User/aspep.o
 .debug_abbrev  0x00000000000003e0      0x2f2 ./Application/User/hall_speed_pos_fdbk.o
 .debug_abbrev  0x00000000000006d2      0x40f ./Application/User/main.o
 .debug_abbrev  0x0000000000000ae1      0x275 ./Application/User/mc_api.o
 .debug_abbrev  0x0000000000000d56       0x9a ./Application/User/mc_app_hooks.o
 .debug_abbrev  0x0000000000000df0      0x1db ./Application/User/mc_config.o
 .debug_abbrev  0x0000000000000fcb      0x109 ./Application/User/mc_configuration_registers.o
 .debug_abbrev  0x00000000000010d4      0x32c ./Application/User/mc_interface.o
 .debug_abbrev  0x0000000000001400      0x17e ./Application/User/mc_math.o
 .debug_abbrev  0x000000000000157e      0x125 ./Application/User/mc_parameters.o
 .debug_abbrev  0x00000000000016a3      0x480 ./Application/User/mc_tasks.o
 .debug_abbrev  0x0000000000001b23      0x1c7 ./Application/User/mcp_config.o
 .debug_abbrev  0x0000000000001cea      0x22a ./Application/User/motorcontrol.o
 .debug_abbrev  0x0000000000001f14      0x321 ./Application/User/pwm_curr_fdbk.o
 .debug_abbrev  0x0000000000002235      0x41c ./Application/User/r1_ps_pwm_curr_fdbk.o
 .debug_abbrev  0x0000000000002651      0x42e ./Application/User/register_interface.o
 .debug_abbrev  0x0000000000002a7f      0x356 ./Application/User/regular_conversion_manager.o
 .debug_abbrev  0x0000000000002dd5       0xe8 ./Application/User/stm32f0xx_hal_msp.o
 .debug_abbrev  0x0000000000002ebd      0x36c ./Application/User/stm32f0xx_mc_it.o
 .debug_abbrev  0x0000000000003229      0x2ab ./Application/User/usart_aspep_driver.o
 .debug_abbrev  0x00000000000034d4      0x134 ./Drivers/CMSIS/system_stm32f0xx.o
 .debug_abbrev  0x0000000000003608      0x2ca ./Drivers/STM32F0xx_HAL_Driver/stm32f0xx_hal.o
 .debug_abbrev  0x00000000000038d2      0x285 ./Drivers/STM32F0xx_HAL_Driver/stm32f0xx_hal_cortex.o
 .debug_abbrev  0x0000000000003b57      0x318 ./Drivers/STM32F0xx_HAL_Driver/stm32f0xx_hal_rcc.o
 .debug_abbrev  0x0000000000003e6f      0x277 ./Drivers/STM32F0xx_HAL_Driver/stm32f0xx_ll_adc.o
 .debug_abbrev  0x00000000000040e6      0x1b2 ./Drivers/STM32F0xx_HAL_Driver/stm32f0xx_ll_exti.o
 .debug_abbrev  0x0000000000004298      0x1f9 ./Drivers/STM32F0xx_HAL_Driver/stm32f0xx_ll_gpio.o
 .debug_abbrev  0x0000000000004491      0x35a ./Drivers/STM32F0xx_HAL_Driver/stm32f0xx_ll_rcc.o
 .debug_abbrev  0x00000000000047eb      0x2cd ./Drivers/STM32F0xx_HAL_Driver/stm32f0xx_ll_tim.o
 .debug_abbrev  0x0000000000004ab8      0x2ba ./Drivers/STM32F0xx_HAL_Driver/stm32f0xx_ll_usart.o
 .debug_abbrev  0x0000000000004d72      0x37c ./Drivers/STM32F0xx_HAL_Driver/stm32f0xx_ll_utils.o
 .debug_abbrev  0x00000000000050ee      0x10d ./Middlewares/MotorControl/bus_voltage_sensor.o
 .debug_abbrev  0x00000000000051fb      0x116 ./Middlewares/MotorControl/circle_limitation.o
 .debug_abbrev  0x0000000000005311      0x247 ./Middlewares/MotorControl/mcp.o
 .debug_abbrev  0x0000000000005558      0x1d6 ./Middlewares/MotorControl/ntc_temperature_sensor.o
 .debug_abbrev  0x000000000000572e      0x1ae ./Middlewares/MotorControl/pid_regulator.o
 .debug_abbrev  0x00000000000058dc      0x1cc ./Middlewares/MotorControl/pqd_motor_power_measurement.o
 .debug_abbrev  0x0000000000005aa8      0x1f0 ./Middlewares/MotorControl/pwm_common.o
 .debug_abbrev  0x0000000000005c98      0x261 ./Middlewares/MotorControl/r_divider_bus_voltage_sensor.o
 .debug_abbrev  0x0000000000005ef9      0x21e ./Middlewares/MotorControl/ramp_ext_mngr.o
 .debug_abbrev  0x0000000000006117      0x180 ./Middlewares/MotorControl/speed_pos_fdbk.o
 .debug_abbrev  0x0000000000006297      0x201 ./Middlewares/MotorControl/speed_torq_ctrl.o

.debug_aranges  0x0000000000000000     0x1098
 .debug_aranges
                0x0000000000000000       0x28 ./Application/Startup/startup_stm32f031c6tx.o
 .debug_aranges
                0x0000000000000028       0x68 ./Application/User/aspep.o
 .debug_aranges
                0x0000000000000090       0x48 ./Application/User/hall_speed_pos_fdbk.o
 .debug_aranges
                0x00000000000000d8       0x30 ./Application/User/main.o
 .debug_aranges
                0x0000000000000108      0x170 ./Application/User/mc_api.o
 .debug_aranges
                0x0000000000000278       0x20 ./Application/User/mc_app_hooks.o
 .debug_aranges
                0x0000000000000298       0x18 ./Application/User/mc_config.o
 .debug_aranges
                0x00000000000002b0       0x18 ./Application/User/mc_configuration_registers.o
 .debug_aranges
                0x00000000000002c8      0x1c8 ./Application/User/mc_interface.o
 .debug_aranges
                0x0000000000000490       0x48 ./Application/User/mc_math.o
 .debug_aranges
                0x00000000000004d8       0x18 ./Application/User/mc_parameters.o
 .debug_aranges
                0x00000000000004f0       0xb0 ./Application/User/mc_tasks.o
 .debug_aranges
                0x00000000000005a0       0x18 ./Application/User/mcp_config.o
 .debug_aranges
                0x00000000000005b8       0x20 ./Application/User/motorcontrol.o
 .debug_aranges
                0x00000000000005d8      0x110 ./Application/User/pwm_curr_fdbk.o
 .debug_aranges
                0x00000000000006e8       0x98 ./Application/User/r1_ps_pwm_curr_fdbk.o
 .debug_aranges
                0x0000000000000780       0x38 ./Application/User/register_interface.o
 .debug_aranges
                0x00000000000007b8       0x68 ./Application/User/regular_conversion_manager.o
 .debug_aranges
                0x0000000000000820       0x20 ./Application/User/stm32f0xx_hal_msp.o
 .debug_aranges
                0x0000000000000840       0x60 ./Application/User/stm32f0xx_mc_it.o
 .debug_aranges
                0x00000000000008a0       0x48 ./Application/User/usart_aspep_driver.o
 .debug_aranges
                0x00000000000008e8       0x28 ./Drivers/CMSIS/system_stm32f0xx.o
 .debug_aranges
                0x0000000000000910       0xc8 ./Drivers/STM32F0xx_HAL_Driver/stm32f0xx_hal.o
 .debug_aranges
                0x00000000000009d8       0x78 ./Drivers/STM32F0xx_HAL_Driver/stm32f0xx_hal_cortex.o
 .debug_aranges
                0x0000000000000a50       0x80 ./Drivers/STM32F0xx_HAL_Driver/stm32f0xx_hal_rcc.o
 .debug_aranges
                0x0000000000000ad0       0x48 ./Drivers/STM32F0xx_HAL_Driver/stm32f0xx_ll_adc.o
 .debug_aranges
                0x0000000000000b18       0x30 ./Drivers/STM32F0xx_HAL_Driver/stm32f0xx_ll_exti.o
 .debug_aranges
                0x0000000000000b48       0x30 ./Drivers/STM32F0xx_HAL_Driver/stm32f0xx_ll_gpio.o
 .debug_aranges
                0x0000000000000b78       0x58 ./Drivers/STM32F0xx_HAL_Driver/stm32f0xx_ll_rcc.o
 .debug_aranges
                0x0000000000000bd0       0x80 ./Drivers/STM32F0xx_HAL_Driver/stm32f0xx_ll_tim.o
 .debug_aranges
                0x0000000000000c50       0x40 ./Drivers/STM32F0xx_HAL_Driver/stm32f0xx_ll_usart.o
 .debug_aranges
                0x0000000000000c90       0x50 ./Drivers/STM32F0xx_HAL_Driver/stm32f0xx_ll_utils.o
 .debug_aranges
                0x0000000000000ce0       0x38 ./Middlewares/MotorControl/bus_voltage_sensor.o
 .debug_aranges
                0x0000000000000d18       0x20 ./Middlewares/MotorControl/circle_limitation.o
 .debug_aranges
                0x0000000000000d38       0x28 ./Middlewares/MotorControl/mcp.o
 .debug_aranges
                0x0000000000000d60       0x50 ./Middlewares/MotorControl/ntc_temperature_sensor.o
 .debug_aranges
                0x0000000000000db0       0xe8 ./Middlewares/MotorControl/pid_regulator.o
 .debug_aranges
                0x0000000000000e98       0x30 ./Middlewares/MotorControl/pqd_motor_power_measurement.o
 .debug_aranges
                0x0000000000000ec8       0x28 ./Middlewares/MotorControl/pwm_common.o
 .debug_aranges
                0x0000000000000ef0       0x40 ./Middlewares/MotorControl/r_divider_bus_voltage_sensor.o
 .debug_aranges
                0x0000000000000f30       0x50 ./Middlewares/MotorControl/ramp_ext_mngr.o
 .debug_aranges
                0x0000000000000f80       0x68 ./Middlewares/MotorControl/speed_pos_fdbk.o
 .debug_aranges
                0x0000000000000fe8       0xb0 ./Middlewares/MotorControl/speed_torq_ctrl.o

.debug_str      0x0000000000000000    0x7859e
 .debug_str     0x0000000000000000       0x92 ./Application/Startup/startup_stm32f031c6tx.o
 .debug_str     0x0000000000000092    0x66146 ./Application/User/aspep.o
                                      0x66719 (size before relaxing)
 .debug_str     0x00000000000661d8      0x866 ./Application/User/hall_speed_pos_fdbk.o
                                      0x62b60 (size before relaxing)
 .debug_str     0x0000000000066a3e     0x2142 ./Application/User/main.o
                                      0x6839b (size before relaxing)
 .debug_str     0x0000000000068b80     0x1465 ./Application/User/mc_api.o
                                      0x640b5 (size before relaxing)
 .debug_str     0x0000000000069fe5       0x97 ./Application/User/mc_app_hooks.o
                                      0x62290 (size before relaxing)
 .debug_str     0x000000000006a07c      0x655 ./Application/User/mc_config.o
                                      0x68977 (size before relaxing)
 .debug_str     0x000000000006a6d1     0x3180 ./Application/User/mc_configuration_registers.o
                                      0x698c7 (size before relaxing)
 .debug_str     0x000000000006d851      0x39a ./Application/User/mc_interface.o
                                      0x678bf (size before relaxing)
 .debug_str     0x000000000006dbeb      0x95d ./Application/User/mc_math.o
                                      0x64ee3 (size before relaxing)
 .debug_str     0x000000000006e548       0x56 ./Application/User/mc_parameters.o
                                      0x676f5 (size before relaxing)
 .debug_str     0x000000000006e59e      0x978 ./Application/User/mc_tasks.o
                                      0x69b9b (size before relaxing)
 .debug_str     0x000000000006ef16      0x125 ./Application/User/mcp_config.o
                                      0x66ab5 (size before relaxing)
 .debug_str     0x000000000006f03b       0x9c ./Application/User/motorcontrol.o
                                      0x6817c (size before relaxing)
 .debug_str     0x000000000006f0d7      0x3ad ./Application/User/pwm_curr_fdbk.o
                                      0x64dff (size before relaxing)
 .debug_str     0x000000000006f484      0x8c3 ./Application/User/r1_ps_pwm_curr_fdbk.o
                                      0x635f9 (size before relaxing)
 .debug_str     0x000000000006fd47     0x317c ./Application/User/register_interface.o
                                      0x6e20a (size before relaxing)
 .debug_str     0x0000000000072ec3      0x2a8 ./Application/User/regular_conversion_manager.o
                                      0x634a6 (size before relaxing)
 .debug_str     0x000000000007316b       0x66 ./Application/User/stm32f0xx_hal_msp.o
                                      0x674c4 (size before relaxing)
 .debug_str     0x00000000000731d1      0x31c ./Application/User/stm32f0xx_mc_it.o
                                      0x68493 (size before relaxing)
 .debug_str     0x00000000000734ed      0x103 ./Application/User/usart_aspep_driver.o
                                      0x61e25 (size before relaxing)
 .debug_str     0x00000000000735f0       0xb5 ./Drivers/CMSIS/system_stm32f0xx.o
                                      0x558aa (size before relaxing)
 .debug_str     0x00000000000736a5      0x353 ./Drivers/STM32F0xx_HAL_Driver/stm32f0xx_hal.o
                                      0x55e21 (size before relaxing)
 .debug_str     0x00000000000739f8      0x168 ./Drivers/STM32F0xx_HAL_Driver/stm32f0xx_hal_cortex.o
                                      0x55c04 (size before relaxing)
 .debug_str     0x0000000000073b60      0x38c ./Drivers/STM32F0xx_HAL_Driver/stm32f0xx_hal_rcc.o
                                      0x55ceb (size before relaxing)
 .debug_str     0x0000000000073eec      0x9a0 ./Drivers/STM32F0xx_HAL_Driver/stm32f0xx_ll_adc.o
                                      0x5a800 (size before relaxing)
 .debug_str     0x000000000007488c      0x32c ./Drivers/STM32F0xx_HAL_Driver/stm32f0xx_ll_exti.o
                                      0x5602c (size before relaxing)
 .debug_str     0x0000000000074bb8      0x51c ./Drivers/STM32F0xx_HAL_Driver/stm32f0xx_ll_gpio.o